Component: ARM Compiler 5.06 update 6 (build 750) Tool: armlink [4d35ed]

==============================================================================

Section Cross References

    startup_stm32f051.o(RESET) refers to startup_stm32f051.o(STACK) for __initial_sp
    startup_stm32f051.o(RESET) refers to startup_stm32f051.o(.text) for Reset_Handler
    startup_stm32f051.o(RESET) refers to stm32fxxx_misc.o(i.SysTick_Handler) for SysTick_Handler
    startup_stm32f051.o(RESET) refers to stm32fxxx_serial.o(i.USART1_IRQHandler) for USART1_IRQHandler
    startup_stm32f051.o(RESET) refers to stm32fxxx_serial.o(i.USART2_IRQHandler) for USART2_IRQHandler
    startup_stm32f051.o(.text) refers to system_stm32f0xx.o(i.SystemInit) for SystemInit
    startup_stm32f051.o(.text) refers to entry.o(.ARM.Collect$$$$00000000) for __main
    system_stm32f0xx.o(i.SystemCoreClockUpdate) refers to uidiv.o(.text) for __aeabi_uidivmod
    system_stm32f0xx.o(i.SystemCoreClockUpdate) refers to system_stm32f0xx.o(.data) for SystemCoreClock
    system_stm32f0xx.o(i.SystemInit) refers to system_stm32f0xx.o(i.SetSysClock) for SetSysClock
    app.o(i.main) refers to stm32fxxx_misc.o(i.SysTick_HandleInit) for SysTick_HandleInit
    app.o(i.main) refers to platform_ht1621.o(i.HT1621_Init) for HT1621_Init
    app.o(i.main) refers to rtc.o(i.rtc_init) for rtc_init
    app.o(i.main) refers to chordtone.o(i.ChordTone_Init) for ChordTone_Init
    app.o(i.main) refers to keyboard.o(i.KeyBoard_Init) for KeyBoard_Init
    app.o(i.main) refers to platform_extpin.o(i.Cooker_ExtPinGPIOInit) for Cooker_ExtPinGPIOInit
    app.o(i.main) refers to gasstove_service.o(i.GasStove_Init) for GasStove_Init
    app.o(i.main) refers to platform_sx1212.o(i.SX1212_DevInit) for SX1212_DevInit
    app.o(i.main) refers to sx1212.o(i.InitSX1212) for InitSX1212
    app.o(i.main) refers to sx1212.o(i._SpiConfig) for _SpiConfig
    app.o(i.main) refers to platform_extpin.o(i.FanRotation_Service) for FanRotation_Service
    app.o(i.main) refers to ht1621.o(i.HT1621_SignService) for HT1621_SignService
    app.o(i.main) refers to sx1212.o(i.ReceiveRfFrame) for ReceiveRfFrame
    app.o(i.main) refers to cooker_parse.o(i.Cooker_Parse) for Cooker_Parse
    app.o(i.main) refers to chordtone.o(i.ChordTone_CtrlService) for ChordTone_CtrlService
    app.o(i.main) refers to keyboard.o(i.KeyBoard_Service) for KeyBoard_Service
    app.o(i.main) refers to gasstove_service.o(i.GasStove_DisplayService) for GasStove_DisplayService
    app.o(i.main) refers to cooker_extafn.o(i.GasStove_FireStateChkService) for GasStove_FireStateChkService
    app.o(i.main) refers to cooker_extafn.o(i.GasStove_GasBatStateChkService) for GasStove_GasBatStateChkService
    app.o(i.main) refers to app.o(.data) for i
    app.o(i.main) refers to sx1212.o(.bss) for RF_Pkt
    gasstove_service.o(i.GasStove_AlarmChk) refers to platform_extpin.o(i.GasStove_FanRotation) for GasStove_FanRotation
    gasstove_service.o(i.GasStove_AlarmChk) refers to ht1621.o(i.Led_DisplayOn) for Led_DisplayOn
    gasstove_service.o(i.GasStove_AlarmChk) refers to ht1621.o(i.Led_DisplayOff) for Led_DisplayOff
    gasstove_service.o(i.GasStove_AlarmChk) refers to cooker_extafn.o(i.GasStove_FireState) for GasStove_FireState
    gasstove_service.o(i.GasStove_AlarmChk) refers to stm32fxxx_misc.o(i.BSP_OS_Timeout) for BSP_OS_Timeout
    gasstove_service.o(i.GasStove_AlarmChk) refers to cooker_extafn.o(i.GasStove_Flameout) for GasStove_Flameout
    gasstove_service.o(i.GasStove_AlarmChk) refers to stm32fxxx_misc.o(i.BSP_OS_TimeGet) for BSP_OS_TimeGet
    gasstove_service.o(i.GasStove_AlarmChk) refers to chordtone.o(i.ChordTone_Start) for ChordTone_Start
    gasstove_service.o(i.GasStove_AlarmChk) refers to gasstove_service.o(.data) for uiGasStove_Timing
    gasstove_service.o(i.GasStove_DisRTC) refers to stm32fxxx_misc.o(i.BSP_OS_Timeout) for BSP_OS_Timeout
    gasstove_service.o(i.GasStove_DisRTC) refers to stm32fxxx_misc.o(i.BSP_OS_TimeGet) for BSP_OS_TimeGet
    gasstove_service.o(i.GasStove_DisRTC) refers to ht1621.o(i.LED_SEG_Update) for LED_SEG_Update
    gasstove_service.o(i.GasStove_DisRTC) refers to ht1621.o(i.LED_SEGBlinkSet) for LED_SEGBlinkSet
    gasstove_service.o(i.GasStove_DisRTC) refers to rtc.o(i.get_rtc) for get_rtc
    gasstove_service.o(i.GasStove_DisRTC) refers to idiv.o(.text) for __aeabi_idivmod
    gasstove_service.o(i.GasStove_DisRTC) refers to gasstove_service.o(.data) for uiGasStove_DisDly
    gasstove_service.o(i.GasStove_DisSet) refers to stm32fxxx_misc.o(i.BSP_OS_Timeout) for BSP_OS_Timeout
    gasstove_service.o(i.GasStove_DisSet) refers to gasstove_service.o(i.SettingTiming_Ensure) for SettingTiming_Ensure
    gasstove_service.o(i.GasStove_DisSet) refers to cooker_extafn.o(i.Cooker_SysIdMatchResult) for Cooker_SysIdMatchResult
    gasstove_service.o(i.GasStove_DisSet) refers to gasstove_service.o(.data) for bGasStove_TimingSetEn
[...]
    ..\STM32Lib\STM32_Device_Lib\CMSIS\CM0\Device\ST\STM32F0xx\Source\Templates\system_stm32f0xx.c 0x00000000   Number         0  system_stm32f0xx.o ABSOLUTE
    ..\STM32Lib\STM32_Device_Lib\STM32F0xx_StdPeriph_Driver\src\stm32f0xx_crc.c 0x00000000   Number         0  stm32f0xx_crc.o ABSOLUTE
    ..\STM32Lib\STM32_Device_Lib\STM32F0xx_StdPeriph_Driver\src\stm32f0xx_flash.c 0x00000000   Number         0  stm32f0xx_flash.o ABSOLUTE
    ..\STM32Lib\STM32_Device_Lib\STM32F0xx_StdPeriph_Driver\src\stm32f0xx_gpio.c 0x00000000   Number         0  stm32f0xx_gpio.o ABSOLUTE
    ..\STM32Lib\STM32_Device_Lib\STM32F0xx_StdPeriph_Driver\src\stm32f0xx_iwdg.c 0x00000000   Number         0  stm32f0xx_iwdg.o ABSOLUTE
    ..\STM32Lib\STM32_Device_Lib\STM32F0xx_StdPeriph_Driver\src\stm32f0xx_misc.c 0x00000000   Number         0  stm32f0xx_misc.o ABSOLUTE
    ..\STM32Lib\STM32_Device_Lib\STM32F0xx_StdPeriph_Driver\src\stm32f0xx_pwr.c 0x00000000   Number         0  stm32f0xx_pwr.o ABSOLUTE
    ..\STM32Lib\STM32_Device_Lib\STM32F0xx_StdPeriph_Driver\src\stm32f0xx_rcc.c 0x00000000   Number         0  stm32f0xx_rcc.o ABSOLUTE
    ..\STM32Lib\STM32_Device_Lib\STM32F0xx_StdPeriph_Driver\src\stm32f0xx_rtc.c 0x00000000   Number         0  stm32f0xx_rtc.o ABSOLUTE
    ..\STM32Lib\STM32_Device_Lib\STM32F0xx_StdPeriph_Driver\src\stm32f0xx_tim.c 0x00000000   Number         0  stm32f0xx_tim.o ABSOLUTE
    ..\STM32Lib\STM32_Device_Lib\STM32F0xx_StdPeriph_Driver\src\stm32f0xx_usart.c 0x00000000   Number         0  stm32f0xx_usart.o ABSOLUTE
    ..\STM32Lib\UserLib\CookerParse\Cooker_ExtAFN.c 0x00000000   Number         0  cooker_extafn.o ABSOLUTE
    ..\STM32Lib\UserLib\CookerParse\Cooker_Parse.c 0x00000000   Number         0  cooker_parse.o ABSOLUTE
    ..\STM32Lib\UserLib\cpu\src\STM32Fxx_Flash.c 0x00000000   Number         0  stm32fxx_flash.o ABSOLUTE
    ..\STM32Lib\UserLib\cpu\src\STM32Fxxx_Misc.c 0x00000000   Number         0  stm32fxxx_misc.o ABSOLUTE
    ..\STM32Lib\UserLib\cpu\src\STM32Fxxx_RTC.c 0x00000000   Number         0  stm32fxxx_rtc.o ABSOLUTE
    ..\STM32Lib\UserLib\cpu\src\STM32Fxxx_Serial.c 0x00000000   Number         0  stm32fxxx_serial.o ABSOLUTE
    ..\STM32Lib\UserLib\device\src\ChordTone.c 0x00000000   Number         0  chordtone.o ABSOLUTE
    ..\STM32Lib\UserLib\device\src\HT1621.c  0x00000000   Number         0  ht1621.o ABSOLUTE
    ..\STM32Lib\UserLib\device\src\KeyBoard.c 0x00000000   Number         0  keyboard.o ABSOLUTE
    ..\STM32Lib\UserLib\device\src\SX1212.c  0x00000000   Number         0  sx1212.o ABSOLUTE
    ..\STM32Lib\UserLib\device\src\rtc.c     0x00000000   Number         0  rtc.o ABSOLUTE
    ..\STM32Lib\UserLib\utilities\src\Crc32EthernetSTM32.c 0x00000000   Number         0  crc32ethernetstm32.o ABSOLUTE
    ..\STM32Lib\UserLib\utilities\src\StringOperate.c 0x00000000   Number         0  stringoperate.o ABSOLUTE
    ..\STM32Lib\UserLib\utilities\src\crc.c  0x00000000   Number         0  crc.o ABSOLUTE
    ..\STM32Lib\UserLib\utilities\src\utilities.c 0x00000000   Number         0  utilities.o ABSOLUTE
    ..\\STM32Lib\\STM32_Device_Lib\\CMSIS\\CM0\\Device\\ST\\STM32F0xx\\Source\\Templates\\system_stm32f0xx.c 0x00000000   Number         0  system_stm32f0xx.o ABSOLUTE
    ..\\STM32Lib\\STM32_Device_Lib\\STM32F0xx_StdPeriph_Driver\\src\\stm32f0xx_crc.c 0x00000000   Number         0  stm32f0xx_crc.o ABSOLUTE
    ..\\STM32Lib\\STM32_Device_Lib\\STM32F0xx_StdPeriph_Driver\\src\\stm32f0xx_flash.c 0x00000000   Number         0  stm32f0xx_flash.o ABSOLUTE
    ..\\STM32Lib\\STM32_Device_Lib\\STM32F0xx_StdPeriph_Driver\\src\\stm32f0xx_gpio.c 0x00000000   Number         0  stm32f0xx_gpio.o ABSOLUTE
    ..\\STM32Lib\\STM32_Device_Lib\\STM32F0xx_StdPeriph_Driver\\src\\stm32f0xx_iwdg.c 0x00000000   Number         0  stm32f0xx_iwdg.o ABSOLUTE
    ..\\STM32Lib\\STM32_Device_Lib\\STM32F0xx_StdPeriph_Driver\\src\\stm32f0xx_misc.c 0x00000000   Number         0  stm32f0xx_misc.o ABSOLUTE
    ..\\STM32Lib\\STM32_Device_Lib\\STM32F0xx_StdPeriph_Driver\\src\\stm32f0xx_pwr.c 0x00000000   Number         0  stm32f0xx_pwr.o ABSOLUTE
    ..\\STM32Lib\\STM32_Device_Lib\\STM32F0xx_StdPeriph_Driver\\src\\stm32f0xx_rcc.c 0x00000000   Number         0  stm32f0xx_rcc.o ABSOLUTE
    ..\\STM32Lib\\STM32_Device_Lib\\STM32F0xx_StdPeriph_Driver\\src\\stm32f0xx_rtc.c 0x00000000   Number         0  stm32f0xx_rtc.o ABSOLUTE
    ..\\STM32Lib\\STM32_Device_Lib\\STM32F0xx_StdPeriph_Driver\\src\\stm32f0xx_tim.c 0x00000000   Number         0  stm32f0xx_tim.o ABSOLUTE
    ..\\STM32Lib\\STM32_Device_Lib\\STM32F0xx_StdPeriph_Driver\\src\\stm32f0xx_usart.c 0x00000000   Number         0  stm32f0xx_usart.o ABSOLUTE
    ..\\STM32Lib\\UserLib\\cpu\\src\\STM32Fxx_Flash.c 0x00000000   Number         0  stm32fxx_flash.o ABSOLUTE
    ..\\STM32Lib\\UserLib\\cpu\\src\\STM32Fxxx_Misc.c 0x00000000   Number         0  stm32fxxx_misc.o ABSOLUTE
    ..\\STM32Lib\\UserLib\\cpu\\src\\STM32Fxxx_RTC.c 0x00000000   Number         0  stm32fxxx_rtc.o ABSOLUTE
    ..\\STM32Lib\\UserLib\\cpu\\src\\STM32Fxxx_Serial.c 0x00000000   Number         0  stm32fxxx_serial.o ABSOLUTE
    ..\\STM32Lib\\UserLib\\device\\src\\KeyBoard.c 0x00000000   Number         0  keyboard.o ABSOLUTE
    ..\\STM32Lib\\UserLib\\utilities\\src\\Crc32EthernetSTM32.c 0x00000000   Number         0  crc32ethernetstm32.o ABSOLUTE
    ..\\app\\src\\app.c                      0x00000000   Number         0  app.o ABSOLUTE
    ..\\platform\\platform_ChordTone.c       0x00000000   Number         0  platform_chordtone.o ABSOLUTE
    ..\\platform\\platform_ExtPin.c          0x00000000   Number         0  platform_extpin.o ABSOLUTE
    ..\\platform\\platform_HT1621.c          0x00000000   Number         0  platform_ht1621.o ABSOLUTE
    ..\\platform\\platform_SX1212.c          0x00000000   Number         0  platform_sx1212.o ABSOLUTE
    ..\app\src\GasStove_Service.c            0x00000000   Number         0  gasstove_service.o ABSOLUTE
    ..\app\src\app.c                         0x00000000   Number         0  app.o ABSOLUTE
    ..\platform\platform_ChordTone.c         0x00000000   Number         0  platform_chordtone.o ABSOLUTE
    ..\platform\platform_ExtPin.c            0x00000000   Number         0  platform_extpin.o ABSOLUTE
    ..\platform\platform_HT1621.c            0x00000000   Number         0  platform_ht1621.o ABSOLUTE
    ..\platform\platform_SX1212.c            0x00000000   Number         0  platform_sx1212.o ABSOLUTE
    dc.s                                     0x00000000   Number         0  dc.o ABSOLUTE
    handlers.s                               0x00000000   Number         0  handlers.o ABSOLUTE
    init.s                                   0x00000000   Number         0  init.o ABSOLUTE
    RESET                                    0x08000000   Section      192  startup_stm32f051.o(RESET)
    .ARM.Collect$$$$00000000                 0x080000c0   Section        0  entry.o(.ARM.Collect$$$$00000000)
    .ARM.Collect$$$$00000001                 0x080000c0   Section        4  entry2.o(.ARM.Collect$$$$00000001)
    .ARM.Collect$$$$00000004                 0x080000c4   Section        4  entry5.o(.ARM.Collect$$$$00000004)
    .ARM.Collect$$$$00000008                 0x080000c8   Section        0  entry7b.o(.ARM.Collect$$$$00000008)
    .ARM.Collect$$$$0000000A                 0x080000c8   Section        0  entry8b.o(.ARM.Collect$$$$0000000A)
    .ARM.Collect$$$$0000000B                 0x080000c8   Section        8  entry9a.o(.ARM.Collect$$$$0000000B)
    .ARM.Collect$$$$0000000D                 0x080000d0   Section        0  entry10a.o(.ARM.Collect$$$$0000000D)
    .ARM.Collect$$$$0000000F                 0x080000d0   Section        0  entry11a.o(.ARM.Collect$$$$0000000F)
    .ARM.Collect$$$$00002712                 0x080000d0   Section        4  entry2.o(.ARM.Collect$$$$00002712)
    __lit__00000000                          0x080000d0   Data           4  entry2.o(.ARM.Collect$$$$00002712)
    .text                                    0x080000d4   Section       28  startup_stm32f051.o(.text)
    .text                                    0x080000f0   Section        0  uidiv.o(.text)
    .text                                    0x0800011c   Section        0  idiv.o(.text)
    .text                                    0x08000144   Section        0  memcpya.o(.text)
    .text                                    0x08000168   Section        0  memseta.o(.text)
    .text                                    0x0800018c   Section       36  init.o(.text)
    .text                                    0x080001b0   Section        0  __dczerorl2.o(.text)
    i.BSP_OS_TimeDlyMs                       0x08000208   Section        0  stm32fxxx_misc.o(i.BSP_OS_TimeDlyMs)
    i.BSP_OS_TimeGet                         0x08000220   Section        0  stm32fxxx_misc.o(i.BSP_OS_TimeGet)
    i.BSP_OS_Timeout                         0x08000230   Section        0  stm32fxxx_misc.o(i.BSP_OS_Timeout)
    i.BSP_RTCGet                             0x0800024c   Section        0  stm32fxxx_rtc.o(i.BSP_RTCGet)
    i.BSP_RTCSet                             0x08000288   Section        0  stm32fxxx_rtc.o(i.BSP_RTCSet)
    i.BuildPacket                            0x080002d0   Section        0  sx1212.o(i.BuildPacket)
    i.Buzzer_GPIOInit                        0x0800031c   Section        0  platform_chordtone.o(i.Buzzer_GPIOInit)
    i.Buzzer_PwrOff                          0x0800034c   Section        0  platform_chordtone.o(i.Buzzer_PwrOff)
    i.CRC_CalcBlockCRC                       0x08000360   Section        0  stm32f0xx_crc.o(i.CRC_CalcBlockCRC)
    i.CRC_CalcCRC                            0x08000384   Section        0  stm32f0xx_crc.o(i.CRC_CalcCRC)
    i.CRC_ResetDR                            0x08000394   Section        0  stm32f0xx_crc.o(i.CRC_ResetDR)
    i.CheckRTCRight                          0x080003a8   Section        0  utilities.o(i.CheckRTCRight)
    i.ChordTone_CtrlService                  0x08000452   Section        0  chordtone.o(i.ChordTone_CtrlService)
    i.ChordTone_Init                         0x08000454   Section        0  chordtone.o(i.ChordTone_Init)
    i.ChordTone_PWMDevInit                   0x08000464   Section        0  platform_chordtone.o(i.ChordTone_PWMDevInit)
    i.ChordTone_Start                        0x080004a0   Section        0  chordtone.o(i.ChordTone_Start)
    i.CookerParse_Addr                       0x080004a4   Section        0  cooker_parse.o(i.CookerParse_Addr)
    CookerParse_Addr                         0x080004a5   Thumb Code    40  cooker_parse.o(i.CookerParse_Addr)
    i.CookerParse_Check                      0x080004d8   Section        0  cooker_parse.o(i.CookerParse_Check)
    CookerParse_Check                        0x080004d9   Thumb Code    62  cooker_parse.o(i.CookerParse_Check)
    i.CookerParse_Cmd                        0x08000528   Section        0  cooker_parse.o(i.CookerParse_Cmd)
    CookerParse_Cmd                          0x08000529   Thumb Code    28  cooker_parse.o(i.CookerParse_Cmd)
    i.CookerParse_Header                     0x0800054c   Section        0  cooker_parse.o(i.CookerParse_Header)
    CookerParse_Header                       0x0800054d   Thumb Code    22  cooker_parse.o(i.CookerParse_Header)
    i.CookerParse_Length                     0x08000568   Section        0  cooker_parse.o(i.CookerParse_Length)
    CookerParse_Length                       0x08000569   Thumb Code    12  cooker_parse.o(i.CookerParse_Length)
    i.CookerParse_Nop                        0x0800057c   Section        0  cooker_parse.o(i.CookerParse_Nop)
    CookerParse_Nop                          0x0800057d   Thumb Code     2  cooker_parse.o(i.CookerParse_Nop)
    i.CookerParse_Payload                    0x08000580   Section        0  cooker_parse.o(i.CookerParse_Payload)
    CookerParse_Payload                      0x08000581   Thumb Code    52  cooker_parse.o(i.CookerParse_Payload)
    i.Cooker_AFNChk                          0x080005c0   Section        0  cooker_extafn.o(i.Cooker_AFNChk)
    i.Cooker_ExtPinGPIOInit                  0x080006d0   Section        0  platform_extpin.o(i.Cooker_ExtPinGPIOInit)
    i.Cooker_GetId                           0x0800070a   Section        0  cooker_parse.o(i.Cooker_GetId)
    i.Cooker_Load                            0x08000720   Section        0  cooker_parse.o(i.Cooker_Load)
    i.Cooker_Parse                           0x080007dc   Section        0  cooker_parse.o(i.Cooker_Parse)
    i.Cooker_SysIdMatch                      0x08000874   Section        0  cooker_extafn.o(i.Cooker_SysIdMatch)
    i.Cooker_SysIdMatchResult                0x08000894   Section        0  cooker_extafn.o(i.Cooker_SysIdMatchResult)
    i.Cooker_WirelessSendLoad                0x080008a0   Section        0  cooker_parse.o(i.Cooker_WirelessSendLoad)
    i.FLASH_ClearFlag                        0x080008c0   Section        0  stm32f0xx_flash.o(i.FLASH_ClearFlag)
    i.FLASH_ErasePage                        0x080008cc   Section        0  stm32f0xx_flash.o(i.FLASH_ErasePage)
    i.FLASH_GetStatus                        0x08000918   Section        0  stm32f0xx_flash.o(i.FLASH_GetStatus)
    i.FLASH_Lock                             0x08000954   Section        0  stm32f0xx_flash.o(i.FLASH_Lock)
    i.FLASH_ProgramWord                      0x08000968   Section        0  stm32f0xx_flash.o(i.FLASH_ProgramWord)
    i.FLASH_Unlock                           0x080009d4   Section        0  stm32f0xx_flash.o(i.FLASH_Unlock)
    i.FLASH_WaitForLastOperation             0x080009f8   Section        0  stm32f0xx_flash.o(i.FLASH_WaitForLastOperation)
    i.FanRotation_Level                      0x08000a20   Section        0  platform_extpin.o(i.FanRotation_Level)
    FanRotation_Level                        0x08000a21   Thumb Code    24  platform_extpin.o(i.FanRotation_Level)
    i.FanRotation_Service                    0x08000a38   Section        0  platform_extpin.o(i.FanRotation_Service)
    i.GPIO_Init                              0x08000a7c   Section        0  stm32f0xx_gpio.o(i.GPIO_Init)
    i.GPIO_PinAFConfig                       0x08000b0c   Section        0  stm32f0xx_gpio.o(i.GPIO_PinAFConfig)
    i.GPIO_ReadInputDataBit                  0x08000b50   Section        0  stm32f0xx_gpio.o(i.GPIO_ReadInputDataBit)
    i.GPIO_ResetBits                         0x08000b64   Section        0  stm32f0xx_gpio.o(i.GPIO_ResetBits)
    i.GPIO_SetBits                           0x08000b68   Section        0  stm32f0xx_gpio.o(i.GPIO_SetBits)
    i.GasStove_AlarmChk                      0x08000b6c   Section        0  gasstove_service.o(i.GasStove_AlarmChk)
    GasStove_AlarmChk                        0x08000b6d   Thumb Code   382  gasstove_service.o(i.GasStove_AlarmChk)
    i.GasStove_DisRTC                        0x08000d28   Section        0  gasstove_service.o(i.GasStove_DisRTC)
    GasStove_DisRTC                          0x08000d29   Thumb Code   208  gasstove_service.o(i.GasStove_DisRTC)
    i.GasStove_DisSet                        0x08000e18   Section        0  gasstove_service.o(i.GasStove_DisSet)
    GasStove_DisSet                          0x08000e19   Thumb Code   102  gasstove_service.o(i.GasStove_DisSet)
    i.GasStove_DisSetButton                  0x08000e98   Section        0  gasstove_service.o(i.GasStove_DisSetButton)
    GasStove_DisSetButton                    0x08000e99   Thumb Code   338  gasstove_service.o(i.GasStove_DisSetButton)
    i.GasStove_DisSettingEndTime             0x08001034   Section        0  gasstove_service.o(i.GasStove_DisSettingEndTime)
    GasStove_DisSettingEndTime               0x08001035   Thumb Code    76  gasstove_service.o(i.GasStove_DisSettingEndTime)
    i.GasStove_DisSettingRTC                 0x08001088   Section        0  gasstove_service.o(i.GasStove_DisSettingRTC)
    GasStove_DisSettingRTC                   0x08001089   Thumb Code    16  gasstove_service.o(i.GasStove_DisSettingRTC)
    i.GasStove_DisSettingStartTime           0x0800109c   Section        0  gasstove_service.o(i.GasStove_DisSettingStartTime)
    GasStove_DisSettingStartTime             0x0800109d   Thumb Code    76  gasstove_service.o(i.GasStove_DisSettingStartTime)
    i.GasStove_DisTiming                     0x080010f0   Section        0  gasstove_service.o(i.GasStove_DisTiming)
    GasStove_DisTiming                       0x080010f1   Thumb Code   190  gasstove_service.o(i.GasStove_DisTiming)
    i.GasStove_DisplayService                0x080011cc   Section        0  gasstove_service.o(i.GasStove_DisplayService)
    i.GasStove_ExtEnsure                     0x08001274   Section        0  gasstove_service.o(i.GasStove_ExtEnsure)
    GasStove_ExtEnsure                       0x08001275   Thumb Code   260  gasstove_service.o(i.GasStove_ExtEnsure)
    i.GasStove_FanRotation                   0x080013b0   Section        0  platform_extpin.o(i.GasStove_FanRotation)
    i.GasStove_FireState                     0x080013bc   Section        0  cooker_extafn.o(i.GasStove_FireState)
    i.GasStove_FireStateChkService           0x080013c8   Section        0  cooker_extafn.o(i.GasStove_FireStateChkService)
    i.GasStove_Flameout                      0x080013fc   Section        0  cooker_extafn.o(i.GasStove_Flameout)
    i.GasStove_GasBatStateChkService         0x08001448   Section        0  cooker_extafn.o(i.GasStove_GasBatStateChkService)
    i.GasStove_GasSensor                     0x080014a8   Section        0  platform_extpin.o(i.GasStove_GasSensor)
    i.GasStove_GasSensorAlarmCancle          0x080014c0   Section        0  gasstove_service.o(i.GasStove_GasSensorAlarmCancle)
    GasStove_GasSensorAlarmCancle            0x080014c1   Thumb Code    18  gasstove_service.o(i.GasStove_GasSensorAlarmCancle)
    i.GasStove_GasSensorAlarmChk             0x080014d8   Section        0  gasstove_service.o(i.GasStove_GasSensorAlarmChk)
    GasStove_GasSensorAlarmChk               0x080014d9   Thumb Code   136  gasstove_service.o(i.GasStove_GasSensorAlarmChk)
    i.GasStove_Init                          0x08001570   Section        0  gasstove_service.o(i.GasStove_Init)
    i.GasStove_TimingIRQHandler              0x0800161c   Section        0  gasstove_service.o(i.GasStove_TimingIRQHandler)
    GasStove_TimingIRQHandler                0x0800161d   Thumb Code    48  gasstove_service.o(i.GasStove_TimingIRQHandler)
    i.HT1621_Delay                           0x08001658   Section        0  platform_ht1621.o(i.HT1621_Delay)
    HT1621_Delay                             0x08001659   Thumb Code    18  platform_ht1621.o(i.HT1621_Delay)
    i.HT1621_GPIOInit                        0x0800166c   Section        0  platform_ht1621.o(i.HT1621_GPIOInit)
    HT1621_GPIOInit                          0x0800166d   Thumb Code    92  platform_ht1621.o(i.HT1621_GPIOInit)
    i.HT1621_Init                            0x080016cc   Section        0  platform_ht1621.o(i.HT1621_Init)
    i.HT1621_SignService                     0x0800171c   Section        0  ht1621.o(i.HT1621_SignService)
    i.HT1621_WriteCmd                        0x08001798   Section        0  platform_ht1621.o(i.HT1621_WriteCmd)
    i.HT1621_WriteData                       0x08001852   Section        0  platform_ht1621.o(i.HT1621_WriteData)
    i.InitSX1212                             0x08001984   Section        0  sx1212.o(i.InitSX1212)
    i.KeyBoard_FunReg                        0x080019d0   Section        0  keyboard.o(i.KeyBoard_FunReg)
    i.KeyBoard_InState                       0x080019fc   Section        0  keyboard.o(i.KeyBoard_InState)
    i.KeyBoard_Init                          0x08001a5c   Section        0  keyboard.o(i.KeyBoard_Init)
    i.KeyBoard_Service                       0x08001ad4   Section        0  keyboard.o(i.KeyBoard_Service)
    i.LED_SEGBlinkSet                        0x08001bf8   Section        0  ht1621.o(i.LED_SEGBlinkSet)
    i.LED_SEG_Service                        0x08001c1c   Section        0  ht1621.o(i.LED_SEG_Service)
    LED_SEG_Service                          0x08001c1d   Thumb Code   258  ht1621.o(i.LED_SEG_Service)
    i.LED_SEG_Update                         0x08001d40   Section        0  ht1621.o(i.LED_SEG_Update)
    i.LeapYear                               0x08001d50   Section        0  utilities.o(i.LeapYear)
    i.Led_Display                            0x08001d8c   Section        0  ht1621.o(i.Led_Display)
    Led_Display                              0x08001d8d   Thumb Code   332  ht1621.o(i.Led_Display)
    i.Led_DisplayOff                         0x08001edc   Section        0  ht1621.o(i.Led_DisplayOff)
    i.Led_DisplayOn                          0x08001eec   Section        0  ht1621.o(i.Led_DisplayOn)
    i.Led_DisplayService                     0x08001efc   Section        0  ht1621.o(i.Led_DisplayService)
    Led_DisplayService                       0x08001efd   Thumb Code   654  ht1621.o(i.Led_DisplayService)
    i.NVIC_SetPriority                       0x080021b8   Section        0  stm32fxxx_misc.o(i.NVIC_SetPriority)
    NVIC_SetPriority                         0x080021b9   Thumb Code   110  stm32fxxx_misc.o(i.NVIC_SetPriority)
    i.PWR_BackupAccessCmd                    0x08002230   Section        0  stm32f0xx_pwr.o(i.PWR_BackupAccessCmd)
    i.RCC_AHBPeriphClockCmd                  0x08002258   Section        0  stm32f0xx_rcc.o(i.RCC_AHBPeriphClockCmd)
    i.RCC_APB1PeriphClockCmd                 0x08002278   Section        0  stm32f0xx_rcc.o(i.RCC_APB1PeriphClockCmd)
    i.RCC_GetFlagStatus                      0x08002298   Section        0  stm32f0xx_rcc.o(i.RCC_GetFlagStatus)
    i.RCC_LSEConfig                          0x080022e0   Section        0  stm32f0xx_rcc.o(i.RCC_LSEConfig)
    i.RCC_RTCCLKCmd                          0x08002308   Section        0  stm32f0xx_rcc.o(i.RCC_RTCCLKCmd)
    i.RCC_RTCCLKConfig                       0x08002330   Section        0  stm32f0xx_rcc.o(i.RCC_RTCCLKConfig)
    i.RTC_Bcd2ToByte                         0x08002340   Section        0  stm32f0xx_rtc.o(i.RTC_Bcd2ToByte)
    RTC_Bcd2ToByte                           0x08002341   Thumb Code    26  stm32f0xx_rtc.o(i.RTC_Bcd2ToByte)
    i.RTC_ByteToBcd2                         0x0800235a   Section        0  stm32f0xx_rtc.o(i.RTC_ByteToBcd2)
    RTC_ByteToBcd2                           0x0800235b   Thumb Code    28  stm32f0xx_rtc.o(i.RTC_ByteToBcd2)
    i.RTC_ClearFlag                          0x08002378   Section        0  stm32f0xx_rtc.o(i.RTC_ClearFlag)
    i.RTC_EnterInitMode                      0x08002398   Section        0  stm32f0xx_rtc.o(i.RTC_EnterInitMode)
    i.RTC_ExitInitMode                       0x080023f0   Section        0  stm32f0xx_rtc.o(i.RTC_ExitInitMode)
    i.RTC_GetDate                            0x08002404   Section        0  stm32f0xx_rtc.o(i.RTC_GetDate)
    i.RTC_GetTime                            0x08002464   Section        0  stm32f0xx_rtc.o(i.RTC_GetTime)
    i.RTC_Init                               0x080024c0   Section        0  stm32f0xx_rtc.o(i.RTC_Init)
    i.RTC_ReadBackupRegister                 0x08002518   Section        0  stm32f0xx_rtc.o(i.RTC_ReadBackupRegister)
    i.RTC_SetDate                            0x08002538   Section        0  stm32f0xx_rtc.o(i.RTC_SetDate)
    i.RTC_SetTime                            0x08002608   Section        0  stm32f0xx_rtc.o(i.RTC_SetTime)
    i.RTC_WaitForSynchro                     0x080026e0   Section        0  stm32f0xx_rtc.o(i.RTC_WaitForSynchro)
    i.RTC_WriteBackupRegister                0x0800274c   Section        0  stm32f0xx_rtc.o(i.RTC_WriteBackupRegister)
    i.ReceiveRfFrame                         0x08002768   Section        0  sx1212.o(i.ReceiveRfFrame)
    i.STM32Fxx_FlashPageWrite                0x080027d0   Section        0  stm32fxx_flash.o(i.STM32Fxx_FlashPageWrite)
    i.STM32Fxxx_CountDelayus                 0x08002840   Section        0  stm32fxxx_misc.o(i.STM32Fxxx_CountDelayus)
    i.STM32Fxxx_FlashErase                   0x08002890   Section        0  stm32fxx_flash.o(i.STM32Fxxx_FlashErase)
    i.STM32Fxxx_FlashRead                    0x080028d2   Section        0  stm32fxx_flash.o(i.STM32Fxxx_FlashRead)
    i.STM32Fxxx_FlashWrite                   0x08002902   Section        0  stm32fxx_flash.o(i.STM32Fxxx_FlashWrite)
    i.STM32Fxxx_GetEtag                      0x08002960   Section        0  stm32fxxx_misc.o(i.STM32Fxxx_GetEtag)
    i.STM32Fxxx_RTCInit                      0x080029b4   Section        0  stm32fxxx_rtc.o(i.STM32Fxxx_RTCInit)
    i.STM32Fxxx_Serail_EventISR_Handler      0x08002a38   Section        0  stm32fxxx_serial.o(i.STM32Fxxx_Serail_EventISR_Handler)
    STM32Fxxx_Serail_EventISR_Handler        0x08002a39   Thumb Code    60  stm32fxxx_serial.o(i.STM32Fxxx_Serail_EventISR_Handler)
    i.SX1212_DelayMs                         0x08002a80   Section        0  platform_sx1212.o(i.SX1212_DelayMs)
    i.SX1212_Delayus                         0x08002a8c   Section        0  platform_sx1212.o(i.SX1212_Delayus)
    i.SX1212_DevInit                         0x08002a98   Section        0  platform_sx1212.o(i.SX1212_DevInit)
    i.SX1212_IRQ0Get                         0x08002b04   Section        0  platform_sx1212.o(i.SX1212_IRQ0Get)
    i.SX1212_IRQ1Get                         0x08002b1c   Section        0  platform_sx1212.o(i.SX1212_IRQ1Get)
    i.SX1212_MISOGet                         0x08002b34   Section        0  platform_sx1212.o(i.SX1212_MISOGet)
    i.SX1212_MOSISet                         0x08002b50   Section        0  platform_sx1212.o(i.SX1212_MOSISet)
    i.SX1212_NSSCfgSet                       0x08002b70   Section        0  platform_sx1212.o(i.SX1212_NSSCfgSet)
    i.SX1212_NSSDataSet                      0x08002b90   Section        0  platform_sx1212.o(i.SX1212_NSSDataSet)
    i.SX1212_SCKSet                          0x08002bb0   Section        0  platform_sx1212.o(i.SX1212_SCKSet)
    i.SendRfFrame                            0x08002bd0   Section        0  sx1212.o(i.SendRfFrame)
    i.SetRFMode                              0x08002c2c   Section        0  sx1212.o(i.SetRFMode)
    i.SetSysClock                            0x08002e10   Section        0  system_stm32f0xx.o(i.SetSysClock)
    SetSysClock                              0x08002e11   Thumb Code   206  system_stm32f0xx.o(i.SetSysClock)
    i.SettingEndTime_Ensure                  0x08002ee8   Section        0  gasstove_service.o(i.SettingEndTime_Ensure)
    SettingEndTime_Ensure                    0x08002ee9   Thumb Code   106  gasstove_service.o(i.SettingEndTime_Ensure)
    i.SettingRTC_AddHour                     0x08002f60   Section        0  gasstove_service.o(i.SettingRTC_AddHour)
    SettingRTC_AddHour                       0x08002f61   Thumb Code    64  gasstove_service.o(i.SettingRTC_AddHour)
    i.SettingRTC_AddMinute                   0x08002fa4   Section        0  gasstove_service.o(i.SettingRTC_AddMinute)
    SettingRTC_AddMinute                     0x08002fa5   Thumb Code    30  gasstove_service.o(i.SettingRTC_AddMinute)
    i.SettingRTC_AddTenMinute                0x08002fc8   Section        0  gasstove_service.o(i.SettingRTC_AddTenMinute)
    SettingRTC_AddTenMinute                  0x08002fc9   Thumb Code    30  gasstove_service.o(i.SettingRTC_AddTenMinute)
    i.SettingRTC_Ensure                      0x08002fec   Section        0  gasstove_service.o(i.SettingRTC_Ensure)
    SettingRTC_Ensure                        0x08002fed   Thumb Code   124  gasstove_service.o(i.SettingRTC_Ensure)
    i.SettingStartTime_Ensure                0x0800306c   Section        0  gasstove_service.o(i.SettingStartTime_Ensure)
    SettingStartTime_Ensure                  0x0800306d   Thumb Code   106  gasstove_service.o(i.SettingStartTime_Ensure)
    i.SettingStartTime_Hour                  0x080030e4   Section        0  gasstove_service.o(i.SettingStartTime_Hour)
    SettingStartTime_Hour                    0x080030e5   Thumb Code    36  gasstove_service.o(i.SettingStartTime_Hour)
    i.SettingStartTime_Minute                0x0800310c   Section        0  gasstove_service.o(i.SettingStartTime_Minute)
    SettingStartTime_Minute                  0x0800310d   Thumb Code    36  gasstove_service.o(i.SettingStartTime_Minute)
    i.SettingStartTime_TenMinute             0x08003134   Section        0  gasstove_service.o(i.SettingStartTime_TenMinute)
    SettingStartTime_TenMinute               0x08003135   Thumb Code    36  gasstove_service.o(i.SettingStartTime_TenMinute)
    i.SettingTiming_Cancle                   0x0800315c   Section        0  gasstove_service.o(i.SettingTiming_Cancle)
    SettingTiming_Cancle                     0x0800315d   Thumb Code    44  gasstove_service.o(i.SettingTiming_Cancle)
    i.SettingTiming_Ensure                   0x0800319c   Section        0  gasstove_service.o(i.SettingTiming_Ensure)
    SettingTiming_Ensure                     0x0800319d   Thumb Code   106  gasstove_service.o(i.SettingTiming_Ensure)
    i.SettingTiming_Hour                     0x08003228   Section        0  gasstove_service.o(i.SettingTiming_Hour)
    SettingTiming_Hour                       0x08003229   Thumb Code    76  gasstove_service.o(i.SettingTiming_Hour)
    i.SettingTiming_Minute                   0x0800328c   Section        0  gasstove_service.o(i.SettingTiming_Minute)
    SettingTiming_Minute                     0x0800328d   Thumb Code    76  gasstove_service.o(i.SettingTiming_Minute)
    i.SettingTiming_TenMinute                0x080032f0   Section        0  gasstove_service.o(i.SettingTiming_TenMinute)
    SettingTiming_TenMinute                  0x080032f1   Thumb Code    76  gasstove_service.o(i.SettingTiming_TenMinute)
    i.Setting_SysIdMatch                     0x08003354   Section        0  gasstove_service.o(i.Setting_SysIdMatch)
    Setting_SysIdMatch                       0x08003355   Thumb Code    34  gasstove_service.o(i.Setting_SysIdMatch)
    i.Setting_SysIdMatchEnsure               0x08003380   Section        0  gasstove_service.o(i.Setting_SysIdMatchEnsure)
    Setting_SysIdMatchEnsure                 0x08003381   Thumb Code    16  gasstove_service.o(i.Setting_SysIdMatchEnsure)
    i.Setting_SysIdMatchStart                0x08003394   Section        0  gasstove_service.o(i.Setting_SysIdMatchStart)
    Setting_SysIdMatchStart                  0x08003395   Thumb Code    58  gasstove_service.o(i.Setting_SysIdMatchStart)
    i.SpiInOut                               0x080033dc   Section        0  sx1212.o(i.SpiInOut)
    SpiInOut                                 0x080033dd   Thumb Code    70  sx1212.o(i.SpiInOut)
    i.SysTick_FunReg                         0x08003424   Section        0  stm32fxxx_misc.o(i.SysTick_FunReg)
    i.SysTick_HandleInit                     0x08003430   Section        0  stm32fxxx_misc.o(i.SysTick_HandleInit)
    i.SysTick_Handler                        0x08003474   Section        0  stm32fxxx_misc.o(i.SysTick_Handler)
    i.SystemInit                             0x08003498   Section        0  system_stm32f0xx.o(i.SystemInit)
    i.USART1_IRQHandler                      0x08003514   Section        0  stm32fxxx_serial.o(i.USART1_IRQHandler)
    i.USART2_IRQHandler                      0x0800351e   Section        0  stm32fxxx_serial.o(i.USART2_IRQHandler)
    i.USART_ClearITPendingBit                0x08003528   Section        0  stm32f0xx_usart.o(i.USART_ClearITPendingBit)
    i.USART_GetFlagStatus                    0x0800353a   Section        0  stm32f0xx_usart.o(i.USART_GetFlagStatus)
    i.USART_ReceiveData                      0x0800354e   Section        0  stm32f0xx_usart.o(i.USART_ReceiveData)
    i.Updata_Awaken_Config                   0x08003558   Section        0  sx1212.o(i.Updata_Awaken_Config)
    i.Updata_Normal_Config                   0x0800357c   Section        0  sx1212.o(i.Updata_Normal_Config)
    i._SpiConfig                             0x080035a0   Section        0  sx1212.o(i._SpiConfig)
    i.__ARM_common_switch8                   0x080035e0   Section        0  stm32fxxx_misc.o(i.__ARM_common_switch8)
    i.__scatterload_copy                     0x080035fc   Section       14  handlers.o(i.__scatterload_copy)
    i.__scatterload_null                     0x0800360a   Section        2  handlers.o(i.__scatterload_null)
    i.__scatterload_zeroinit                 0x0800360c   Section       14  handlers.o(i.__scatterload_zeroinit)
    i.cmp_buf                                0x0800361a   Section        0  utilities.o(i.cmp_buf)
    i.crc16_ccitt_byte                       0x08003640   Section        0  crc.o(i.crc16_ccitt_byte)
    i.crc32_ethernet_block                   0x0800365c   Section        0  crc32ethernetstm32.o(i.crc32_ethernet_block)
    i.get_rtc                                0x080036d6   Section        0  rtc.o(i.get_rtc)
    i.main                                   0x080036e8   Section        0  app.o(i.main)
    i.rtc_init                               0x080037d8   Section        0  rtc.o(i.rtc_init)
    i.set_rtc                                0x080037e0   Section        0  rtc.o(i.set_rtc)
    .constdata                               0x080037fc   Section       12  gasstove_service.o(.constdata)
    a_pfnGasStove_Service                    0x080037fc   Data          12  gasstove_service.o(.constdata)
    .constdata                               0x08003808   Section       16  stm32fxxx_misc.o(.constdata)
    STM32Fxxx_DelayCount                     0x08003808   Data           6  stm32fxxx_misc.o(.constdata)
    a_McuRstFlag                             0x0800380e   Data           5  stm32fxxx_misc.o(.constdata)
    a_eMCUResetType                          0x08003813   Data           5  stm32fxxx_misc.o(.constdata)
    .constdata                               0x08003818   Section       40  sx1212.o(.constdata)
    RegistersCfg                             0x08003818   Data          40  sx1212.o(.constdata)
    .constdata                               0x08003840   Section        6  keyboard.o(.constdata)
    a_ucKeyBoard_Code                        0x08003840   Data           6  keyboard.o(.constdata)
    .constdata                               0x08003846   Section       48  ht1621.o(.constdata)
    a_ucHT1621_SEG1Code                      0x08003846   Data          12  ht1621.o(.constdata)
    a_ucHT1621_SEG2Code                      0x08003852   Data          12  ht1621.o(.constdata)
    a_ucHT1621_SEG3Code                      0x0800385e   Data          12  ht1621.o(.constdata)
    a_ucHT1621_SEG4Code                      0x0800386a   Data          12  ht1621.o(.constdata)
    .constdata                               0x08003878   Section       28  cooker_parse.o(.constdata)
    a_pfnCooker_Parse                        0x08003878   Data          28  cooker_parse.o(.constdata)
    .constdata                               0x08003894   Section       56  platform_sx1212.o(.constdata)
    a_tSX1212_UseGPIO                        0x08003894   Data          56  platform_sx1212.o(.constdata)
    .constdata                               0x080038cc   Section      528  crc.o(.constdata)
    NMEA_CheckArray                          0x080038cc   Data          16  crc.o(.constdata)
    crc16_ccitt_table                        0x080038dc   Data         512  crc.o(.constdata)
    .data                                    0x20000000   Section       20  system_stm32f0xx.o(.data)
    .data                                    0x20000014   Section        1  app.o(.data)
    .data                                    0x20000018   Section      100  gasstove_service.o(.data)
    a_ucGasStove_LEDRTCBuffer                0x20000018   Data           4  gasstove_service.o(.data)
    a_ucGasStove_LEDTimeBuffer               0x2000001c   Data           4  gasstove_service.o(.data)
    a_ucGasStove_LEDParaTimeBuffer           0x20000020   Data           4  gasstove_service.o(.data)
    a_ucGasStove_LEDIdMatchBuffer            0x20000024   Data           4  gasstove_service.o(.data)
    ucGasStove_DisplayState                  0x20000028   Data           1  gasstove_service.o(.data)
    uiGasStove_DisDly                        0x2000002c   Data           4  gasstove_service.o(.data)
    uiGasStove_Timing                        0x20000030   Data           4  gasstove_service.o(.data)
    uiTimingCnt                              0x20000034   Data           4  gasstove_service.o(.data)
    bGasStove_TimingEnable                   0x20000038   Data           1  gasstove_service.o(.data)
    bGasStove_GasSensorState                 0x20000039   Data           1  gasstove_service.o(.data)
    uiGasStove_GasSensorDly                  0x2000003c   Data           4  gasstove_service.o(.data)
    tGasStove_Para                           0x20000040   Data           8  gasstove_service.o(.data)
    uiCooker_MatchIdWaitDly                  0x20000048   Data           4  gasstove_service.o(.data)
    bSetting_SysIdMatchState                 0x2000004c   Data           1  gasstove_service.o(.data)
    ucPressCnt                               0x2000004d   Data           1  gasstove_service.o(.data)
    uiGasStove_TimingEnDly                   0x20000050   Data           4  gasstove_service.o(.data)
    bGasStove_TimingSetEn                    0x20000054   Data           1  gasstove_service.o(.data)
    hour                                     0x20000055   Data           1  gasstove_service.o(.data)
    minute                                   0x20000056   Data           1  gasstove_service.o(.data)
    uiLastTiming                             0x20000058   Data           4  gasstove_service.o(.data)
    bGasStove_FireStart                      0x2000005c   Data           1  gasstove_service.o(.data)
    uiGasStove_FireStartDly                  0x20000060   Data           4  gasstove_service.o(.data)
    uiGasStove_EveryMinuteDly                0x20000064   Data           4  gasstove_service.o(.data)
    usGasStove_EndMinuteCnt                  0x20000068   Data           2  gasstove_service.o(.data)
    usGasStove_LastMinuteCnt                 0x2000006a   Data           2  gasstove_service.o(.data)
    bGasAlarmingState                        0x2000006c   Data           1  gasstove_service.o(.data)
    usGasAlarmingDly                         0x20000070   Data           4  gasstove_service.o(.data)
    bTimingOutState                          0x20000074   Data           1  gasstove_service.o(.data)
    usTimingOutDly                           0x20000078   Data           4  gasstove_service.o(.data)
    .data                                    0x2000007c   Section       16  stm32fxxx_serial.o(.data)
    Serial_PERIPH_ID                         0x2000007c   Data          16  stm32fxxx_serial.o(.data)
    .data                                    0x2000008c   Section        8  stm32fxxx_misc.o(.data)
    SysTick_Timer                            0x2000008c   Data           4  stm32fxxx_misc.o(.data)
    pfnSysTick_Fun                           0x20000090   Data           4  stm32fxxx_misc.o(.data)
    .data                                    0x20000094   Section        2  stm32fxx_flash.o(.data)
    FLASH_PAGE_SIZE                          0x20000094   Data           2  stm32fxx_flash.o(.data)
    .data                                    0x20000096   Section        2  sx1212.o(.data)
    pre_mode                                 0x20000096   Data           1  sx1212.o(.data)
    counter                                  0x20000097   Data           1  sx1212.o(.data)
    .data                                    0x20000098   Section        8  keyboard.o(.data)
    ucKeyBoard_State                         0x20000098   Data           1  keyboard.o(.data)
    ucKeyBoard_KeyValue                      0x20000099   Data           1  keyboard.o(.data)
    uiKeyBoard_DebounceDly                   0x2000009c   Data           4  keyboard.o(.data)
    .data                                    0x200000a0   Section       76  ht1621.o(.data)
    aucSEG_PreServiceValue                   0x200000a0   Data           6  ht1621.o(.data)
    aucSEG_CurServiceValue                   0x200000a6   Data           6  ht1621.o(.data)
    ucLed_DisValue                           0x200000ac   Data           1  ht1621.o(.data)
    uiLed_DisQuickBlinkDly                   0x200000b0   Data           4  ht1621.o(.data)
    uiLed_DisSlowBlinkDly                    0x200000b4   Data           4  ht1621.o(.data)
    uiLed_DisBatSlowBlinkDly                 0x200000b8   Data           4  ht1621.o(.data)
    p_ucLED_SEGValue                         0x200000bc   Data           4  ht1621.o(.data)
    bLED_SEGBlinkOnOff                       0x200000c0   Data           1  ht1621.o(.data)
    ucLED_SEGBlinkState                      0x200000c1   Data           1  ht1621.o(.data)
    uiLED_SEGBlinkDly                        0x200000c4   Data           4  ht1621.o(.data)
    ucLastValue                              0x200000c8   Data           1  ht1621.o(.data)
    ucPreValue                               0x200000c9   Data           1  ht1621.o(.data)
    bSlowBlinkState                          0x200000ca   Data           1  ht1621.o(.data)
    Bat_bSlowBlinkState                      0x200000cb   Data           1  ht1621.o(.data)
    bCurLEDState                             0x200000cc   Data           1  ht1621.o(.data)
    uiFanDly                                 0x200000d0   Data           4  ht1621.o(.data)
    bLED_DotBlinkState                       0x200000d4   Data           1  ht1621.o(.data)
    a_ucLED_Value                            0x200000d5   Data           4  ht1621.o(.data)
    a_pHT1621_CodeTab                        0x200000dc   Data          16  ht1621.o(.data)
    .data                                    0x200000ec   Section       46  cooker_extafn.o(.data)
    bGasStove_FireState                      0x200000ec   Data           1  cooker_extafn.o(.data)
    bCooker_SysIdMatchState                  0x200000ed   Data           1  cooker_extafn.o(.data)
    bGasStove_BatState                       0x200000ee   Data           1  cooker_extafn.o(.data)
    bGasStove_GasCtrlState                   0x200000ef   Data           1  cooker_extafn.o(.data)
    uiFireState_ChkDly                       0x200000f0   Data           4  cooker_extafn.o(.data)
    uiBatState_ChkDly                        0x200000f4   Data           4  cooker_extafn.o(.data)
    uiGasCtrlState_ChkDly                    0x200000f8   Data           4  cooker_extafn.o(.data)
    Awaken_data                              0x200000fc   Data          30  cooker_extafn.o(.data)
    .data                                    0x2000011c   Section       16  cooker_parse.o(.data)
    eCooker_State                            0x2000011c   Data           1  cooker_parse.o(.data)
    usCooker_ParseLength                     0x20000120   Data           4  cooker_parse.o(.data)
    usCooker_ParseCheck                      0x20000124   Data           4  cooker_parse.o(.data)
    delay                                    0x20000128   Data           4  cooker_parse.o(.data)
    .data                                    0x2000012c   Section        9  platform_extpin.o(.data)
    bFanRotation_RunState                    0x2000012c   Data           1  platform_extpin.o(.data)
    uiFanRotation_RunDelay                   0x20000130   Data           4  platform_extpin.o(.data)
    bLastState                               0x20000134   Data           1  platform_extpin.o(.data)
    .bss                                     0x20000138   Section       16  stm32fxxx_serial.o(.bss)
    Serial_RxHandler                         0x20000138   Data          16  stm32fxxx_serial.o(.bss)
    .bss                                     0x20000148   Section       33  sx1212.o(.bss)
    .bss                                     0x2000016c   Section       24  keyboard.o(.bss)
    a_pfnKeyBoard_Fun                        0x2000016c   Data          24  keyboard.o(.bss)
    .bss                                     0x20000184   Section       44  cooker_parse.o(.bss)
    tCooker_Entity                           0x20000184   Data          44  cooker_parse.o(.bss)
    STACK                                    0x200001b0   Section     1024  startup_stm32f051.o(STACK)

    Global Symbols

    Symbol Name                              Value     Ov Type        Size  Object(Section)

    BuildAttributes$$THM_ISAv3M$S$PE$A:L22$X:L11$S22$IEEE1$IW$USESV6$~STKCKD$USESV7$~SHL$OSPACE$EBA8$MICROLIB$REQ8$PRES8$EABIv2 0x00000000   Number         0  anon$$obj.o ABSOLUTE
    __ARM_use_no_argv                        0x00000000   Number         0  app.o ABSOLUTE
    __cpp_initialize__aeabi_                  - Undefined Weak Reference
    __cxa_finalize                            - Undefined Weak Reference
    _clock_init                               - Undefined Weak Reference
    _microlib_exit                            - Undefined Weak Reference
    __Vectors_Size                           0x000000c0   Number         0  startup_stm32f051.o ABSOLUTE
    __Vectors                                0x08000000   Data           4  startup_stm32f051.o(RESET)
    __Vectors_End                            0x080000c0   Data           0  startup_stm32f051.o(RESET)
    __main                                   0x080000c1   Thumb Code     0  entry.o(.ARM.Collect$$$$00000000)
    _main_stk                                0x080000c1   Thumb Code     0  entry2.o(.ARM.Collect$$$$00000001)
    _main_scatterload                        0x080000c5   Thumb Code     0  entry5.o(.ARM.Collect$$$$00000004)
    __main_after_scatterload                 0x080000c9   Thumb Code     0  entry5.o(.ARM.Collect$$$$00000004)
    _main_clock                              0x080000c9   Thumb Code     0  entry7b.o(.ARM.Collect$$$$00000008)
    _main_cpp_init                           0x080000c9   Thumb Code     0  entry8b.o(.ARM.Collect$$$$0000000A)
    _main_init                               0x080000c9   Thumb Code     0  entry9a.o(.ARM.Collect$$$$0000000B)
    __rt_final_cpp                           0x080000d1   Thumb Code     0  entry10a.o(.ARM.Collect$$$$0000000D)
    __rt_final_exit                          0x080000d1   Thumb Code     0  entry11a.o(.ARM.Collect$$$$0000000F)
    Reset_Handler                            0x080000d5   Thumb Code     8  startup_stm32f051.o(.text)
    NMI_Handler                              0x080000dd   Thumb Code     2  startup_stm32f051.o(.text)
    HardFault_Handler                        0x080000df   Thumb Code     2  startup_stm32f051.o(.text)
    SVC_Handler                              0x080000e1   Thumb Code     2  startup_stm32f051.o(.text)
    PendSV_Handler                           0x080000e3   Thumb Code     2  startup_stm32f051.o(.text)
    ADC1_COMP_IRQHandler                     0x080000e7   Thumb Code     0  startup_stm32f051.o(.text)
    CEC_IRQHandler                           0x080000e7   Thumb Code     0  startup_stm32f051.o(.text)
    DMA1_Channel1_IRQHandler                 0x080000e7   Thumb Code     0  startup_stm32f051.o(.text)
    DMA1_Channel2_3_IRQHandler               0x080000e7   Thumb Code     0  startup_stm32f051.o(.text)
    DMA1_Channel4_5_IRQHandler               0x080000e7   Thumb Code     0  startup_stm32f051.o(.text)
    EXTI0_1_IRQHandler                       0x080000e7   Thumb Code     0  startup_stm32f051.o(.text)
    EXTI2_3_IRQHandler                       0x080000e7   Thumb Code     0  startup_stm32f051.o(.text)
    EXTI4_15_IRQHandler                      0x080000e7   Thumb Code     0  startup_stm32f051.o(.text)
    FLASH_IRQHandler                         0x080000e7   Thumb Code     0  startup_stm32f051.o(.text)
    I2C1_IRQHandler                          0x080000e7   Thumb Code     0  startup_stm32f051.o(.text)
    I2C2_IRQHandler                          0x080000e7   Thumb Code     0  startup_stm32f051.o(.text)
    PVD_IRQHandler                           0x080000e7   Thumb Code     0  startup_stm32f051.o(.text)
    RCC_IRQHandler                           0x080000e7   Thumb Code     0  startup_stm32f051.o(.text)
    RTC_IRQHandler                           0x080000e7   Thumb Code     0  startup_stm32f051.o(.text)
    SPI1_IRQHandler                          0x080000e7   Thumb Code     0  startup_stm32f051.o(.text)
    SPI2_IRQHandler                          0x080000e7   Thumb Code     0  startup_stm32f051.o(.text)
    TIM14_IRQHandler                         0x080000e7   Thumb Code     0  startup_stm32f051.o(.text)
    TIM15_IRQHandler                         0x080000e7   Thumb Code     0  startup_stm32f051.o(.text)
    TIM16_IRQHandler                         0x080000e7   Thumb Code     0  startup_stm32f051.o(.text)
    TIM17_IRQHandler                         0x080000e7   Thumb Code     0  startup_stm32f051.o(.text)
    TIM1_BRK_UP_TRG_COM_IRQHandler           0x080000e7   Thumb Code     0  startup_stm32f051.o(.text)
    TIM1_CC_IRQHandler                       0x080000e7   Thumb Code     0  startup_stm32f051.o(.text)
    TIM2_IRQHandler                          0x080000e7   Thumb Code     0  startup_stm32f051.o(.text)
    TIM3_IRQHandler                          0x080000e7   Thumb Code     0  startup_stm32f051.o(.text)
    TIM6_DAC_IRQHandler                      0x080000e7   Thumb Code     0  startup_stm32f051.o(.text)
    TS_IRQHandler                            0x080000e7   Thumb Code     0  startup_stm32f051.o(.text)
    WWDG_IRQHandler                          0x080000e7   Thumb Code     0  startup_stm32f051.o(.text)
    __aeabi_uidiv                            0x080000f1   Thumb Code     0  uidiv.o(.text)
    __aeabi_uidivmod                         0x080000f1   Thumb Code    44  uidiv.o(.text)
    __aeabi_idiv                             0x0800011d   Thumb Code     0  idiv.o(.text)
    __aeabi_idivmod                          0x0800011d   Thumb Code    40  idiv.o(.text)
    __aeabi_memcpy                           0x08000145   Thumb Code    36  memcpya.o(.text)
    __aeabi_memcpy4                          0x08000145   Thumb Code     0  memcpya.o(.text)
    __aeabi_memcpy8                          0x08000145   Thumb Code     0  memcpya.o(.text)
    __aeabi_memset                           0x08000169   Thumb Code    14  memseta.o(.text)
    __aeabi_memset4                          0x08000169   Thumb Code     0  memseta.o(.text)
    __aeabi_memset8                          0x08000169   Thumb Code     0  memseta.o(.text)
    __aeabi_memclr                           0x08000177   Thumb Code     4  memseta.o(.text)
    __aeabi_memclr4                          0x08000177   Thumb Code     0  memseta.o(.text)
    __aeabi_memclr8                          0x08000177   Thumb Code     0  memseta.o(.text)
    _memset$wrapper                          0x0800017b   Thumb Code    18  memseta.o(.text)
    __scatterload                            0x0800018d   Thumb Code    28  init.o(.text)
    __scatterload_rt2                        0x0800018d   Thumb Code     0  init.o(.text)
    __decompress                             0x080001b1   Thumb Code     0  __dczerorl2.o(.text)
    __decompress1                            0x080001b1   Thumb Code    86  __dczerorl2.o(.text)
    BSP_OS_TimeDlyMs                         0x08000209   Thumb Code    18  stm32fxxx_misc.o(i.BSP_OS_TimeDlyMs)
    BSP_OS_TimeGet                           0x08000221   Thumb Code    10  stm32fxxx_misc.o(i.BSP_OS_TimeGet)
    BSP_OS_Timeout                           0x08000231   Thumb Code    24  stm32fxxx_misc.o(i.BSP_OS_Timeout)
    BSP_RTCGet                               0x0800024d   Thumb Code    60  stm32fxxx_rtc.o(i.BSP_RTCGet)
    BSP_RTCSet                               0x08000289   Thumb Code    70  stm32fxxx_rtc.o(i.BSP_RTCSet)
    BuildPacket                              0x080002d1   Thumb Code    68  sx1212.o(i.BuildPacket)
    Buzzer_GPIOInit                          0x0800031d   Thumb Code    44  platform_chordtone.o(i.Buzzer_GPIOInit)
    Buzzer_PwrOff                            0x0800034d   Thumb Code    14  platform_chordtone.o(i.Buzzer_PwrOff)
    CRC_CalcBlockCRC                         0x08000361   Thumb Code    32  stm32f0xx_crc.o(i.CRC_CalcBlockCRC)
    CRC_CalcCRC                              0x08000385   Thumb Code    10  stm32f0xx_crc.o(i.CRC_CalcCRC)
    CRC_ResetDR                              0x08000395   Thumb Code    14  stm32f0xx_crc.o(i.CRC_ResetDR)
    CheckRTCRight                            0x080003a9   Thumb Code   170  utilities.o(i.CheckRTCRight)
    ChordTone_CtrlService                    0x08000453   Thumb Code     2  chordtone.o(i.ChordTone_CtrlService)
    ChordTone_Init                           0x08000455   Thumb Code    16  chordtone.o(i.ChordTone_Init)
    ChordTone_PWMDevInit                     0x08000465   Thumb Code    54  platform_chordtone.o(i.ChordTone_PWMDevInit)
    ChordTone_Start                          0x080004a1   Thumb Code     2  chordtone.o(i.ChordTone_Start)
    Cooker_AFNChk                            0x080005c1   Thumb Code   244  cooker_extafn.o(i.Cooker_AFNChk)
    Cooker_ExtPinGPIOInit                    0x080006d1   Thumb Code    58  platform_extpin.o(i.Cooker_ExtPinGPIOInit)
    Cooker_GetId                             0x0800070b   Thumb Code    22  cooker_parse.o(i.Cooker_GetId)
    Cooker_Load                              0x08000721   Thumb Code   184  cooker_parse.o(i.Cooker_Load)
    Cooker_Parse                             0x080007dd   Thumb Code   124  cooker_parse.o(i.Cooker_Parse)
    Cooker_SysIdMatch                        0x08000875   Thumb Code    28  cooker_extafn.o(i.Cooker_SysIdMatch)
    Cooker_SysIdMatchResult                  0x08000895   Thumb Code     6  cooker_extafn.o(i.Cooker_SysIdMatchResult)
    Cooker_WirelessSendLoad                  0x080008a1   Thumb Code    28  cooker_parse.o(i.Cooker_WirelessSendLoad)
    FLASH_ClearFlag                          0x080008c1   Thumb Code     6  stm32f0xx_flash.o(i.FLASH_ClearFlag)
    FLASH_ErasePage                          0x080008cd   Thumb Code    72  stm32f0xx_flash.o(i.FLASH_ErasePage)
    FLASH_GetStatus                          0x08000919   Thumb Code    54  stm32f0xx_flash.o(i.FLASH_GetStatus)
    FLASH_Lock                               0x08000955   Thumb Code    14  stm32f0xx_flash.o(i.FLASH_Lock)
    FLASH_ProgramWord                        0x08000969   Thumb Code   104  stm32f0xx_flash.o(i.FLASH_ProgramWord)
    FLASH_Unlock                             0x080009d5   Thumb Code    24  stm32f0xx_flash.o(i.FLASH_Unlock)
    FLASH_WaitForLastOperation               0x080009f9   Thumb Code    40  stm32f0xx_flash.o(i.FLASH_WaitForLastOperation)
    FanRotation_Service                      0x08000a39   Thumb Code    54  platform_extpin.o(i.FanRotation_Service)
    GPIO_Init                                0x08000a7d   Thumb Code   144  stm32f0xx_gpio.o(i.GPIO_Init)
    GPIO_PinAFConfig                         0x08000b0d   Thumb Code    68  stm32f0xx_gpio.o(i.GPIO_PinAFConfig)
    GPIO_ReadInputDataBit                    0x08000b51   Thumb Code    20  stm32f0xx_gpio.o(i.GPIO_ReadInputDataBit)
    GPIO_ResetBits                           0x08000b65   Thumb Code     4  stm32f0xx_gpio.o(i.GPIO_ResetBits)
    GPIO_SetBits                             0x08000b69   Thumb Code     4  stm32f0xx_gpio.o(i.GPIO_SetBits)
    GasStove_DisplayService                  0x080011cd   Thumb Code   140  gasstove_service.o(i.GasStove_DisplayService)
    GasStove_FanRotation                     0x080013b1   Thumb Code     6  platform_extpin.o(i.GasStove_FanRotation)
    GasStove_FireState                       0x080013bd   Thumb Code     6  cooker_extafn.o(i.GasStove_FireState)
    GasStove_FireStateChkService             0x080013c9   Thumb Code    38  cooker_extafn.o(i.GasStove_FireStateChkService)
    GasStove_Flameout                        0x080013fd   Thumb Code    70  cooker_extafn.o(i.GasStove_Flameout)
    GasStove_GasBatStateChkService           0x08001449   Thumb Code    74  cooker_extafn.o(i.GasStove_GasBatStateChkService)
    GasStove_GasSensor                       0x080014a9   Thumb Code    24  platform_extpin.o(i.GasStove_GasSensor)
    GasStove_Init                            0x08001571   Thumb Code   126  gasstove_service.o(i.GasStove_Init)
    HT1621_Init                              0x080016cd   Thumb Code    80  platform_ht1621.o(i.HT1621_Init)
    HT1621_SignService                       0x0800171d   Thumb Code   116  ht1621.o(i.HT1621_SignService)
    HT1621_WriteCmd                          0x08001799   Thumb Code   186  platform_ht1621.o(i.HT1621_WriteCmd)
    HT1621_WriteData                         0x08001853   Thumb Code   306  platform_ht1621.o(i.HT1621_WriteData)
    InitSX1212                               0x08001985   Thumb Code    70  sx1212.o(i.InitSX1212)
    KeyBoard_FunReg                          0x080019d1   Thumb Code    30  keyboard.o(i.KeyBoard_FunReg)
    KeyBoard_InState                         0x080019fd   Thumb Code    90  keyboard.o(i.KeyBoard_InState)
    KeyBoard_Init                            0x08001a5d   Thumb Code   110  keyboard.o(i.KeyBoard_Init)
    KeyBoard_Service                         0x08001ad5   Thumb Code   262  keyboard.o(i.KeyBoard_Service)
    LED_SEGBlinkSet                          0x08001bf9   Thumb Code    24  ht1621.o(i.LED_SEGBlinkSet)
    LED_SEG_Update                           0x08001d41   Thumb Code    10  ht1621.o(i.LED_SEG_Update)
    LeapYear                                 0x08001d51   Thumb Code    60  utilities.o(i.LeapYear)
    Led_DisplayOff                           0x08001edd   Thumb Code    12  ht1621.o(i.Led_DisplayOff)
    Led_DisplayOn                            0x08001eed   Thumb Code    12  ht1621.o(i.Led_DisplayOn)
    PWR_BackupAccessCmd                      0x08002231   Thumb Code    36  stm32f0xx_pwr.o(i.PWR_BackupAccessCmd)
    RCC_AHBPeriphClockCmd                    0x08002259   Thumb Code    28  stm32f0xx_rcc.o(i.RCC_AHBPeriphClockCmd)
    RCC_APB1PeriphClockCmd                   0x08002279   Thumb Code    28  stm32f0xx_rcc.o(i.RCC_APB1PeriphClockCmd)
    RCC_GetFlagStatus                        0x08002299   Thumb Code    68  stm32f0xx_rcc.o(i.RCC_GetFlagStatus)
    RCC_LSEConfig                            0x080022e1   Thumb Code    34  stm32f0xx_rcc.o(i.RCC_LSEConfig)
    RCC_RTCCLKCmd                            0x08002309   Thumb Code    36  stm32f0xx_rcc.o(i.RCC_RTCCLKCmd)
    RCC_RTCCLKConfig                         0x08002331   Thumb Code    12  stm32f0xx_rcc.o(i.RCC_RTCCLKConfig)
    RTC_ClearFlag                            0x08002379   Thumb Code    26  stm32f0xx_rtc.o(i.RTC_ClearFlag)
    RTC_EnterInitMode                        0x08002399   Thumb Code    82  stm32f0xx_rtc.o(i.RTC_EnterInitMode)
    RTC_ExitInitMode                         0x080023f1   Thumb Code    14  stm32f0xx_rtc.o(i.RTC_ExitInitMode)
    RTC_GetDate                              0x08002405   Thumb Code    88  stm32f0xx_rtc.o(i.RTC_GetDate)
    RTC_GetTime                              0x08002465   Thumb Code    84  stm32f0xx_rtc.o(i.RTC_GetTime)
    RTC_Init                                 0x080024c1   Thumb Code    84  stm32f0xx_rtc.o(i.RTC_Init)
    RTC_ReadBackupRegister                   0x08002519   Thumb Code    26  stm32f0xx_rtc.o(i.RTC_ReadBackupRegister)
    RTC_SetDate                              0x08002539   Thumb Code   198  stm32f0xx_rtc.o(i.RTC_SetDate)
    RTC_SetTime                              0x08002609   Thumb Code   208  stm32f0xx_rtc.o(i.RTC_SetTime)
    RTC_WaitForSynchro                       0x080026e1   Thumb Code   104  stm32f0xx_rtc.o(i.RTC_WaitForSynchro)
    RTC_WriteBackupRegister                  0x0800274d   Thumb Code    24  stm32f0xx_rtc.o(i.RTC_WriteBackupRegister)
    ReceiveRfFrame                           0x08002769   Thumb Code   104  sx1212.o(i.ReceiveRfFrame)
    STM32Fxx_FlashPageWrite                  0x080027d1   Thumb Code   108  stm32fxx_flash.o(i.STM32Fxx_FlashPageWrite)
    STM32Fxxx_CountDelayus                   0x08002841   Thumb Code    74  stm32fxxx_misc.o(i.STM32Fxxx_CountDelayus)
    STM32Fxxx_FlashErase                     0x08002891   Thumb Code    66  stm32fxx_flash.o(i.STM32Fxxx_FlashErase)
    STM32Fxxx_FlashRead                      0x080028d3   Thumb Code    48  stm32fxx_flash.o(i.STM32Fxxx_FlashRead)
    STM32Fxxx_FlashWrite                     0x08002903   Thumb Code    94  stm32fxx_flash.o(i.STM32Fxxx_FlashWrite)
    STM32Fxxx_GetEtag                        0x08002961   Thumb Code    80  stm32fxxx_misc.o(i.STM32Fxxx_GetEtag)
    STM32Fxxx_RTCInit                        0x080029b5   Thumb Code   128  stm32fxxx_rtc.o(i.STM32Fxxx_RTCInit)
    SX1212_DelayMs                           0x08002a81   Thumb Code    12  platform_sx1212.o(i.SX1212_DelayMs)
    SX1212_Delayus                           0x08002a8d   Thumb Code    12  platform_sx1212.o(i.SX1212_Delayus)
    SX1212_DevInit                           0x08002a99   Thumb Code   104  platform_sx1212.o(i.SX1212_DevInit)
    SX1212_IRQ0Get                           0x08002b05   Thumb Code    24  platform_sx1212.o(i.SX1212_IRQ0Get)
    SX1212_IRQ1Get                           0x08002b1d   Thumb Code    24  platform_sx1212.o(i.SX1212_IRQ1Get)
    SX1212_MISOGet                           0x08002b35   Thumb Code    24  platform_sx1212.o(i.SX1212_MISOGet)
    SX1212_MOSISet                           0x08002b51   Thumb Code    28  platform_sx1212.o(i.SX1212_MOSISet)
    SX1212_NSSCfgSet                         0x08002b71   Thumb Code    32  platform_sx1212.o(i.SX1212_NSSCfgSet)
    SX1212_NSSDataSet                        0x08002b91   Thumb Code    28  platform_sx1212.o(i.SX1212_NSSDataSet)
    SX1212_SCKSet                            0x08002bb1   Thumb Code    28  platform_sx1212.o(i.SX1212_SCKSet)
    SendRfFrame                              0x08002bd1   Thumb Code    90  sx1212.o(i.SendRfFrame)
    SetRFMode                                0x08002c2d   Thumb Code   480  sx1212.o(i.SetRFMode)
    SysTick_FunReg                           0x08003425   Thumb Code     6  stm32fxxx_misc.o(i.SysTick_FunReg)
    SysTick_HandleInit                       0x08003431   Thumb Code    54  stm32fxxx_misc.o(i.SysTick_HandleInit)
    SysTick_Handler                          0x08003475   Thumb Code    28  stm32fxxx_misc.o(i.SysTick_Handler)
    SystemInit                               0x08003499   Thumb Code   110  system_stm32f0xx.o(i.SystemInit)
    USART1_IRQHandler                        0x08003515   Thumb Code    10  stm32fxxx_serial.o(i.USART1_IRQHandler)
    USART2_IRQHandler                        0x0800351f   Thumb Code    10  stm32fxxx_serial.o(i.USART2_IRQHandler)
    USART_ClearITPendingBit                  0x08003529   Thumb Code    18  stm32f0xx_usart.o(i.USART_ClearITPendingBit)
    USART_GetFlagStatus                      0x0800353b   Thumb Code    20  stm32f0xx_usart.o(i.USART_GetFlagStatus)
    USART_ReceiveData                        0x0800354f   Thumb Code    10  stm32f0xx_usart.o(i.USART_ReceiveData)
    Updata_Awaken_Config                     0x08003559   Thumb Code    36  sx1212.o(i.Updata_Awaken_Config)
    Updata_Normal_Config                     0x0800357d   Thumb Code    36  sx1212.o(i.Updata_Normal_Config)
    _SpiConfig                               0x080035a1   Thumb Code    64  sx1212.o(i._SpiConfig)
    __ARM_common_switch8                     0x080035e1   Thumb Code    28  stm32fxxx_misc.o(i.__ARM_common_switch8)
    __scatterload_copy                       0x080035fd   Thumb Code    14  handlers.o(i.__scatterload_copy)
    __scatterload_null                       0x0800360b   Thumb Code     2  handlers.o(i.__scatterload_null)
    __scatterload_zeroinit                   0x0800360d   Thumb Code    14  handlers.o(i.__scatterload_zeroinit)
    cmp_buf                                  0x0800361b   Thumb Code    36  utilities.o(i.cmp_buf)
    crc16_ccitt_byte                         0x08003641   Thumb Code    22  crc.o(i.crc16_ccitt_byte)
    crc32_ethernet_block                     0x0800365d   Thumb Code   122  crc32ethernetstm32.o(i.crc32_ethernet_block)
    get_rtc                                  0x080036d7   Thumb Code    16  rtc.o(i.get_rtc)
    main                                     0x080036e9   Thumb Code   232  app.o(i.main)
    rtc_init                                 0x080037d9   Thumb Code     8  rtc.o(i.rtc_init)
    set_rtc                                  0x080037e1   Thumb Code    28  rtc.o(i.set_rtc)
    Region$$Table$$Base                      0x08003adc   Number         0  anon$$obj.o(Region$$Table)
    Region$$Table$$Limit                     0x08003afc   Number         0  anon$$obj.o(Region$$Table)
    SystemCoreClock                          0x20000000   Data           4  system_stm32f0xx.o(.data)
    AHBPrescTable                            0x20000004   Data          16  system_stm32f0xx.o(.data)
    i                                        0x20000014   Data           1  app.o(.data)
    RF_Pkt                                   0x20000148   Data          33  sx1212.o(.bss)
    __initial_sp                             0x200005b0   Data           0  startup_stm32f051.o(STACK)



==============================================================================

Memory Map of the image

  Image Entry point : 0x080000c1

  Load Region LR_IROM1 (Base: 0x08000000, Size: 0x00003c34, Max: 0x00010000, ABSOLUTE, COMPRESSED[0x00003b4c])

    Execution Region ER_IROM1 (Exec base: 0x08000000, Load base: 0x08000000, Size: 0x00003afc, Max: 0x00010000, ABSOLUTE)

    Exec Addr    Load Addr    Size         Type   Attr      Idx    E Section Name        Object

    0x08000000   0x08000000   0x000000c0   Data   RO            3    RESET               startup_stm32f051.o
    0x080000c0   0x080000c0   0x00000000   Code   RO         3439  * .ARM.Collect$$$$00000000  mc_p.l(entry.o)
    0x080000c0   0x080000c0   0x00000004   Code   RO         3452    .ARM.Collect$$$$00000001  mc_p.l(entry2.o)
    0x080000c4   0x080000c4   0x00000004   Code   RO         3455    .ARM.Collect$$$$00000004  mc_p.l(entry5.o)
    0x080000c8   0x080000c8   0x00000000   Code   RO         3457    .ARM.Collect$$$$00000008  mc_p.l(entry7b.o)
    0x080000c8   0x080000c8   0x00000000   Code   RO         3459    .ARM.Collect$$$$0000000A  mc_p.l(entry8b.o)
    0x080000c8   0x080000c8   0x00000008   Code   RO         3460    .ARM.Collect$$$$0000000B  mc_p.l(entry9a.o)
    0x080000d0   0x080000d0   0x00000000   Code   RO         3462    .ARM.Collect$$$$0000000D  mc_p.l(entry10a.o)
    0x080000d0   0x080000d0   0x00000000   Code   RO         3464    .ARM.Collect$$$$0000000F  mc_p.l(entry11a.o)
    0x080000d0   0x080000d0   0x00000004   Code   RO         3453    .ARM.Collect$$$$00002712  mc_p.l(entry2.o)
    0x080000d4   0x080000d4   0x0000001c   Code   RO            4    .text               startup_stm32f051.o
    0x080000f0   0x080000f0   0x0000002c   Code   RO         3442    .text               mc_p.l(uidiv.o)
    0x0800011c   0x0800011c   0x00000028   Code   RO         3444    .text               mc_p.l(idiv.o)
    0x08000144   0x08000144   0x00000024   Code   RO         3446    .text               mc_p.l(memcpya.o)
    0x08000168   0x08000168   0x00000024   Code   RO         3448    .text               mc_p.l(memseta.o)
    0x0800018c   0x0800018c   0x00000024   Code   RO         3466    .text               mc_p.l(init.o)
    0x080001b0   0x080001b0   0x00000056   Code   RO         3476    .text               mc_p.l(__dczerorl2.o)
    0x08000206   0x08000206   0x00000002   PAD
    0x08000208   0x08000208   0x00000018   Code   RO          488    i.BSP_OS_TimeDlyMs  stm32fxxx_misc.o
    0x08000220   0x08000220   0x00000010   Code   RO          489    i.BSP_OS_TimeGet    stm32fxxx_misc.o
    0x08000230   0x08000230   0x0000001c   Code   RO          490    i.BSP_OS_Timeout    stm32fxxx_misc.o
    0x0800024c   0x0800024c   0x0000003c   Code   RO          584    i.BSP_RTCGet        stm32fxxx_rtc.o
    0x08000288   0x08000288   0x00000046   Code   RO          585    i.BSP_RTCSet        stm32fxxx_rtc.o
    0x080002ce   0x080002ce   0x00000002   PAD
    0x080002d0   0x080002d0   0x0000004c   Code   RO         2683    i.BuildPacket       sx1212.o
    0x0800031c   0x0800031c   0x00000030   Code   RO         3100    i.Buzzer_GPIOInit   platform_chordtone.o
    0x0800034c   0x0800034c   0x00000014   Code   RO         3101    i.Buzzer_PwrOff     platform_chordtone.o
    0x08000360   0x08000360   0x00000024   Code   RO          665    i.CRC_CalcBlockCRC  stm32f0xx_crc.o
    0x08000384   0x08000384   0x00000010   Code   RO          666    i.CRC_CalcCRC       stm32f0xx_crc.o
    0x08000394   0x08000394   0x00000014   Code   RO          673    i.CRC_ResetDR       stm32f0xx_crc.o
    0x080003a8   0x080003a8   0x000000aa   Code   RO         3238    i.CheckRTCRight     utilities.o
    0x08000452   0x08000452   0x00000002   Code   RO         2750    i.ChordTone_CtrlService  chordtone.o
    0x08000454   0x08000454   0x00000010   Code   RO         2751    i.ChordTone_Init    chordtone.o
    0x08000464   0x08000464   0x0000003c   Code   RO         3103    i.ChordTone_PWMDevInit  platform_chordtone.o
    0x080004a0   0x080004a0   0x00000002   Code   RO         2752    i.ChordTone_Start   chordtone.o
    0x080004a2   0x080004a2   0x00000002   PAD
    0x080004a4   0x080004a4   0x00000034   Code   RO         2947    i.CookerParse_Addr  cooker_parse.o
    0x080004d8   0x080004d8   0x00000050   Code   RO         2948    i.CookerParse_Check  cooker_parse.o
    0x08000528   0x08000528   0x00000024   Code   RO         2949    i.CookerParse_Cmd   cooker_parse.o
    0x0800054c   0x0800054c   0x0000001c   Code   RO         2950    i.CookerParse_Header  cooker_parse.o
    0x08000568   0x08000568   0x00000014   Code   RO         2951    i.CookerParse_Length  cooker_parse.o
    0x0800057c   0x0800057c   0x00000002   Code   RO         2952    i.CookerParse_Nop   cooker_parse.o
    0x0800057e   0x0800057e   0x00000002   PAD
    0x08000580   0x08000580   0x00000040   Code   RO         2953    i.CookerParse_Payload  cooker_parse.o
    0x080005c0   0x080005c0   0x00000110   Code   RO         2897    i.Cooker_AFNChk     cooker_extafn.o
    0x080006d0   0x080006d0   0x0000003a   Code   RO         3152    i.Cooker_ExtPinGPIOInit  platform_extpin.o
    0x0800070a   0x0800070a   0x00000016   Code   RO         2955    i.Cooker_GetId      cooker_parse.o
    0x08000720   0x08000720   0x000000bc   Code   RO         2956    i.Cooker_Load       cooker_parse.o
    0x080007dc   0x080007dc   0x00000098   Code   RO         2957    i.Cooker_Parse      cooker_parse.o
    0x08000874   0x08000874   0x00000020   Code   RO         2898    i.Cooker_SysIdMatch  cooker_extafn.o
    0x08000894   0x08000894   0x0000000c   Code   RO         2899    i.Cooker_SysIdMatchResult  cooker_extafn.o
    0x080008a0   0x080008a0   0x00000020   Code   RO         2958    i.Cooker_WirelessSendLoad  cooker_parse.o
    0x080008c0   0x080008c0   0x0000000c   Code   RO          763    i.FLASH_ClearFlag   stm32f0xx_flash.o
    0x080008cc   0x080008cc   0x0000004c   Code   RO          765    i.FLASH_ErasePage   stm32f0xx_flash.o
    0x08000918   0x08000918   0x0000003c   Code   RO          768    i.FLASH_GetStatus   stm32f0xx_flash.o
    0x08000954   0x08000954   0x00000014   Code   RO          770    i.FLASH_Lock        stm32f0xx_flash.o
    0x08000968   0x08000968   0x0000006c   Code   RO          790    i.FLASH_ProgramWord  stm32f0xx_flash.o
    0x080009d4   0x080009d4   0x00000024   Code   RO          792    i.FLASH_Unlock      stm32f0xx_flash.o
    0x080009f8   0x080009f8   0x00000028   Code   RO          793    i.FLASH_WaitForLastOperation  stm32f0xx_flash.o
    0x08000a20   0x08000a20   0x00000018   Code   RO         3153    i.FanRotation_Level  platform_extpin.o
    0x08000a38   0x08000a38   0x00000044   Code   RO         3154    i.FanRotation_Service  platform_extpin.o
    0x08000a7c   0x08000a7c   0x00000090   Code   RO          964    i.GPIO_Init         stm32f0xx_gpio.o
    0x08000b0c   0x08000b0c   0x00000044   Code   RO          965    i.GPIO_PinAFConfig  stm32f0xx_gpio.o
    0x08000b50   0x08000b50   0x00000014   Code   RO          968    i.GPIO_ReadInputDataBit  stm32f0xx_gpio.o
    0x08000b64   0x08000b64   0x00000004   Code   RO          971    i.GPIO_ResetBits    stm32f0xx_gpio.o
    0x08000b68   0x08000b68   0x00000004   Code   RO          972    i.GPIO_SetBits      stm32f0xx_gpio.o
    0x08000b6c   0x08000b6c   0x000001bc   Code   RO          179    i.GasStove_AlarmChk  gasstove_service.o
    0x08000d28   0x08000d28   0x000000f0   Code   RO          180    i.GasStove_DisRTC   gasstove_service.o
    0x08000e18   0x08000e18   0x00000080   Code   RO          181    i.GasStove_DisSet   gasstove_service.o
    0x08000e98   0x08000e98   0x0000019c   Code   RO          182    i.GasStove_DisSetButton  gasstove_service.o
    0x08001034   0x08001034   0x00000054   Code   RO          183    i.GasStove_DisSettingEndTime  gasstove_service.o
    0x08001088   0x08001088   0x00000014   Code   RO          184    i.GasStove_DisSettingRTC  gasstove_service.o
    0x0800109c   0x0800109c   0x00000054   Code   RO          185    i.GasStove_DisSettingStartTime  gasstove_service.o
    0x080010f0   0x080010f0   0x000000dc   Code   RO          186    i.GasStove_DisTiming  gasstove_service.o
    0x080011cc   0x080011cc   0x000000a8   Code   RO          187    i.GasStove_DisplayService  gasstove_service.o
    0x08001274   0x08001274   0x0000013c   Code   RO          188    i.GasStove_ExtEnsure  gasstove_service.o
    0x080013b0   0x080013b0   0x0000000c   Code   RO         3155    i.GasStove_FanRotation  platform_extpin.o
    0x080013bc   0x080013bc   0x0000000c   Code   RO         2900    i.GasStove_FireState  cooker_extafn.o
    0x080013c8   0x080013c8   0x00000034   Code   RO         2901    i.GasStove_FireStateChkService  cooker_extafn.o
    0x080013fc   0x080013fc   0x0000004c   Code   RO         2902    i.GasStove_Flameout  cooker_extafn.o
    0x08001448   0x08001448   0x00000060   Code   RO         2903    i.GasStove_GasBatStateChkService  cooker_extafn.o
    0x080014a8   0x080014a8   0x00000018   Code   RO         3156    i.GasStove_GasSensor  platform_extpin.o
    0x080014c0   0x080014c0   0x00000018   Code   RO          193    i.GasStove_GasSensorAlarmCancle  gasstove_service.o
    0x080014d8   0x080014d8   0x00000098   Code   RO          194    i.GasStove_GasSensorAlarmChk  gasstove_service.o
    0x08001570   0x08001570   0x000000ac   Code   RO          195    i.GasStove_Init     gasstove_service.o
    0x0800161c   0x0800161c   0x0000003c   Code   RO          196    i.GasStove_TimingIRQHandler  gasstove_service.o
    0x08001658   0x08001658   0x00000012   Code   RO         3197    i.HT1621_Delay      platform_ht1621.o
    0x0800166a   0x0800166a   0x00000002   PAD
    0x0800166c   0x0800166c   0x00000060   Code   RO         3198    i.HT1621_GPIOInit   platform_ht1621.o
    0x080016cc   0x080016cc   0x00000050   Code   RO         3199    i.HT1621_Init       platform_ht1621.o
    0x0800171c   0x0800171c   0x0000007c   Code   RO         2819    i.HT1621_SignService  ht1621.o
    0x08001798   0x08001798   0x000000ba   Code   RO         3200    i.HT1621_WriteCmd   platform_ht1621.o
    0x08001852   0x08001852   0x00000132   Code   RO         3201    i.HT1621_WriteData  platform_ht1621.o
    0x08001984   0x08001984   0x0000004c   Code   RO         2684    i.InitSX1212        sx1212.o
    0x080019d0   0x080019d0   0x0000002c   Code   RO         2779    i.KeyBoard_FunReg   keyboard.o
    0x080019fc   0x080019fc   0x00000060   Code   RO         2780    i.KeyBoard_InState  keyboard.o
    0x08001a5c   0x08001a5c   0x00000078   Code   RO         2781    i.KeyBoard_Init     keyboard.o
    0x08001ad4   0x08001ad4   0x00000124   Code   RO         2782    i.KeyBoard_Service  keyboard.o
    0x08001bf8   0x08001bf8   0x00000024   Code   RO         2820    i.LED_SEGBlinkSet   ht1621.o
    0x08001c1c   0x08001c1c   0x00000124   Code   RO         2821    i.LED_SEG_Service   ht1621.o
    0x08001d40   0x08001d40   0x00000010   Code   RO         2822    i.LED_SEG_Update    ht1621.o
    0x08001d50   0x08001d50   0x0000003c   Code   RO         3242    i.LeapYear          utilities.o
    0x08001d8c   0x08001d8c   0x00000150   Code   RO         2823    i.Led_Display       ht1621.o
    0x08001edc   0x08001edc   0x00000010   Code   RO         2824    i.Led_DisplayOff    ht1621.o
    0x08001eec   0x08001eec   0x00000010   Code   RO         2825    i.Led_DisplayOn     ht1621.o
    0x08001efc   0x08001efc   0x000002bc   Code   RO         2826    i.Led_DisplayService  ht1621.o
    0x080021b8   0x080021b8   0x00000078   Code   RO          491    i.NVIC_SetPriority  stm32fxxx_misc.o
    0x08002230   0x08002230   0x00000028   Code   RO         1143    i.PWR_BackupAccessCmd  stm32f0xx_pwr.o
    0x08002258   0x08002258   0x00000020   Code   RO         1218    i.RCC_AHBPeriphClockCmd  stm32f0xx_rcc.o
    0x08002278   0x08002278   0x00000020   Code   RO         1220    i.RCC_APB1PeriphClockCmd  stm32f0xx_rcc.o
    0x08002298   0x08002298   0x00000048   Code   RO         1233    i.RCC_GetFlagStatus  stm32f0xx_rcc.o
    0x080022e0   0x080022e0   0x00000028   Code   RO         1244    i.RCC_LSEConfig     stm32f0xx_rcc.o
    0x08002308   0x08002308   0x00000028   Code   RO         1252    i.RCC_RTCCLKCmd     stm32f0xx_rcc.o
    0x08002330   0x08002330   0x00000010   Code   RO         1253    i.RCC_RTCCLKConfig  stm32f0xx_rcc.o
    0x08002340   0x08002340   0x0000001a   Code   RO         1482    i.RTC_Bcd2ToByte    stm32f0xx_rtc.o
    0x0800235a   0x0800235a   0x0000001c   Code   RO         1484    i.RTC_ByteToBcd2    stm32f0xx_rtc.o
    0x08002376   0x08002376   0x00000002   PAD
    0x08002378   0x08002378   0x00000020   Code   RO         1487    i.RTC_ClearFlag     stm32f0xx_rtc.o
    0x08002398   0x08002398   0x00000058   Code   RO         1492    i.RTC_EnterInitMode  stm32f0xx_rtc.o
    0x080023f0   0x080023f0   0x00000014   Code   RO         1493    i.RTC_ExitInitMode  stm32f0xx_rtc.o
    0x08002404   0x08002404   0x00000060   Code   RO         1496    i.RTC_GetDate       stm32f0xx_rtc.o
    0x08002464   0x08002464   0x0000005c   Code   RO         1501    i.RTC_GetTime       stm32f0xx_rtc.o
    0x080024c0   0x080024c0   0x00000058   Code   RO         1506    i.RTC_Init          stm32f0xx_rtc.o
    0x08002518   0x08002518   0x00000020   Code   RO         1509    i.RTC_ReadBackupRegister  stm32f0xx_rtc.o
    0x08002538   0x08002538   0x000000d0   Code   RO         1512    i.RTC_SetDate       stm32f0xx_rtc.o
    0x08002608   0x08002608   0x000000d8   Code   RO         1513    i.RTC_SetTime       stm32f0xx_rtc.o
    0x080026e0   0x080026e0   0x0000006c   Code   RO         1527    i.RTC_WaitForSynchro  stm32f0xx_rtc.o
    0x0800274c   0x0800274c   0x0000001c   Code   RO         1530    i.RTC_WriteBackupRegister  stm32f0xx_rtc.o
    0x08002768   0x08002768   0x00000068   Code   RO         2685    i.ReceiveRfFrame    sx1212.o
    0x080027d0   0x080027d0   0x00000070   Code   RO          619    i.STM32Fxx_FlashPageWrite  stm32fxx_flash.o
    0x08002840   0x08002840   0x00000050   Code   RO          492    i.STM32Fxxx_CountDelayus  stm32fxxx_misc.o
    0x08002890   0x08002890   0x00000042   Code   RO          620    i.STM32Fxxx_FlashErase  stm32fxx_flash.o
    0x080028d2   0x080028d2   0x00000030   Code   RO          622    i.STM32Fxxx_FlashRead  stm32fxx_flash.o
    0x08002902   0x08002902   0x0000005e   Code   RO          623    i.STM32Fxxx_FlashWrite  stm32fxx_flash.o
    0x08002960   0x08002960   0x00000054   Code   RO          493    i.STM32Fxxx_GetEtag  stm32fxxx_misc.o
    0x080029b4   0x080029b4   0x00000084   Code   RO          586    i.STM32Fxxx_RTCInit  stm32fxxx_rtc.o
    0x08002a38   0x08002a38   0x00000048   Code   RO          380    i.STM32Fxxx_Serail_EventISR_Handler  stm32fxxx_serial.o
    0x08002a80   0x08002a80   0x0000000c   Code   RO         3024    i.SX1212_DelayMs    platform_sx1212.o
    0x08002a8c   0x08002a8c   0x0000000c   Code   RO         3025    i.SX1212_Delayus    platform_sx1212.o
    0x08002a98   0x08002a98   0x0000006c   Code   RO         3026    i.SX1212_DevInit    platform_sx1212.o
    0x08002b04   0x08002b04   0x00000018   Code   RO         3027    i.SX1212_IRQ0Get    platform_sx1212.o
    0x08002b1c   0x08002b1c   0x00000018   Code   RO         3028    i.SX1212_IRQ1Get    platform_sx1212.o
    0x08002b34   0x08002b34   0x0000001c   Code   RO         3029    i.SX1212_MISOGet    platform_sx1212.o
    0x08002b50   0x08002b50   0x00000020   Code   RO         3030    i.SX1212_MOSISet    platform_sx1212.o
    0x08002b70   0x08002b70   0x00000020   Code   RO         3031    i.SX1212_NSSCfgSet  platform_sx1212.o
    0x08002b90   0x08002b90   0x00000020   Code   RO         3032    i.SX1212_NSSDataSet  platform_sx1212.o
    0x08002bb0   0x08002bb0   0x00000020   Code   RO         3033    i.SX1212_SCKSet     platform_sx1212.o
    0x08002bd0   0x08002bd0   0x0000005a   Code   RO         2686    i.SendRfFrame       sx1212.o
    0x08002c2a   0x08002c2a   0x00000002   PAD
    0x08002c2c   0x08002c2c   0x000001e4   Code   RO         2687    i.SetRFMode         sx1212.o
    0x08002e10   0x08002e10   0x000000d8   Code   RO           12    i.SetSysClock       system_stm32f0xx.o
    0x08002ee8   0x08002ee8   0x00000078   Code   RO          197    i.SettingEndTime_Ensure  gasstove_service.o
    0x08002f60   0x08002f60   0x00000044   Code   RO          198    i.SettingRTC_AddHour  gasstove_service.o
    0x08002fa4   0x08002fa4   0x00000024   Code   RO          199    i.SettingRTC_AddMinute  gasstove_service.o
    0x08002fc8   0x08002fc8   0x00000024   Code   RO          200    i.SettingRTC_AddTenMinute  gasstove_service.o
    0x08002fec   0x08002fec   0x00000080   Code   RO          201    i.SettingRTC_Ensure  gasstove_service.o
    0x0800306c   0x0800306c   0x00000078   Code   RO          202    i.SettingStartTime_Ensure  gasstove_service.o
    0x080030e4   0x080030e4   0x00000028   Code   RO          203    i.SettingStartTime_Hour  gasstove_service.o
    0x0800310c   0x0800310c   0x00000028   Code   RO          204    i.SettingStartTime_Minute  gasstove_service.o
    0x08003134   0x08003134   0x00000028   Code   RO          205    i.SettingStartTime_TenMinute  gasstove_service.o
    0x0800315c   0x0800315c   0x00000040   Code   RO          206    i.SettingTiming_Cancle  gasstove_service.o
    0x0800319c   0x0800319c   0x0000008c   Code   RO          207    i.SettingTiming_Ensure  gasstove_service.o
    0x08003228   0x08003228   0x00000064   Code   RO          208    i.SettingTiming_Hour  gasstove_service.o
    0x0800328c   0x0800328c   0x00000064   Code   RO          209    i.SettingTiming_Minute  gasstove_service.o
    0x080032f0   0x080032f0   0x00000064   Code   RO          210    i.SettingTiming_TenMinute  gasstove_service.o
    0x08003354   0x08003354   0x0000002c   Code   RO          211    i.Setting_SysIdMatch  gasstove_service.o
    0x08003380   0x08003380   0x00000014   Code   RO          212    i.Setting_SysIdMatchEnsure  gasstove_service.o
    0x08003394   0x08003394   0x00000048   Code   RO          213    i.Setting_SysIdMatchStart  gasstove_service.o
    0x080033dc   0x080033dc   0x00000046   Code   RO         2688    i.SpiInOut          sx1212.o
    0x08003422   0x08003422   0x00000002   PAD
    0x08003424   0x08003424   0x0000000c   Code   RO          497    i.SysTick_FunReg    stm32fxxx_misc.o
    0x08003430   0x08003430   0x00000044   Code   RO          498    i.SysTick_HandleInit  stm32fxxx_misc.o
    0x08003474   0x08003474   0x00000024   Code   RO          499    i.SysTick_Handler   stm32fxxx_misc.o
    0x08003498   0x08003498   0x0000007c   Code   RO           14    i.SystemInit        system_stm32f0xx.o
    0x08003514   0x08003514   0x0000000a   Code   RO          386    i.USART1_IRQHandler  stm32fxxx_serial.o
    0x0800351e   0x0800351e   0x0000000a   Code   RO          387    i.USART2_IRQHandler  stm32fxxx_serial.o
    0x08003528   0x08003528   0x00000012   Code   RO         2381    i.USART_ClearITPendingBit  stm32f0xx_usart.o
    0x0800353a   0x0800353a   0x00000014   Code   RO         2392    i.USART_GetFlagStatus  stm32f0xx_usart.o
    0x0800354e   0x0800354e   0x0000000a   Code   RO         2408    i.USART_ReceiveData  stm32f0xx_usart.o
    0x08003558   0x08003558   0x00000024   Code   RO         2689    i.Updata_Awaken_Config  sx1212.o
    0x0800357c   0x0800357c   0x00000024   Code   RO         2690    i.Updata_Normal_Config  sx1212.o
    0x080035a0   0x080035a0   0x00000040   Code   RO         2691    i._SpiConfig        sx1212.o
    0x080035e0   0x080035e0   0x0000001c   Code   RO          571    i.__ARM_common_switch8  stm32fxxx_misc.o
    0x080035fc   0x080035fc   0x0000000e   Code   RO         3470    i.__scatterload_copy  mc_p.l(handlers.o)
    0x0800360a   0x0800360a   0x00000002   Code   RO         3471    i.__scatterload_null  mc_p.l(handlers.o)
    0x0800360c   0x0800360c   0x0000000e   Code   RO         3472    i.__scatterload_zeroinit  mc_p.l(handlers.o)
    0x0800361a   0x0800361a   0x00000024   Code   RO         3246    i.cmp_buf           utilities.o
    0x0800363e   0x0800363e   0x00000002   PAD
    0x08003640   0x08003640   0x0000001c   Code   RO         3384    i.crc16_ccitt_byte  crc.o
    0x0800365c   0x0800365c   0x0000007a   Code   RO         3307    i.crc32_ethernet_block  crc32ethernetstm32.o
    0x080036d6   0x080036d6   0x00000010   Code   RO         2873    i.get_rtc           rtc.o
    0x080036e6   0x080036e6   0x00000002   PAD
    0x080036e8   0x080036e8   0x000000f0   Code   RO          103    i.main              app.o
    0x080037d8   0x080037d8   0x00000008   Code   RO         2874    i.rtc_init          rtc.o
    0x080037e0   0x080037e0   0x0000001c   Code   RO         2875    i.set_rtc           rtc.o
    0x080037fc   0x080037fc   0x0000000c   Data   RO          214    .constdata          gasstove_service.o
    0x08003808   0x08003808   0x00000010   Data   RO          500    .constdata          stm32fxxx_misc.o
    0x08003818   0x08003818   0x00000028   Data   RO         2693    .constdata          sx1212.o
    0x08003840   0x08003840   0x00000006   Data   RO         2784    .constdata          keyboard.o
    0x08003846   0x08003846   0x00000030   Data   RO         2827    .constdata          ht1621.o
    0x08003876   0x08003876   0x00000002   PAD
    0x08003878   0x08003878   0x0000001c   Data   RO         2960    .constdata          cooker_parse.o
    0x08003894   0x08003894   0x00000038   Data   RO         3034    .constdata          platform_sx1212.o
    0x080038cc   0x080038cc   0x00000210   Data   RO         3386    .constdata          crc.o
    0x08003adc   0x08003adc   0x00000020   Data   RO         3468    Region$$Table       anon$$obj.o


    Execution Region RW_IRAM1 (Exec base: 0x20000000, Load base: 0x08003afc, Size: 0x000005b0, Max: 0x00002000, ABSOLUTE, COMPRESSED[0x00000050])

    Exec Addr    Load Addr    Size         Type   Attr      Idx    E Section Name        Object

    0x20000000   COMPRESSED   0x00000014   Data   RW           15    .data               system_stm32f0xx.o
    0x20000014   COMPRESSED   0x00000001   Data   RW          105    .data               app.o
    0x20000015   COMPRESSED   0x00000003   PAD
    0x20000018   COMPRESSED   0x00000064   Data   RW          215    .data               gasstove_service.o
    0x2000007c   COMPRESSED   0x00000010   Data   RW          391    .data               stm32fxxx_serial.o
    0x2000008c   COMPRESSED   0x00000008   Data   RW          501    .data               stm32fxxx_misc.o
    0x20000094   COMPRESSED   0x00000002   Data   RW          624    .data               stm32fxx_flash.o
    0x20000096   COMPRESSED   0x00000002   Data   RW         2694    .data               sx1212.o
    0x20000098   COMPRESSED   0x00000008   Data   RW         2785    .data               keyboard.o
    0x200000a0   COMPRESSED   0x0000004c   Data   RW         2828    .data               ht1621.o
    0x200000ec   COMPRESSED   0x0000002e   Data   RW         2904    .data               cooker_extafn.o
    0x2000011a   COMPRESSED   0x00000002   PAD
    0x2000011c   COMPRESSED   0x00000010   Data   RW         2961    .data               cooker_parse.o
    0x2000012c   COMPRESSED   0x00000009   Data   RW         3157    .data               platform_extpin.o
    0x20000135   COMPRESSED   0x00000003   PAD
    0x20000138        -       0x00000010   Zero   RW          389    .bss                stm32fxxx_serial.o
    0x20000148        -       0x00000021   Zero   RW         2692    .bss                sx1212.o
    0x20000169   COMPRESSED   0x00000003   PAD
    0x2000016c        -       0x00000018   Zero   RW         2783    .bss                keyboard.o
    0x20000184        -       0x0000002c   Zero   RW         2959    .bss                cooker_parse.o
    0x200001b0        -       0x00000400   Zero   RW            1    STACK               startup_stm32f051.o


==============================================================================

Image component sizes


      Code (inc. data)   RO Data    RW Data    ZI Data      Debug   Object Name

       240          8          0          1          0       6282   app.o
        20          0          0          0          0       1431   chordtone.o
       552         94          0         46          0       4999   cooker_extafn.o
       676        100         28         16         44       7390   cooker_parse.o
        28          6        528          0          0       1207   crc.o
       122          0          0          0          0       1303   crc32ethernetstm32.o
      3792        622         12        100          0      17966   gasstove_service.o
      1536        118         48         76          0       6565   ht1621.o
       552         60          6          8         24       3632   keyboard.o
       128         16          0          0          0       1489   platform_chordtone.o
       186         20          0          9          0       2754   platform_extpin.o
       686          4          0          0          0       4455   platform_ht1621.o
       336         20         56          0          0       5886   platform_sx1212.o
        52          0          0          0          0       1951   rtc.o
        28          8        192          0       1024        772   startup_stm32f051.o
        72         16          0          0          0       2259   stm32f0xx_crc.o
       352         38          0          0          0       4799   stm32f0xx_flash.o
       240          0          0          0          0       3843   stm32f0xx_gpio.o
        40          4          0          0          0        578   stm32f0xx_pwr.o
       232         26          0          0          0       3692   stm32f0xx_rcc.o
      1062         70          0          0          0       9782   stm32f0xx_rtc.o
        48          0          0          0          0       2748   stm32f0xx_usart.o
       320          4          0          2          0       3998   stm32fxx_flash.o
       496         72         16          8          0      11698   stm32fxxx_misc.o
       262          4          0          0          0       2274   stm32fxxx_rtc.o
        92         12          0         16         16       4416   stm32fxxx_serial.o
      1036         18         40          2         33      13354   sx1212.o
       340         24          0         20          0     182845   system_stm32f0xx.o
       266         16          0          0          0       2673   utilities.o

    ----------------------------------------------------------------------
     13810       1380        960        312       1144     317041   Object Totals
         0          0         32          0          0          0   (incl. Generated)
        18          0          2          8          3          0   (incl. Padding)

    ----------------------------------------------------------------------

      Code (inc. data)   RO Data    RW Data    ZI Data      Debug   Library Member Name

        86          0          0          0          0          0   __dczerorl2.o
         0          0          0          0          0          0   entry.o
         0          0          0          0          0          0   entry10a.o
         0          0          0          0          0          0   entry11a.o
         8          4          0          0          0          0   entry2.o
         4          0          0          0          0          0   entry5.o
         0          0          0          0          0          0   entry7b.o
         0          0          0          0          0          0   entry8b.o
         8          4          0          0          0          0   entry9a.o
        30          0          0          0          0          0   handlers.o
        40          0          0          0          0         72   idiv.o
        36          8          0          0          0         68   init.o
        36          0          0          0          0         60   memcpya.o
        36          0          0          0          0        100   memseta.o
        44          0          0          0          0         72   uidiv.o

    ----------------------------------------------------------------------
       330         16          0          0          0        372   Library Totals
         2          0          0          0          0          0   (incl. Padding)

    ----------------------------------------------------------------------

      Code (inc. data)   RO Data    RW Data    ZI Data      Debug   Library Name

       328         16          0          0          0        372   mc_p.l

    ----------------------------------------------------------------------
       330         16          0          0          0        372   Library Totals

    ----------------------------------------------------------------------

==============================================================================


      Code (inc. data)   RO Data    RW Data    ZI Data      Debug   

     14140       1396        960        312       1144     310465   Grand Totals
     14140       1396        960         80       1144     310465   ELF Image Totals (compressed)
     14140       1396        960         80          0          0   ROM Totals

==============================================================================

    Total RO  Size (Code + RO Data)                15100 (  14.75kB)
    Total RW  Size (RW Data + ZI Data)              1456 (   1.42kB)
    Total ROM Size (Code + RO Data + RW Data)      15180 (  14.82kB)

==============================================================================

