Component: ARM Compiler 5.06 update 6 (build 750) Tool: armlink [4d35ed]

==============================================================================

Section Cross References

    startup_stm32f051.o(RESET) refers to startup_stm32f051.o(STACK) for __initial_sp
    startup_stm32f051.o(RESET) refers to startup_stm32f051.o(.text) for Reset_Handler
    startup_stm32f051.o(RESET) refers to stm32fxxx_misc.o(i.SysTick_Handler) for SysTick_Handler
    startup_stm32f051.o(RESET) refers to stm32fxxx_serial.o(i.USART1_IRQHandler) for USART1_IRQHandler
    startup_stm32f051.o(RESET) refers to stm32fxxx_serial.o(i.USART2_IRQHandler) for USART2_IRQHandler
    startup_stm32f051.o(.text) refers to system_stm32f0xx.o(i.SystemInit) for SystemInit
    startup_stm32f051.o(.text) refers to entry.o(.ARM.Collect$$$$00000000) for __main
    system_stm32f0xx.o(i.SystemCoreClockUpdate) refers to uidiv.o(.text) for __aeabi_uidivmod
    system_stm32f0xx.o(i.SystemCoreClockUpdate) refers to system_stm32f0xx.o(.data) for SystemCoreClock
    system_stm32f0xx.o(i.SystemInit) refers to system_stm32f0xx.o(i.SetSysClock) for SetSysClock
    app.o(i.main) refers to stm32fxxx_misc.o(i.SysTick_HandleInit) for SysTick_HandleInit
    app.o(i.main) refers to platform_ht1621.o(i.HT1621_Init) for HT1621_Init
    app.o(i.main) refers to rtc.o(i.rtc_init) for rtc_init
    app.o(i.main) refers to chordtone.o(i.ChordTone_Init) for ChordTone_Init
    app.o(i.main) refers to keyboard.o(i.KeyBoard_Init) for KeyBoard_Init
    app.o(i.main) refers to platform_extpin.o(i.Cooker_ExtPinGPIOInit) for Cooker_ExtPinGPIOInit
    app.o(i.main) refers to gasstove_service.o(i.GasStove_Init) for GasStove_Init
    app.o(i.main) refers to platform_sx1212.o(i.SX1212_DevInit) for SX1212_DevInit
    app.o(i.main) refers to sx1212.o(i.InitSX1212) for InitSX1212
    app.o(i.main) refers to sx1212.o(i._SpiConfig) for _SpiConfig
    app.o(i.main) refers to platform_extpin.o(i.FanRotation_Service) for FanRotation_Service
    app.o(i.main) refers to ht1621.o(i.HT1621_SignService) for HT1621_SignService
    app.o(i.main) refers to cooker_extafn.o(i.GasStove_Flameout) for GasStove_Flameout
    gasstove_service.o(i.GasStove_AlarmChk) refers to platform_extpin.o(i.GasStove_FanRotation) for GasStove_FanRotation
    gasstove_service.o(i.GasStove_AlarmChk) refers to ht1621.o(i.Led_DisplayOn) for Led_DisplayOn
    gasstove_service.o(i.GasStove_AlarmChk) refers to ht1621.o(i.Led_DisplayOff) for Led_DisplayOff
    gasstove_service.o(i.GasStove_AlarmChk) refers to cooker_extafn.o(i.GasStove_FireState) for GasStove_FireState
    gasstove_service.o(i.GasStove_AlarmChk) refers to stm32fxxx_misc.o(i.BSP_OS_Timeout) for BSP_OS_Timeout
    gasstove_service.o(i.GasStove_AlarmChk) refers to cooker_extafn.o(i.GasStove_Flameout) for GasStove_Flameout
    gasstove_service.o(i.GasStove_AlarmChk) refers to stm32fxxx_misc.o(i.BSP_OS_TimeGet) for BSP_OS_TimeGet
    gasstove_service.o(i.GasStove_AlarmChk) refers to chordtone.o(i.ChordTone_Start) for ChordTone_Start
    gasstove_service.o(i.GasStove_AlarmChk) refers to gasstove_service.o(.data) for uiGasStove_Timing
    gasstove_service.o(i.GasStove_DisRTC) refers to stm32fxxx_misc.o(i.BSP_OS_Timeout) for BSP_OS_Timeout
    gasstove_service.o(i.GasStove_DisRTC) refers to stm32fxxx_misc.o(i.BSP_OS_TimeGet) for BSP_OS_TimeGet
    gasstove_service.o(i.GasStove_DisRTC) refers to ht1621.o(i.LED_SEG_Update) for LED_SEG_Update
    gasstove_service.o(i.GasStove_DisRTC) refers to ht1621.o(i.LED_SEGBlinkSet) for LED_SEGBlinkSet
    gasstove_service.o(i.GasStove_DisRTC) refers to rtc.o(i.get_rtc) for get_rtc
    gasstove_service.o(i.GasStove_DisRTC) refers to idiv.o(.text) for __aeabi_idivmod
    gasstove_service.o(i.GasStove_DisRTC) refers to gasstove_service.o(.data) for uiGasStove_DisDly
    gasstove_service.o(i.GasStove_DisSet) refers to stm32fxxx_misc.o(i.BSP_OS_Timeout) for BSP_OS_Timeout
    gasstove_service.o(i.GasStove_DisSet) refers to gasstove_service.o(i.SettingTiming_Ensure) for SettingTiming_Ensure
    gasstove_service.o(i.GasStove_DisSet) refers to cooker_extafn.o(i.Cooker_SysIdMatchResult) for Cooker_SysIdMatchResult
    gasstove_service.o(i.GasStove_DisSet) refers to gasstove_service.o(.data) for bGasStove_TimingSetEn
    gasstove_service.o(i.GasStove_DisSetButton) refers to gasstove_service.o(i.GasStove_DisSettingRTC) for GasStove_DisSettingRTC
    gasstove_service.o(i.GasStove_DisSetButton) refers to keyboard.o(i.KeyBoard_FunReg) for KeyBoard_FunReg
    gasstove_service.o(i.GasStove_DisSetButton) refers to ht1621.o(i.Led_DisplayOff) for Led_DisplayOff
    gasstove_service.o(i.GasStove_DisSetButton) refers to ht1621.o(i.Led_DisplayOn) for Led_DisplayOn
    gasstove_service.o(i.GasStove_DisSetButton) refers to gasstove_service.o(i.GasStove_DisSettingStartTime) for GasStove_DisSettingStartTime
    gasstove_service.o(i.GasStove_DisSetButton) refers to gasstove_service.o(i.GasStove_DisSettingEndTime) for GasStove_DisSettingEndTime
[...]
    Removing stm32f0xx_tim.o(i.TIM_DMACmd), (20 bytes).
    Removing stm32f0xx_tim.o(i.TIM_DMAConfig), (12 bytes).
    Removing stm32f0xx_tim.o(i.TIM_DeInit), (260 bytes).
    Removing stm32f0xx_tim.o(i.TIM_ETRClockMode1Config), (52 bytes).
    Removing stm32f0xx_tim.o(i.TIM_ETRClockMode2Config), (34 bytes).
    Removing stm32f0xx_tim.o(i.TIM_ETRConfig), (24 bytes).
    Removing stm32f0xx_tim.o(i.TIM_EncoderInterfaceConfig), (68 bytes).
    Removing stm32f0xx_tim.o(i.TIM_ForcedOC1Config), (24 bytes).
    Removing stm32f0xx_tim.o(i.TIM_ForcedOC2Config), (24 bytes).
    Removing stm32f0xx_tim.o(i.TIM_ForcedOC3Config), (24 bytes).
    Removing stm32f0xx_tim.o(i.TIM_ForcedOC4Config), (24 bytes).
    Removing stm32f0xx_tim.o(i.TIM_GenerateEvent), (4 bytes).
    Removing stm32f0xx_tim.o(i.TIM_GetCapture1), (6 bytes).
    Removing stm32f0xx_tim.o(i.TIM_GetCapture2), (6 bytes).
    Removing stm32f0xx_tim.o(i.TIM_GetCapture3), (6 bytes).
    Removing stm32f0xx_tim.o(i.TIM_GetCapture4), (6 bytes).
    Removing stm32f0xx_tim.o(i.TIM_GetCounter), (6 bytes).
    Removing stm32f0xx_tim.o(i.TIM_GetFlagStatus), (20 bytes).
    Removing stm32f0xx_tim.o(i.TIM_GetITStatus), (38 bytes).
    Removing stm32f0xx_tim.o(i.TIM_GetPrescaler), (6 bytes).
    Removing stm32f0xx_tim.o(i.TIM_ICInit), (112 bytes).
    Removing stm32f0xx_tim.o(i.TIM_ICStructInit), (18 bytes).
    Removing stm32f0xx_tim.o(i.TIM_ITConfig), (20 bytes).
    Removing stm32f0xx_tim.o(i.TIM_ITRxExternalClockConfig), (24 bytes).
    Removing stm32f0xx_tim.o(i.TIM_InternalClockConfig), (16 bytes).
    Removing stm32f0xx_tim.o(i.TIM_OC1FastConfig), (24 bytes).
    Removing stm32f0xx_tim.o(i.TIM_OC1Init), (148 bytes).
    Removing stm32f0xx_tim.o(i.TIM_OC1NPolarityConfig), (24 bytes).
    Removing stm32f0xx_tim.o(i.TIM_OC1PolarityConfig), (24 bytes).
    Removing stm32f0xx_tim.o(i.TIM_OC1PreloadConfig), (24 bytes).
    Removing stm32f0xx_tim.o(i.TIM_OC2FastConfig), (24 bytes).
    Removing stm32f0xx_tim.o(i.TIM_OC2Init), (172 bytes).
    Removing stm32f0xx_tim.o(i.TIM_OC2NPolarityConfig), (24 bytes).
    Removing stm32f0xx_tim.o(i.TIM_OC2PolarityConfig), (24 bytes).
    Removing stm32f0xx_tim.o(i.TIM_OC2PreloadConfig), (24 bytes).
    Removing stm32f0xx_tim.o(i.TIM_OC3FastConfig), (24 bytes).
    Removing stm32f0xx_tim.o(i.TIM_OC3Init), (152 bytes).
    Removing stm32f0xx_tim.o(i.TIM_OC3NPolarityConfig), (24 bytes).
    Removing stm32f0xx_tim.o(i.TIM_OC3PolarityConfig), (24 bytes).
    Removing stm32f0xx_tim.o(i.TIM_OC3PreloadConfig), (24 bytes).
    Removing stm32f0xx_tim.o(i.TIM_OC4FastConfig), (24 bytes).
    Removing stm32f0xx_tim.o(i.TIM_OC4Init), (112 bytes).
    Removing stm32f0xx_tim.o(i.TIM_OC4PolarityConfig), (24 bytes).
    Removing stm32f0xx_tim.o(i.TIM_OC4PreloadConfig), (24 bytes).
    Removing stm32f0xx_tim.o(i.TIM_OCStructInit), (20 bytes).
    Removing stm32f0xx_tim.o(i.TIM_PWMIConfig), (124 bytes).
    Removing stm32f0xx_tim.o(i.TIM_PrescalerConfig), (6 bytes).
    Removing stm32f0xx_tim.o(i.TIM_RemapConfig), (6 bytes).
    Removing stm32f0xx_tim.o(i.TIM_SelectCCDMA), (28 bytes).
    Removing stm32f0xx_tim.o(i.TIM_SelectCOM), (28 bytes).
    Removing stm32f0xx_tim.o(i.TIM_SelectHallSensor), (28 bytes).
    Removing stm32f0xx_tim.o(i.TIM_SelectInputTrigger), (24 bytes).
    Removing stm32f0xx_tim.o(i.TIM_SelectMasterSlaveMode), (20 bytes).
    Removing stm32f0xx_tim.o(i.TIM_SelectOCREFClear), (20 bytes).
    Removing stm32f0xx_tim.o(i.TIM_SelectOCxM), (82 bytes).
    Removing stm32f0xx_tim.o(i.TIM_SelectOnePulseMode), (20 bytes).
    Removing stm32f0xx_tim.o(i.TIM_SelectOutputTrigger), (20 bytes).
    Removing stm32f0xx_tim.o(i.TIM_SelectSlaveMode), (20 bytes).
    Removing stm32f0xx_tim.o(i.TIM_SetAutoreload), (4 bytes).
    Removing stm32f0xx_tim.o(i.TIM_SetClockDivision), (20 bytes).
    Removing stm32f0xx_tim.o(i.TIM_SetCompare1), (4 bytes).
    Removing stm32f0xx_tim.o(i.TIM_SetCompare2), (4 bytes).
    Removing stm32f0xx_tim.o(i.TIM_SetCompare3), (4 bytes).
    Removing stm32f0xx_tim.o(i.TIM_SetCompare4), (4 bytes).
    Removing stm32f0xx_tim.o(i.TIM_SetCounter), (4 bytes).
    Removing stm32f0xx_tim.o(i.TIM_SetIC1Prescaler), (20 bytes).
    Removing stm32f0xx_tim.o(i.TIM_SetIC2Prescaler), (24 bytes).
    Removing stm32f0xx_tim.o(i.TIM_SetIC3Prescaler), (20 bytes).
    Removing stm32f0xx_tim.o(i.TIM_SetIC4Prescaler), (24 bytes).
    Removing stm32f0xx_tim.o(i.TIM_TIxExternalClockConfig), (58 bytes).
    Removing stm32f0xx_tim.o(i.TIM_TimeBaseInit), (124 bytes).
    Removing stm32f0xx_tim.o(i.TIM_TimeBaseStructInit), (18 bytes).
    Removing stm32f0xx_tim.o(i.TIM_UpdateDisableConfig), (28 bytes).
    Removing stm32f0xx_tim.o(i.TIM_UpdateRequestConfig), (28 bytes).
    Removing stm32f0xx_usart.o(.rev16_text), (4 bytes).
    Removing stm32f0xx_usart.o(.revsh_text), (4 bytes).
    Removing stm32f0xx_usart.o(i.USART_AddressDetectionConfig), (16 bytes).
    Removing stm32f0xx_usart.o(i.USART_AutoBaudRateCmd), (28 bytes).
    Removing stm32f0xx_usart.o(i.USART_AutoBaudRateConfig), (18 bytes).
    Removing stm32f0xx_usart.o(i.USART_ClearFlag), (4 bytes).
    Removing stm32f0xx_usart.o(i.USART_ClockInit), (36 bytes).
    Removing stm32f0xx_usart.o(i.USART_ClockStructInit), (12 bytes).
    Removing stm32f0xx_usart.o(i.USART_Cmd), (24 bytes).
    Removing stm32f0xx_usart.o(i.USART_DECmd), (28 bytes).
    Removing stm32f0xx_usart.o(i.USART_DEPolarityConfig), (18 bytes).
    Removing stm32f0xx_usart.o(i.USART_DMACmd), (20 bytes).
    Removing stm32f0xx_usart.o(i.USART_DMAReceptionErrorConfig), (18 bytes).
    Removing stm32f0xx_usart.o(i.USART_DataInvCmd), (28 bytes).
    Removing stm32f0xx_usart.o(i.USART_DeInit), (124 bytes).
    Removing stm32f0xx_usart.o(i.USART_DirectionModeCmd), (20 bytes).
    Removing stm32f0xx_usart.o(i.USART_GetITStatus), (78 bytes).
    Removing stm32f0xx_usart.o(i.USART_HalfDuplexCmd), (24 bytes).
    Removing stm32f0xx_usart.o(i.USART_ITConfig), (66 bytes).
    Removing stm32f0xx_usart.o(i.USART_Init), (232 bytes).
    Removing stm32f0xx_usart.o(i.USART_InvPinCmd), (20 bytes).
    Removing stm32f0xx_usart.o(i.USART_IrDACmd), (24 bytes).
    Removing stm32f0xx_usart.o(i.USART_IrDAConfig), (16 bytes).
    Removing stm32f0xx_usart.o(i.USART_LINBreakDetectLengthConfig), (16 bytes).
    Removing stm32f0xx_usart.o(i.USART_LINCmd), (28 bytes).
    Removing stm32f0xx_usart.o(i.USART_MSBFirstCmd), (28 bytes).
    Removing stm32f0xx_usart.o(i.USART_MuteModeCmd), (28 bytes).
    Removing stm32f0xx_usart.o(i.USART_MuteModeWakeUpConfig), (18 bytes).
    Removing stm32f0xx_usart.o(i.USART_OneBitMethodCmd), (28 bytes).
    Removing stm32f0xx_usart.o(i.USART_OverSampling8Cmd), (28 bytes).
    Removing stm32f0xx_usart.o(i.USART_OverrunDetectionConfig), (18 bytes).
    Removing stm32f0xx_usart.o(i.USART_ReceiverTimeOutCmd), (28 bytes).
    Removing stm32f0xx_usart.o(i.USART_RequestCmd), (20 bytes).
    Removing stm32f0xx_usart.o(i.USART_STOPModeCmd), (24 bytes).
    Removing stm32f0xx_usart.o(i.USART_SWAPPinCmd), (28 bytes).
    Removing stm32f0xx_usart.o(i.USART_SendData), (8 bytes).
    Removing stm32f0xx_usart.o(i.USART_SetAddress), (18 bytes).
    Removing stm32f0xx_usart.o(i.USART_SetAutoRetryCount), (20 bytes).
    Removing stm32f0xx_usart.o(i.USART_SetBlockLength), (18 bytes).
    Removing stm32f0xx_usart.o(i.USART_SetDEAssertionTime), (20 bytes).
    Removing stm32f0xx_usart.o(i.USART_SetDEDeassertionTime), (20 bytes).
    Removing stm32f0xx_usart.o(i.USART_SetGuardTime), (16 bytes).
    Removing stm32f0xx_usart.o(i.USART_SetPrescaler), (18 bytes).
    Removing stm32f0xx_usart.o(i.USART_SetReceiverTimeOut), (16 bytes).
    Removing stm32f0xx_usart.o(i.USART_SmartCardCmd), (24 bytes).
    Removing stm32f0xx_usart.o(i.USART_SmartCardNACKCmd), (24 bytes).
    Removing stm32f0xx_usart.o(i.USART_StopModeWakeUpSourceConfig), (18 bytes).
    Removing stm32f0xx_usart.o(i.USART_StructInit), (24 bytes).
    Removing sx1212.o(i.ReceiveRfFrame), (104 bytes).
    Removing chordtone.o(i.ChordTone_CtrlService), (244 bytes).
    Removing chordtone.o(i.ChordTone_Start), (340 bytes).
    Removing chordtone.o(.bss), (12 bytes).
    Removing chordtone.o(.constdata), (2472 bytes).
    Removing chordtone.o(.data), (16 bytes).
    Removing keyboard.o(.rev16_text), (4 bytes).
    Removing keyboard.o(.revsh_text), (4 bytes).
    Removing keyboard.o(i.KeyBoard_InState), (96 bytes).
    Removing keyboard.o(i.KeyBoard_Service), (292 bytes).
    Removing keyboard.o(.constdata), (5 bytes).
    Removing keyboard.o(.data), (8 bytes).
    Removing cooker_extafn.o(i.Cooker_AFNChk), (112 bytes).
    Removing cooker_extafn.o(i.Cooker_SysIdMatchResult), (12 bytes).
    Removing cooker_extafn.o(i.GasStove_FireState), (12 bytes).
    Removing cooker_extafn.o(i.GasStove_FireStateChkService), (52 bytes).
    Removing cooker_parse.o(i.CookerParse_Addr), (52 bytes).
    Removing cooker_parse.o(i.CookerParse_Check), (80 bytes).
    Removing cooker_parse.o(i.CookerParse_Cmd), (36 bytes).
    Removing cooker_parse.o(i.CookerParse_Header), (28 bytes).
    Removing cooker_parse.o(i.CookerParse_Length), (20 bytes).
    Removing cooker_parse.o(i.CookerParse_Nop), (2 bytes).
    Removing cooker_parse.o(i.CookerParse_Payload), (64 bytes).
    Removing cooker_parse.o(i.Cooker_AFNChk), (2 bytes).
    Removing cooker_parse.o(i.Cooker_Parse), (152 bytes).
    Removing cooker_parse.o(.bss), (44 bytes).
    Removing cooker_parse.o(.constdata), (28 bytes).
    Removing cooker_parse.o(.data), (16 bytes).
    Removing platform_sx1212.o(.rev16_text), (4 bytes).
    Removing platform_sx1212.o(.revsh_text), (4 bytes).
    Removing platform_sx1212.o(i.SX1212_IRQ0Get), (24 bytes).
    Removing platform_chordtone.o(.rev16_text), (4 bytes).
    Removing platform_chordtone.o(.revsh_text), (4 bytes).
    Removing platform_chordtone.o(i.Buzzer_PwrOn), (20 bytes).
    Removing platform_chordtone.o(i.ChordTone_PWMDisable), (76 bytes).
    Removing platform_chordtone.o(i.ChordTone_PWMEnable), (172 bytes).
    Removing platform_chordtone.o(.data), (5 bytes).
    Removing platform_extpin.o(.rev16_text), (4 bytes).
    Removing platform_extpin.o(.revsh_text), (4 bytes).
    Removing platform_extpin.o(i.GasStove_FanRotation), (12 bytes).
    Removing platform_extpin.o(i.GasStove_GasSensor), (24 bytes).
    Removing platform_ht1621.o(.rev16_text), (4 bytes).
    Removing platform_ht1621.o(.revsh_text), (4 bytes).
    Removing utilities.o(i.CheckRTCLegal), (224 bytes).
    Removing utilities.o(i.GetByte_BitOneCount), (24 bytes).
    Removing utilities.o(i.Host16ToNetWorkByte), (28 bytes).
    Removing utilities.o(i.Host32ToNetWorkByte), (42 bytes).
    Removing utilities.o(i.NetWork16ToHostByte), (28 bytes).
    Removing utilities.o(i.NetWork32ToHostByte), (42 bytes).
    Removing utilities.o(i.SmallEndian_Check), (20 bytes).
    Removing utilities.o(.constdata), (16 bytes).
    Removing crc32ethernetstm32.o(.rev16_text), (4 bytes).
    Removing crc32ethernetstm32.o(.revsh_text), (4 bytes).
    Removing stringoperate.o(i.ISStringNumber), (96 bytes).
    Removing stringoperate.o(i.Is_NumDigit), (84 bytes).
    Removing stringoperate.o(i.ReMemcpy), (30 bytes).
    Removing stringoperate.o(i.ReStrcmp), (56 bytes).
    Removing stringoperate.o(i.ReStrlen), (32 bytes).
    Removing stringoperate.o(i.cmpbuf), (36 bytes).
    Removing stringoperate.o(i.hexalpha_to_int), (72 bytes).
    Removing stringoperate.o(i.htoi), (102 bytes).
    Removing crc.o(i.DS18B20_CRC8Check), (72 bytes).
    Removing crc.o(i.HalfWordSumCheck), (8 bytes).
    Removing crc.o(i.NMEA_CheckSum), (24 bytes).
    Removing crc.o(i.SumCheck), (8 bytes).
    Removing crc.o(i.crc16_block), (60 bytes).
    Removing crc.o(i.crc16_byte), (48 bytes).
    Removing crc.o(i.crc16_ccitt_block), (44 bytes).
    Removing crc.o(i.crc_block_ethernet), (216 bytes).

411 unused section(s) (total 20588 bytes) removed from the image.

==============================================================================

Image Symbol Table

    Local Symbols

    Symbol Name                              Value     Ov Type        Size  Object(Section)

    ../clib/microlib/division.c              0x00000000   Number         0  idiv.o ABSOLUTE
    ../clib/microlib/division.c              0x00000000   Number         0  uidiv.o ABSOLUTE
    ../clib/microlib/init/entry.s            0x00000000   Number         0  entry9b.o ABSOLUTE
    ../clib/microlib/init/entry.s            0x00000000   Number         0  entry5.o ABSOLUTE
    ../clib/microlib/init/entry.s            0x00000000   Number         0  entry2.o ABSOLUTE
    ../clib/microlib/init/entry.s            0x00000000   Number         0  entry7b.o ABSOLUTE
    ../clib/microlib/init/entry.s            0x00000000   Number         0  entry11b.o ABSOLUTE
    ../clib/microlib/init/entry.s            0x00000000   Number         0  entry11a.o ABSOLUTE
    ../clib/microlib/init/entry.s            0x00000000   Number         0  entry8a.o ABSOLUTE
    ../clib/microlib/init/entry.s            0x00000000   Number         0  entry8b.o ABSOLUTE
    ../clib/microlib/init/entry.s            0x00000000   Number         0  entry10b.o ABSOLUTE
    ../clib/microlib/init/entry.s            0x00000000   Number         0  entry7a.o ABSOLUTE
    ../clib/microlib/init/entry.s            0x00000000   Number         0  entry9a.o ABSOLUTE
    ../clib/microlib/init/entry.s            0x00000000   Number         0  entry.o ABSOLUTE
    ../clib/microlib/init/entry.s            0x00000000   Number         0  entry10a.o ABSOLUTE
    ../clib/microlib/string/memcpy.c         0x00000000   Number         0  memcpyb.o ABSOLUTE
    ../clib/microlib/string/memcpy.c         0x00000000   Number         0  memcpya.o ABSOLUTE
    ../clib/microlib/string/memset.c         0x00000000   Number         0  memseta.o ABSOLUTE
    ..\STM32Lib\STM32_Device_Lib\CMSIS\CM0\Device\ST\STM32F0xx\Source\Templates\arm\startup_stm32f051.s 0x00000000   Number         0  startup_stm32f051.o ABSOLUTE
    ..\STM32Lib\STM32_Device_Lib\CMSIS\CM0\Device\ST\STM32F0xx\Source\Templates\system_stm32f0xx.c 0x00000000   Number         0  system_stm32f0xx.o ABSOLUTE
    ..\STM32Lib\STM32_Device_Lib\STM32F0xx_StdPeriph_Driver\src\stm32f0xx_crc.c 0x00000000   Number         0  stm32f0xx_crc.o ABSOLUTE
    ..\STM32Lib\STM32_Device_Lib\STM32F0xx_StdPeriph_Driver\src\stm32f0xx_flash.c 0x00000000   Number         0  stm32f0xx_flash.o ABSOLUTE
    ..\STM32Lib\STM32_Device_Lib\STM32F0xx_StdPeriph_Driver\src\stm32f0xx_gpio.c 0x00000000   Number         0  stm32f0xx_gpio.o ABSOLUTE
    ..\STM32Lib\STM32_Device_Lib\STM32F0xx_StdPeriph_Driver\src\stm32f0xx_iwdg.c 0x00000000   Number         0  stm32f0xx_iwdg.o ABSOLUTE
    ..\STM32Lib\STM32_Device_Lib\STM32F0xx_StdPeriph_Driver\src\stm32f0xx_misc.c 0x00000000   Number         0  stm32f0xx_misc.o ABSOLUTE
    ..\STM32Lib\STM32_Device_Lib\STM32F0xx_StdPeriph_Driver\src\stm32f0xx_pwr.c 0x00000000   Number         0  stm32f0xx_pwr.o ABSOLUTE
    ..\STM32Lib\STM32_Device_Lib\STM32F0xx_StdPeriph_Driver\src\stm32f0xx_rcc.c 0x00000000   Number         0  stm32f0xx_rcc.o ABSOLUTE
    ..\STM32Lib\STM32_Device_Lib\STM32F0xx_StdPeriph_Driver\src\stm32f0xx_rtc.c 0x00000000   Number         0  stm32f0xx_rtc.o ABSOLUTE
    ..\STM32Lib\STM32_Device_Lib\STM32F0xx_StdPeriph_Driver\src\stm32f0xx_tim.c 0x00000000   Number         0  stm32f0xx_tim.o ABSOLUTE
    ..\STM32Lib\STM32_Device_Lib\STM32F0xx_StdPeriph_Driver\src\stm32f0xx_usart.c 0x00000000   Number         0  stm32f0xx_usart.o ABSOLUTE
    ..\STM32Lib\UserLib\CookerParse\Cooker_ExtAFN.c 0x00000000   Number         0  cooker_extafn.o ABSOLUTE
    ..\STM32Lib\UserLib\CookerParse\Cooker_Parse.c 0x00000000   Number         0  cooker_parse.o ABSOLUTE
    ..\STM32Lib\UserLib\cpu\src\STM32Fxx_Flash.c 0x00000000   Number         0  stm32fxx_flash.o ABSOLUTE
    ..\STM32Lib\UserLib\cpu\src\STM32Fxxx_Misc.c 0x00000000   Number         0  stm32fxxx_misc.o ABSOLUTE
    ..\STM32Lib\UserLib\cpu\src\STM32Fxxx_RTC.c 0x00000000   Number         0  stm32fxxx_rtc.o ABSOLUTE
    ..\STM32Lib\UserLib\cpu\src\STM32Fxxx_Serial.c 0x00000000   Number         0  stm32fxxx_serial.o ABSOLUTE
    ..\STM32Lib\UserLib\device\src\ChordTone.c 0x00000000   Number         0  chordtone.o ABSOLUTE
    ..\STM32Lib\UserLib\device\src\HT1621.c  0x00000000   Number         0  ht1621.o ABSOLUTE
    ..\STM32Lib\UserLib\device\src\KeyBoard.c 0x00000000   Number         0  keyboard.o ABSOLUTE
    ..\STM32Lib\UserLib\device\src\SX1212.c  0x00000000   Number         0  sx1212.o ABSOLUTE
    ..\STM32Lib\UserLib\device\src\rtc.c     0x00000000   Number         0  rtc.o ABSOLUTE
    ..\STM32Lib\UserLib\utilities\src\Crc32EthernetSTM32.c 0x00000000   Number         0  crc32ethernetstm32.o ABSOLUTE
    ..\STM32Lib\UserLib\utilities\src\StringOperate.c 0x00000000   Number         0  stringoperate.o ABSOLUTE
    ..\STM32Lib\UserLib\utilities\src\crc.c  0x00000000   Number         0  crc.o ABSOLUTE
    ..\STM32Lib\UserLib\utilities\src\utilities.c 0x00000000   Number         0  utilities.o ABSOLUTE
    ..\\STM32Lib\\STM32_Device_Lib\\CMSIS\\CM0\\Device\\ST\\STM32F0xx\\Source\\Templates\\system_stm32f0xx.c 0x00000000   Number         0  system_stm32f0xx.o ABSOLUTE
    ..\\STM32Lib\\STM32_Device_Lib\\STM32F0xx_StdPeriph_Driver\\src\\stm32f0xx_crc.c 0x00000000   Number         0  stm32f0xx_crc.o ABSOLUTE
    ..\\STM32Lib\\STM32_Device_Lib\\STM32F0xx_StdPeriph_Driver\\src\\stm32f0xx_flash.c 0x00000000   Number         0  stm32f0xx_flash.o ABSOLUTE
    ..\\STM32Lib\\STM32_Device_Lib\\STM32F0xx_StdPeriph_Driver\\src\\stm32f0xx_gpio.c 0x00000000   Number         0  stm32f0xx_gpio.o ABSOLUTE
    ..\\STM32Lib\\STM32_Device_Lib\\STM32F0xx_StdPeriph_Driver\\src\\stm32f0xx_iwdg.c 0x00000000   Number         0  stm32f0xx_iwdg.o ABSOLUTE
    ..\\STM32Lib\\STM32_Device_Lib\\STM32F0xx_StdPeriph_Driver\\src\\stm32f0xx_misc.c 0x00000000   Number         0  stm32f0xx_misc.o ABSOLUTE
    ..\\STM32Lib\\STM32_Device_Lib\\STM32F0xx_StdPeriph_Driver\\src\\stm32f0xx_pwr.c 0x00000000   Number         0  stm32f0xx_pwr.o ABSOLUTE
    ..\\STM32Lib\\STM32_Device_Lib\\STM32F0xx_StdPeriph_Driver\\src\\stm32f0xx_rcc.c 0x00000000   Number         0  stm32f0xx_rcc.o ABSOLUTE
    ..\\STM32Lib\\STM32_Device_Lib\\STM32F0xx_StdPeriph_Driver\\src\\stm32f0xx_rtc.c 0x00000000   Number         0  stm32f0xx_rtc.o ABSOLUTE
    ..\\STM32Lib\\STM32_Device_Lib\\STM32F0xx_StdPeriph_Driver\\src\\stm32f0xx_tim.c 0x00000000   Number         0  stm32f0xx_tim.o ABSOLUTE
    ..\\STM32Lib\\STM32_Device_Lib\\STM32F0xx_StdPeriph_Driver\\src\\stm32f0xx_usart.c 0x00000000   Number         0  stm32f0xx_usart.o ABSOLUTE
    ..\\STM32Lib\\UserLib\\cpu\\src\\STM32Fxx_Flash.c 0x00000000   Number         0  stm32fxx_flash.o ABSOLUTE
    ..\\STM32Lib\\UserLib\\cpu\\src\\STM32Fxxx_Misc.c 0x00000000   Number         0  stm32fxxx_misc.o ABSOLUTE
    ..\\STM32Lib\\UserLib\\cpu\\src\\STM32Fxxx_RTC.c 0x00000000   Number         0  stm32fxxx_rtc.o ABSOLUTE
    ..\\STM32Lib\\UserLib\\cpu\\src\\STM32Fxxx_Serial.c 0x00000000   Number         0  stm32fxxx_serial.o ABSOLUTE
    ..\\STM32Lib\\UserLib\\device\\src\\KeyBoard.c 0x00000000   Number         0  keyboard.o ABSOLUTE
    ..\\STM32Lib\\UserLib\\utilities\\src\\Crc32EthernetSTM32.c 0x00000000   Number         0  crc32ethernetstm32.o ABSOLUTE
    ..\\app\\src\\app.c                      0x00000000   Number         0  app.o ABSOLUTE
    ..\\platform\\platform_ChordTone.c       0x00000000   Number         0  platform_chordtone.o ABSOLUTE
    ..\\platform\\platform_ExtPin.c          0x00000000   Number         0  platform_extpin.o ABSOLUTE
    ..\\platform\\platform_HT1621.c          0x00000000   Number         0  platform_ht1621.o ABSOLUTE
    ..\\platform\\platform_SX1212.c          0x00000000   Number         0  platform_sx1212.o ABSOLUTE
    ..\app\src\GasStove_Service.c            0x00000000   Number         0  gasstove_service.o ABSOLUTE
    ..\app\src\app.c                         0x00000000   Number         0  app.o ABSOLUTE
    ..\platform\platform_ChordTone.c         0x00000000   Number         0  platform_chordtone.o ABSOLUTE
    ..\platform\platform_ExtPin.c            0x00000000   Number         0  platform_extpin.o ABSOLUTE
    ..\platform\platform_HT1621.c            0x00000000   Number         0  platform_ht1621.o ABSOLUTE
    ..\platform\platform_SX1212.c            0x00000000   Number         0  platform_sx1212.o ABSOLUTE
    dc.s                                     0x00000000   Number         0  dc.o ABSOLUTE
    handlers.s                               0x00000000   Number         0  handlers.o ABSOLUTE
    init.s                                   0x00000000   Number         0  init.o ABSOLUTE
    RESET                                    0x08000000   Section      192  startup_stm32f051.o(RESET)
    .ARM.Collect$$$$00000000                 0x080000c0   Section        0  entry.o(.ARM.Collect$$$$00000000)
    .ARM.Collect$$$$00000001                 0x080000c0   Section        4  entry2.o(.ARM.Collect$$$$00000001)
    .ARM.Collect$$$$00000004                 0x080000c4   Section        4  entry5.o(.ARM.Collect$$$$00000004)
    .ARM.Collect$$$$00000008                 0x080000c8   Section        0  entry7b.o(.ARM.Collect$$$$00000008)
    .ARM.Collect$$$$0000000A                 0x080000c8   Section        0  entry8b.o(.ARM.Collect$$$$0000000A)
    .ARM.Collect$$$$0000000B                 0x080000c8   Section        8  entry9a.o(.ARM.Collect$$$$0000000B)
    .ARM.Collect$$$$0000000D                 0x080000d0   Section        0  entry10a.o(.ARM.Collect$$$$0000000D)
    .ARM.Collect$$$$0000000F                 0x080000d0   Section        0  entry11a.o(.ARM.Collect$$$$0000000F)
    .ARM.Collect$$$$00002712                 0x080000d0   Section        4  entry2.o(.ARM.Collect$$$$00002712)
    __lit__00000000                          0x080000d0   Data           4  entry2.o(.ARM.Collect$$$$00002712)
    .text                                    0x080000d4   Section       28  startup_stm32f051.o(.text)
    .text                                    0x080000f0   Section        0  uidiv.o(.text)
    .text                                    0x0800011c   Section        0  idiv.o(.text)
    .text                                    0x08000144   Section        0  memcpya.o(.text)
    .text                                    0x08000168   Section        0  memseta.o(.text)
    .text                                    0x0800018c   Section       36  init.o(.text)
    i.BSP_OS_TimeDlyMs                       0x080001b0   Section        0  stm32fxxx_misc.o(i.BSP_OS_TimeDlyMs)
    i.BSP_OS_TimeGet                         0x080001c8   Section        0  stm32fxxx_misc.o(i.BSP_OS_TimeGet)
    i.BSP_OS_Timeout                         0x080001d8   Section        0  stm32fxxx_misc.o(i.BSP_OS_Timeout)
    i.BSP_RTCGet                             0x080001f4   Section        0  stm32fxxx_rtc.o(i.BSP_RTCGet)
    i.BSP_RTCSet                             0x08000230   Section        0  stm32fxxx_rtc.o(i.BSP_RTCSet)
    i.BuildPacket                            0x08000278   Section        0  sx1212.o(i.BuildPacket)
    i.Buzzer_GPIOInit                        0x080002c4   Section        0  platform_chordtone.o(i.Buzzer_GPIOInit)
    i.Buzzer_PwrOff                          0x080002f4   Section        0  platform_chordtone.o(i.Buzzer_PwrOff)
    i.CRC_CalcBlockCRC                       0x08000308   Section        0  stm32f0xx_crc.o(i.CRC_CalcBlockCRC)
    i.CRC_CalcCRC                            0x0800032c   Section        0  stm32f0xx_crc.o(i.CRC_CalcCRC)
    i.CRC_ResetDR                            0x0800033c   Section        0  stm32f0xx_crc.o(i.CRC_ResetDR)
    i.CheckRTCRight                          0x08000350   Section        0  utilities.o(i.CheckRTCRight)
    i.ChordTone_Init                         0x080003fa   Section        0  chordtone.o(i.ChordTone_Init)
    i.ChordTone_PWMDevInit                   0x0800040c   Section        0  platform_chordtone.o(i.ChordTone_PWMDevInit)
    i.Cooker_ExtPinGPIOInit                  0x08000448   Section        0  platform_extpin.o(i.Cooker_ExtPinGPIOInit)
    i.Cooker_GetId                           0x08000482   Section        0  cooker_parse.o(i.Cooker_GetId)
    i.Cooker_Load                            0x08000498   Section        0  cooker_parse.o(i.Cooker_Load)
    i.Cooker_SysIdMatch                      0x08000554   Section        0  cooker_extafn.o(i.Cooker_SysIdMatch)
    i.Cooker_WirelessSendLoad                0x08000574   Section        0  cooker_parse.o(i.Cooker_WirelessSendLoad)
    i.FLASH_ClearFlag                        0x080005a4   Section        0  stm32f0xx_flash.o(i.FLASH_ClearFlag)
    i.FLASH_ErasePage                        0x080005b0   Section        0  stm32f0xx_flash.o(i.FLASH_ErasePage)
    i.FLASH_GetStatus                        0x080005fc   Section        0  stm32f0xx_flash.o(i.FLASH_GetStatus)
    i.FLASH_Lock                             0x08000638   Section        0  stm32f0xx_flash.o(i.FLASH_Lock)
    i.FLASH_ProgramWord                      0x0800064c   Section        0  stm32f0xx_flash.o(i.FLASH_ProgramWord)
    i.FLASH_Unlock                           0x080006b8   Section        0  stm32f0xx_flash.o(i.FLASH_Unlock)
    i.FLASH_WaitForLastOperation             0x080006dc   Section        0  stm32f0xx_flash.o(i.FLASH_WaitForLastOperation)
    i.FanRotation_Level                      0x08000704   Section        0  platform_extpin.o(i.FanRotation_Level)
    FanRotation_Level                        0x08000705   Thumb Code    24  platform_extpin.o(i.FanRotation_Level)
    i.FanRotation_Service                    0x0800071c   Section        0  platform_extpin.o(i.FanRotation_Service)
    i.GPIO_Init                              0x08000760   Section        0  stm32f0xx_gpio.o(i.GPIO_Init)
    i.GPIO_PinAFConfig                       0x080007f0   Section        0  stm32f0xx_gpio.o(i.GPIO_PinAFConfig)
    i.GPIO_ReadInputDataBit                  0x08000834   Section        0  stm32f0xx_gpio.o(i.GPIO_ReadInputDataBit)
    i.GPIO_ResetBits                         0x08000848   Section        0  stm32f0xx_gpio.o(i.GPIO_ResetBits)
    i.GPIO_SetBits                           0x0800084c   Section        0  stm32f0xx_gpio.o(i.GPIO_SetBits)
    i.GasStove_DisSetButton                  0x08000850   Section        0  gasstove_service.o(i.GasStove_DisSetButton)
    GasStove_DisSetButton                    0x08000851   Thumb Code   338  gasstove_service.o(i.GasStove_DisSetButton)
    i.GasStove_DisSettingEndTime             0x080009ec   Section        0  gasstove_service.o(i.GasStove_DisSettingEndTime)
    GasStove_DisSettingEndTime               0x080009ed   Thumb Code    76  gasstove_service.o(i.GasStove_DisSettingEndTime)
    i.GasStove_DisSettingRTC                 0x08000a40   Section        0  gasstove_service.o(i.GasStove_DisSettingRTC)
    GasStove_DisSettingRTC                   0x08000a41   Thumb Code    16  gasstove_service.o(i.GasStove_DisSettingRTC)
    i.GasStove_DisSettingStartTime           0x08000a54   Section        0  gasstove_service.o(i.GasStove_DisSettingStartTime)
    GasStove_DisSettingStartTime             0x08000a55   Thumb Code    76  gasstove_service.o(i.GasStove_DisSettingStartTime)
    i.GasStove_ExtEnsure                     0x08000aa8   Section        0  gasstove_service.o(i.GasStove_ExtEnsure)
    GasStove_ExtEnsure                       0x08000aa9   Thumb Code   260  gasstove_service.o(i.GasStove_ExtEnsure)
    i.GasStove_Flameout                      0x08000be4   Section        0  cooker_extafn.o(i.GasStove_Flameout)
    i.GasStove_Init                          0x08000c00   Section        0  gasstove_service.o(i.GasStove_Init)
    i.GasStove_TimingIRQHandler              0x08000ca0   Section        0  gasstove_service.o(i.GasStove_TimingIRQHandler)
    GasStove_TimingIRQHandler                0x08000ca1   Thumb Code    48  gasstove_service.o(i.GasStove_TimingIRQHandler)
    i.HT1621_Delay                           0x08000cdc   Section        0  platform_ht1621.o(i.HT1621_Delay)
    HT1621_Delay                             0x08000cdd   Thumb Code    18  platform_ht1621.o(i.HT1621_Delay)
    i.HT1621_GPIOInit                        0x08000cf0   Section        0  platform_ht1621.o(i.HT1621_GPIOInit)
    HT1621_GPIOInit                          0x08000cf1   Thumb Code    92  platform_ht1621.o(i.HT1621_GPIOInit)
    i.HT1621_Init                            0x08000d50   Section        0  platform_ht1621.o(i.HT1621_Init)
    i.HT1621_SignService                     0x08000da0   Section        0  ht1621.o(i.HT1621_SignService)
    i.HT1621_WriteCmd                        0x08000e1c   Section        0  platform_ht1621.o(i.HT1621_WriteCmd)
    i.HT1621_WriteData                       0x08000ed6   Section        0  platform_ht1621.o(i.HT1621_WriteData)
    i.InitSX1212                             0x08001008   Section        0  sx1212.o(i.InitSX1212)
    i.KeyBoard_FunReg                        0x08001054   Section        0  keyboard.o(i.KeyBoard_FunReg)
    i.KeyBoard_Init                          0x08001080   Section        0  keyboard.o(i.KeyBoard_Init)
    i.LED_SEGBlinkSet                        0x080010f8   Section        0  ht1621.o(i.LED_SEGBlinkSet)
    i.LED_SEG_Service                        0x0800111c   Section        0  ht1621.o(i.LED_SEG_Service)
    LED_SEG_Service                          0x0800111d   Thumb Code   258  ht1621.o(i.LED_SEG_Service)
    i.LED_SEG_Update                         0x08001240   Section        0  ht1621.o(i.LED_SEG_Update)
    i.LeapYear                               0x08001250   Section        0  utilities.o(i.LeapYear)
    i.Led_Display                            0x0800128c   Section        0  ht1621.o(i.Led_Display)
    Led_Display                              0x0800128d   Thumb Code   296  ht1621.o(i.Led_Display)
    i.Led_DisplayOff                         0x080013b8   Section        0  ht1621.o(i.Led_DisplayOff)
    i.Led_DisplayOn                          0x080013c8   Section        0  ht1621.o(i.Led_DisplayOn)
    i.Led_DisplayService                     0x080013d8   Section        0  ht1621.o(i.Led_DisplayService)
    Led_DisplayService                       0x080013d9   Thumb Code   542  ht1621.o(i.Led_DisplayService)
    i.NVIC_SetPriority                       0x0800161c   Section        0  stm32fxxx_misc.o(i.NVIC_SetPriority)
    NVIC_SetPriority                         0x0800161d   Thumb Code   110  stm32fxxx_misc.o(i.NVIC_SetPriority)
    i.PWR_BackupAccessCmd                    0x08001694   Section        0  stm32f0xx_pwr.o(i.PWR_BackupAccessCmd)
    i.RCC_AHBPeriphClockCmd                  0x080016bc   Section        0  stm32f0xx_rcc.o(i.RCC_AHBPeriphClockCmd)
    i.RCC_APB1PeriphClockCmd                 0x080016dc   Section        0  stm32f0xx_rcc.o(i.RCC_APB1PeriphClockCmd)
    i.RCC_GetFlagStatus                      0x080016fc   Section        0  stm32f0xx_rcc.o(i.RCC_GetFlagStatus)
    i.RCC_LSEConfig                          0x08001744   Section        0  stm32f0xx_rcc.o(i.RCC_LSEConfig)
    i.RCC_RTCCLKCmd                          0x0800176c   Section        0  stm32f0xx_rcc.o(i.RCC_RTCCLKCmd)
    i.RCC_RTCCLKConfig                       0x08001794   Section        0  stm32f0xx_rcc.o(i.RCC_RTCCLKConfig)
    i.RTC_Bcd2ToByte                         0x080017a4   Section        0  stm32f0xx_rtc.o(i.RTC_Bcd2ToByte)
    RTC_Bcd2ToByte                           0x080017a5   Thumb Code    26  stm32f0xx_rtc.o(i.RTC_Bcd2ToByte)
    i.RTC_ByteToBcd2                         0x080017be   Section        0  stm32f0xx_rtc.o(i.RTC_ByteToBcd2)
    RTC_ByteToBcd2                           0x080017bf   Thumb Code    28  stm32f0xx_rtc.o(i.RTC_ByteToBcd2)
    i.RTC_ClearFlag                          0x080017dc   Section        0  stm32f0xx_rtc.o(i.RTC_ClearFlag)
    i.RTC_EnterInitMode                      0x080017fc   Section        0  stm32f0xx_rtc.o(i.RTC_EnterInitMode)
    i.RTC_ExitInitMode                       0x08001854   Section        0  stm32f0xx_rtc.o(i.RTC_ExitInitMode)
    i.RTC_GetDate                            0x08001868   Section        0  stm32f0xx_rtc.o(i.RTC_GetDate)
    i.RTC_GetTime                            0x080018c8   Section        0  stm32f0xx_rtc.o(i.RTC_GetTime)
    i.RTC_Init                               0x08001924   Section        0  stm32f0xx_rtc.o(i.RTC_Init)
    i.RTC_ReadBackupRegister                 0x0800197c   Section        0  stm32f0xx_rtc.o(i.RTC_ReadBackupRegister)
    i.RTC_SetDate                            0x0800199c   Section        0  stm32f0xx_rtc.o(i.RTC_SetDate)
    i.RTC_SetTime                            0x08001a6c   Section        0  stm32f0xx_rtc.o(i.RTC_SetTime)
    i.RTC_WaitForSynchro                     0x08001b44   Section        0  stm32f0xx_rtc.o(i.RTC_WaitForSynchro)
    i.RTC_WriteBackupRegister                0x08001bb0   Section        0  stm32f0xx_rtc.o(i.RTC_WriteBackupRegister)
    i.STM32Fxx_FlashPageWrite                0x08001bcc   Section        0  stm32fxx_flash.o(i.STM32Fxx_FlashPageWrite)
    i.STM32Fxxx_CountDelayus                 0x08001c3c   Section        0  stm32fxxx_misc.o(i.STM32Fxxx_CountDelayus)
    i.STM32Fxxx_FlashErase                   0x08001c8c   Section        0  stm32fxx_flash.o(i.STM32Fxxx_FlashErase)
    i.STM32Fxxx_FlashRead                    0x08001cce   Section        0  stm32fxx_flash.o(i.STM32Fxxx_FlashRead)
    i.STM32Fxxx_FlashWrite                   0x08001cfe   Section        0  stm32fxx_flash.o(i.STM32Fxxx_FlashWrite)
    i.STM32Fxxx_GetEtag                      0x08001d5c   Section        0  stm32fxxx_misc.o(i.STM32Fxxx_GetEtag)
    i.STM32Fxxx_RTCInit                      0x08001db0   Section        0  stm32fxxx_rtc.o(i.STM32Fxxx_RTCInit)
    i.STM32Fxxx_Serail_EventISR_Handler      0x08001e34   Section        0  stm32fxxx_serial.o(i.STM32Fxxx_Serail_EventISR_Handler)
    STM32Fxxx_Serail_EventISR_Handler        0x08001e35   Thumb Code    60  stm32fxxx_serial.o(i.STM32Fxxx_Serail_EventISR_Handler)
    i.SX1212_DelayMs                         0x08001e7c   Section        0  platform_sx1212.o(i.SX1212_DelayMs)
    i.SX1212_Delayus                         0x08001e88   Section        0  platform_sx1212.o(i.SX1212_Delayus)
    i.SX1212_DevInit                         0x08001e94   Section        0  platform_sx1212.o(i.SX1212_DevInit)
    i.SX1212_IRQ1Get                         0x08001f00   Section        0  platform_sx1212.o(i.SX1212_IRQ1Get)
    i.SX1212_MISOGet                         0x08001f18   Section        0  platform_sx1212.o(i.SX1212_MISOGet)
    i.SX1212_MOSISet                         0x08001f34   Section        0  platform_sx1212.o(i.SX1212_MOSISet)
    i.SX1212_NSSCfgSet                       0x08001f54   Section        0  platform_sx1212.o(i.SX1212_NSSCfgSet)
    i.SX1212_NSSDataSet                      0x08001f74   Section        0  platform_sx1212.o(i.SX1212_NSSDataSet)
    i.SX1212_SCKSet                          0x08001f94   Section        0  platform_sx1212.o(i.SX1212_SCKSet)
    i.SendRfFrame                            0x08001fb4   Section        0  sx1212.o(i.SendRfFrame)
    i.SetRFMode                              0x08002010   Section        0  sx1212.o(i.SetRFMode)
    i.SetSysClock                            0x080021f4   Section        0  system_stm32f0xx.o(i.SetSysClock)
    SetSysClock                              0x080021f5   Thumb Code   206  system_stm32f0xx.o(i.SetSysClock)
    i.SettingEndTime_Ensure                  0x080022cc   Section        0  gasstove_service.o(i.SettingEndTime_Ensure)
    SettingEndTime_Ensure                    0x080022cd   Thumb Code   106  gasstove_service.o(i.SettingEndTime_Ensure)
    i.SettingRTC_AddHour                     0x08002344   Section        0  gasstove_service.o(i.SettingRTC_AddHour)
    SettingRTC_AddHour                       0x08002345   Thumb Code    64  gasstove_service.o(i.SettingRTC_AddHour)
    i.SettingRTC_AddMinute                   0x08002388   Section        0  gasstove_service.o(i.SettingRTC_AddMinute)
    SettingRTC_AddMinute                     0x08002389   Thumb Code    30  gasstove_service.o(i.SettingRTC_AddMinute)
    i.SettingRTC_AddTenMinute                0x080023ac   Section        0  gasstove_service.o(i.SettingRTC_AddTenMinute)
    SettingRTC_AddTenMinute                  0x080023ad   Thumb Code    30  gasstove_service.o(i.SettingRTC_AddTenMinute)
    i.SettingRTC_Ensure                      0x080023d0   Section        0  gasstove_service.o(i.SettingRTC_Ensure)
    SettingRTC_Ensure                        0x080023d1   Thumb Code   124  gasstove_service.o(i.SettingRTC_Ensure)
    i.SettingStartTime_Ensure                0x08002450   Section        0  gasstove_service.o(i.SettingStartTime_Ensure)
    SettingStartTime_Ensure                  0x08002451   Thumb Code   106  gasstove_service.o(i.SettingStartTime_Ensure)
    i.SettingStartTime_Hour                  0x080024c8   Section        0  gasstove_service.o(i.SettingStartTime_Hour)
    SettingStartTime_Hour                    0x080024c9   Thumb Code    36  gasstove_service.o(i.SettingStartTime_Hour)
    i.SettingStartTime_Minute                0x080024f0   Section        0  gasstove_service.o(i.SettingStartTime_Minute)
    SettingStartTime_Minute                  0x080024f1   Thumb Code    36  gasstove_service.o(i.SettingStartTime_Minute)
    i.SettingStartTime_TenMinute             0x08002518   Section        0  gasstove_service.o(i.SettingStartTime_TenMinute)
    SettingStartTime_TenMinute               0x08002519   Thumb Code    36  gasstove_service.o(i.SettingStartTime_TenMinute)
    i.SettingTiming_Cancle                   0x08002540   Section        0  gasstove_service.o(i.SettingTiming_Cancle)
    SettingTiming_Cancle                     0x08002541   Thumb Code    44  gasstove_service.o(i.SettingTiming_Cancle)
    i.SettingTiming_Ensure                   0x08002580   Section        0  gasstove_service.o(i.SettingTiming_Ensure)
    SettingTiming_Ensure                     0x08002581   Thumb Code   106  gasstove_service.o(i.SettingTiming_Ensure)
    i.SettingTiming_Hour                     0x0800260c   Section        0  gasstove_service.o(i.SettingTiming_Hour)
    SettingTiming_Hour                       0x0800260d   Thumb Code    76  gasstove_service.o(i.SettingTiming_Hour)
    i.SettingTiming_Minute                   0x08002670   Section        0  gasstove_service.o(i.SettingTiming_Minute)
    SettingTiming_Minute                     0x08002671   Thumb Code    76  gasstove_service.o(i.SettingTiming_Minute)
    i.SettingTiming_TenMinute                0x080026d4   Section        0  gasstove_service.o(i.SettingTiming_TenMinute)
    SettingTiming_TenMinute                  0x080026d5   Thumb Code    76  gasstove_service.o(i.SettingTiming_TenMinute)
    i.Setting_SysIdMatch                     0x08002738   Section        0  gasstove_service.o(i.Setting_SysIdMatch)
    Setting_SysIdMatch                       0x08002739   Thumb Code    34  gasstove_service.o(i.Setting_SysIdMatch)
    i.Setting_SysIdMatchEnsure               0x08002764   Section        0  gasstove_service.o(i.Setting_SysIdMatchEnsure)
    Setting_SysIdMatchEnsure                 0x08002765   Thumb Code    16  gasstove_service.o(i.Setting_SysIdMatchEnsure)
    i.Setting_SysIdMatchStart                0x08002778   Section        0  gasstove_service.o(i.Setting_SysIdMatchStart)
    Setting_SysIdMatchStart                  0x08002779   Thumb Code    58  gasstove_service.o(i.Setting_SysIdMatchStart)
    i.SpiInOut                               0x080027c0   Section        0  sx1212.o(i.SpiInOut)
    SpiInOut                                 0x080027c1   Thumb Code    70  sx1212.o(i.SpiInOut)
    i.SysTick_FunReg                         0x08002808   Section        0  stm32fxxx_misc.o(i.SysTick_FunReg)
    i.SysTick_HandleInit                     0x08002814   Section        0  stm32fxxx_misc.o(i.SysTick_HandleInit)
    i.SysTick_Handler                        0x08002858   Section        0  stm32fxxx_misc.o(i.SysTick_Handler)
    i.SystemInit                             0x0800287c   Section        0  system_stm32f0xx.o(i.SystemInit)
    i.USART1_IRQHandler                      0x080028f8   Section        0  stm32fxxx_serial.o(i.USART1_IRQHandler)
    i.USART2_IRQHandler                      0x08002902   Section        0  stm32fxxx_serial.o(i.USART2_IRQHandler)
    i.USART_ClearITPendingBit                0x0800290c   Section        0  stm32f0xx_usart.o(i.USART_ClearITPendingBit)
    i.USART_GetFlagStatus                    0x0800291e   Section        0  stm32f0xx_usart.o(i.USART_GetFlagStatus)
    i.USART_ReceiveData                      0x08002932   Section        0  stm32f0xx_usart.o(i.USART_ReceiveData)
    i._SpiConfig                             0x0800293c   Section        0  sx1212.o(i._SpiConfig)
    i.__ARM_common_switch8                   0x0800297c   Section        0  stm32fxxx_misc.o(i.__ARM_common_switch8)
    i.__scatterload_copy                     0x08002998   Section       14  handlers.o(i.__scatterload_copy)
    i.__scatterload_null                     0x080029a6   Section        2  handlers.o(i.__scatterload_null)
    i.__scatterload_zeroinit                 0x080029a8   Section       14  handlers.o(i.__scatterload_zeroinit)
    i.cmp_buf                                0x080029b6   Section        0  utilities.o(i.cmp_buf)
    i.crc16_ccitt_byte                       0x080029dc   Section        0  crc.o(i.crc16_ccitt_byte)
    i.crc32_ethernet_block                   0x080029f8   Section        0  crc32ethernetstm32.o(i.crc32_ethernet_block)
    i.get_rtc                                0x08002a72   Section        0  rtc.o(i.get_rtc)
    i.main                                   0x08002a82   Section        0  app.o(i.main)
    i.rtc_init                               0x08002af8   Section        0  rtc.o(i.rtc_init)
    i.set_rtc                                0x08002b00   Section        0  rtc.o(i.set_rtc)
    .constdata                               0x08002b1c   Section       16  stm32fxxx_misc.o(.constdata)
    STM32Fxxx_DelayCount                     0x08002b1c   Data           6  stm32fxxx_misc.o(.constdata)
    a_McuRstFlag                             0x08002b22   Data           5  stm32fxxx_misc.o(.constdata)
    a_eMCUResetType                          0x08002b27   Data           5  stm32fxxx_misc.o(.constdata)
    .constdata                               0x08002b2c   Section       40  sx1212.o(.constdata)
    RegistersCfg                             0x08002b2c   Data          40  sx1212.o(.constdata)
    .constdata                               0x08002b54   Section       48  ht1621.o(.constdata)
    a_ucHT1621_SEG1Code                      0x08002b54   Data          12  ht1621.o(.constdata)
    a_ucHT1621_SEG2Code                      0x08002b60   Data          12  ht1621.o(.constdata)
    a_ucHT1621_SEG3Code                      0x08002b6c   Data          12  ht1621.o(.constdata)
    a_ucHT1621_SEG4Code                      0x08002b78   Data          12  ht1621.o(.constdata)
    .constdata                               0x08002b84   Section       56  platform_sx1212.o(.constdata)
    a_tSX1212_UseGPIO                        0x08002b84   Data          56  platform_sx1212.o(.constdata)
    .constdata                               0x08002bbc   Section      528  crc.o(.constdata)
    NMEA_CheckArray                          0x08002bbc   Data          16  crc.o(.constdata)
    crc16_ccitt_table                        0x08002bcc   Data         512  crc.o(.constdata)
    .data                                    0x20000000   Section       20  system_stm32f0xx.o(.data)
    .data                                    0x20000014   Section      100  gasstove_service.o(.data)
    a_ucGasStove_LEDRTCBuffer                0x20000014   Data           4  gasstove_service.o(.data)
    a_ucGasStove_LEDTimeBuffer               0x20000018   Data           4  gasstove_service.o(.data)
    a_ucGasStove_LEDParaTimeBuffer           0x2000001c   Data           4  gasstove_service.o(.data)
    a_ucGasStove_LEDIdMatchBuffer            0x20000020   Data           4  gasstove_service.o(.data)
    ucGasStove_DisplayState                  0x20000024   Data           1  gasstove_service.o(.data)
    uiGasStove_DisDly                        0x20000028   Data           4  gasstove_service.o(.data)
    uiGasStove_Timing                        0x2000002c   Data           4  gasstove_service.o(.data)
    uiTimingCnt                              0x20000030   Data           4  gasstove_service.o(.data)
    bGasStove_TimingEnable                   0x20000034   Data           1  gasstove_service.o(.data)
    bGasStove_GasSensorState                 0x20000035   Data           1  gasstove_service.o(.data)
    uiGasStove_GasSensorDly                  0x20000038   Data           4  gasstove_service.o(.data)
    tGasStove_Para                           0x2000003c   Data           8  gasstove_service.o(.data)
    uiCooker_MatchIdWaitDly                  0x20000044   Data           4  gasstove_service.o(.data)
    bSetting_SysIdMatchState                 0x20000048   Data           1  gasstove_service.o(.data)
    ucPressCnt                               0x20000049   Data           1  gasstove_service.o(.data)
    uiGasStove_TimingEnDly                   0x2000004c   Data           4  gasstove_service.o(.data)
    bGasStove_TimingSetEn                    0x20000050   Data           1  gasstove_service.o(.data)
    hour                                     0x20000051   Data           1  gasstove_service.o(.data)
    minute                                   0x20000052   Data           1  gasstove_service.o(.data)
    uiLastTiming                             0x20000054   Data           4  gasstove_service.o(.data)
    bGasStove_FireStart                      0x20000058   Data           1  gasstove_service.o(.data)
    uiGasStove_FireStartDly                  0x2000005c   Data           4  gasstove_service.o(.data)
    uiGasStove_EveryMinuteDly                0x20000060   Data           4  gasstove_service.o(.data)
    usGasStove_EndMinuteCnt                  0x20000064   Data           2  gasstove_service.o(.data)
    usGasStove_LastMinuteCnt                 0x20000066   Data           2  gasstove_service.o(.data)
    bGasAlarmingState                        0x20000068   Data           1  gasstove_service.o(.data)
    usGasAlarmingDly                         0x2000006c   Data           4  gasstove_service.o(.data)
    bTimingOutState                          0x20000070   Data           1  gasstove_service.o(.data)
    usTimingOutDly                           0x20000074   Data           4  gasstove_service.o(.data)
    .data                                    0x20000078   Section       16  stm32fxxx_serial.o(.data)
    Serial_PERIPH_ID                         0x20000078   Data          16  stm32fxxx_serial.o(.data)
    .data                                    0x20000088   Section        8  stm32fxxx_misc.o(.data)
    SysTick_Timer                            0x20000088   Data           4  stm32fxxx_misc.o(.data)
    pfnSysTick_Fun                           0x2000008c   Data           4  stm32fxxx_misc.o(.data)
    .data                                    0x20000090   Section        2  stm32fxx_flash.o(.data)
    FLASH_PAGE_SIZE                          0x20000090   Data           2  stm32fxx_flash.o(.data)
    .data                                    0x20000092   Section        2  sx1212.o(.data)
    pre_mode                                 0x20000092   Data           1  sx1212.o(.data)
    counter                                  0x20000093   Data           1  sx1212.o(.data)
    .data                                    0x20000094   Section       68  ht1621.o(.data)
    aucSEG_PreServiceValue                   0x20000094   Data           6  ht1621.o(.data)
    aucSEG_CurServiceValue                   0x2000009a   Data           6  ht1621.o(.data)
    ucLed_DisValue                           0x200000a0   Data           1  ht1621.o(.data)
    uiLed_DisQuickBlinkDly                   0x200000a4   Data           4  ht1621.o(.data)
    uiLed_DisSlowBlinkDly                    0x200000a8   Data           4  ht1621.o(.data)
    p_ucLED_SEGValue                         0x200000ac   Data           4  ht1621.o(.data)
    bLED_SEGBlinkOnOff                       0x200000b0   Data           1  ht1621.o(.data)
    ucLED_SEGBlinkState                      0x200000b1   Data           1  ht1621.o(.data)
    uiLED_SEGBlinkDly                        0x200000b4   Data           4  ht1621.o(.data)
    ucLastValue                              0x200000b8   Data           1  ht1621.o(.data)
    ucPreValue                               0x200000b9   Data           1  ht1621.o(.data)
    bSlowBlinkState                          0x200000ba   Data           1  ht1621.o(.data)
    bCurLEDState                             0x200000bb   Data           1  ht1621.o(.data)
    uiFanDly                                 0x200000bc   Data           4  ht1621.o(.data)
    bLED_DotBlinkState                       0x200000c0   Data           1  ht1621.o(.data)
    a_ucLED_Value                            0x200000c1   Data           4  ht1621.o(.data)
    a_pHT1621_CodeTab                        0x200000c8   Data          16  ht1621.o(.data)
    .data                                    0x200000d8   Section        8  cooker_extafn.o(.data)
    bGasStove_FireState                      0x200000d8   Data           1  cooker_extafn.o(.data)
    bCooker_SysIdMatchState                  0x200000d9   Data           1  cooker_extafn.o(.data)
    uiFireState_ChkDly                       0x200000dc   Data           4  cooker_extafn.o(.data)
    .data                                    0x200000e0   Section        9  platform_extpin.o(.data)
    bFanRotation_RunState                    0x200000e0   Data           1  platform_extpin.o(.data)
    uiFanRotation_RunDelay                   0x200000e4   Data           4  platform_extpin.o(.data)
    bLastState                               0x200000e8   Data           1  platform_extpin.o(.data)
    .bss                                     0x200000ec   Section       16  stm32fxxx_serial.o(.bss)
    Serial_RxHandler                         0x200000ec   Data          16  stm32fxxx_serial.o(.bss)
    .bss                                     0x200000fc   Section       43  sx1212.o(.bss)
    .bss                                     0x20000128   Section       20  keyboard.o(.bss)
    a_pfnKeyBoard_Fun                        0x20000128   Data          20  keyboard.o(.bss)
    STACK                                    0x20000140   Section     1024  startup_stm32f051.o(STACK)

    Global Symbols

    Symbol Name                              Value     Ov Type        Size  Object(Section)

    BuildAttributes$$THM_ISAv3M$S$PE$A:L22$X:L11$S22$IEEE1$IW$USESV6$~STKCKD$USESV7$~SHL$OSPACE$EBA8$MICROLIB$REQ8$PRES8$EABIv2 0x00000000   Number         0  anon$$obj.o ABSOLUTE
    __ARM_use_no_argv                        0x00000000   Number         0  app.o ABSOLUTE
    __cpp_initialize__aeabi_                  - Undefined Weak Reference
    __cxa_finalize                            - Undefined Weak Reference
    __decompress                              - Undefined Weak Reference
    _clock_init                               - Undefined Weak Reference
    _microlib_exit                            - Undefined Weak Reference
    __Vectors_Size                           0x000000c0   Number         0  startup_stm32f051.o ABSOLUTE
    __Vectors                                0x08000000   Data           4  startup_stm32f051.o(RESET)
    __Vectors_End                            0x080000c0   Data           0  startup_stm32f051.o(RESET)
    __main                                   0x080000c1   Thumb Code     0  entry.o(.ARM.Collect$$$$00000000)
    _main_stk                                0x080000c1   Thumb Code     0  entry2.o(.ARM.Collect$$$$00000001)
    _main_scatterload                        0x080000c5   Thumb Code     0  entry5.o(.ARM.Collect$$$$00000004)
    __main_after_scatterload                 0x080000c9   Thumb Code     0  entry5.o(.ARM.Collect$$$$00000004)
    _main_clock                              0x080000c9   Thumb Code     0  entry7b.o(.ARM.Collect$$$$00000008)
    _main_cpp_init                           0x080000c9   Thumb Code     0  entry8b.o(.ARM.Collect$$$$0000000A)
    _main_init                               0x080000c9   Thumb Code     0  entry9a.o(.ARM.Collect$$$$0000000B)
    __rt_final_cpp                           0x080000d1   Thumb Code     0  entry10a.o(.ARM.Collect$$$$0000000D)
    __rt_final_exit                          0x080000d1   Thumb Code     0  entry11a.o(.ARM.Collect$$$$0000000F)
    Reset_Handler                            0x080000d5   Thumb Code     8  startup_stm32f051.o(.text)
    NMI_Handler                              0x080000dd   Thumb Code     2  startup_stm32f051.o(.text)
    HardFault_Handler                        0x080000df   Thumb Code     2  startup_stm32f051.o(.text)
    SVC_Handler                              0x080000e1   Thumb Code     2  startup_stm32f051.o(.text)
    PendSV_Handler                           0x080000e3   Thumb Code     2  startup_stm32f051.o(.text)
    ADC1_COMP_IRQHandler                     0x080000e7   Thumb Code     0  startup_stm32f051.o(.text)
    CEC_IRQHandler                           0x080000e7   Thumb Code     0  startup_stm32f051.o(.text)
    DMA1_Channel1_IRQHandler                 0x080000e7   Thumb Code     0  startup_stm32f051.o(.text)
    DMA1_Channel2_3_IRQHandler               0x080000e7   Thumb Code     0  startup_stm32f051.o(.text)
    DMA1_Channel4_5_IRQHandler               0x080000e7   Thumb Code     0  startup_stm32f051.o(.text)
    EXTI0_1_IRQHandler                       0x080000e7   Thumb Code     0  startup_stm32f051.o(.text)
    EXTI2_3_IRQHandler                       0x080000e7   Thumb Code     0  startup_stm32f051.o(.text)
    EXTI4_15_IRQHandler                      0x080000e7   Thumb Code     0  startup_stm32f051.o(.text)
    FLASH_IRQHandler                         0x080000e7   Thumb Code     0  startup_stm32f051.o(.text)
    I2C1_IRQHandler                          0x080000e7   Thumb Code     0  startup_stm32f051.o(.text)
    I2C2_IRQHandler                          0x080000e7   Thumb Code     0  startup_stm32f051.o(.text)
    PVD_IRQHandler                           0x080000e7   Thumb Code     0  startup_stm32f051.o(.text)
    RCC_IRQHandler                           0x080000e7   Thumb Code     0  startup_stm32f051.o(.text)
    RTC_IRQHandler                           0x080000e7   Thumb Code     0  startup_stm32f051.o(.text)
    SPI1_IRQHandler                          0x080000e7   Thumb Code     0  startup_stm32f051.o(.text)
    SPI2_IRQHandler                          0x080000e7   Thumb Code     0  startup_stm32f051.o(.text)
    TIM14_IRQHandler                         0x080000e7   Thumb Code     0  startup_stm32f051.o(.text)
    TIM15_IRQHandler                         0x080000e7   Thumb Code     0  startup_stm32f051.o(.text)
    TIM16_IRQHandler                         0x080000e7   Thumb Code     0  startup_stm32f051.o(.text)
    TIM17_IRQHandler                         0x080000e7   Thumb Code     0  startup_stm32f051.o(.text)
    TIM1_BRK_UP_TRG_COM_IRQHandler           0x080000e7   Thumb Code     0  startup_stm32f051.o(.text)
    TIM1_CC_IRQHandler                       0x080000e7   Thumb Code     0  startup_stm32f051.o(.text)
    TIM2_IRQHandler                          0x080000e7   Thumb Code     0  startup_stm32f051.o(.text)
    TIM3_IRQHandler                          0x080000e7   Thumb Code     0  startup_stm32f051.o(.text)
    TIM6_DAC_IRQHandler                      0x080000e7   Thumb Code     0  startup_stm32f051.o(.text)
    TS_IRQHandler                            0x080000e7   Thumb Code     0  startup_stm32f051.o(.text)
    WWDG_IRQHandler                          0x080000e7   Thumb Code     0  startup_stm32f051.o(.text)
    __aeabi_uidiv                            0x080000f1   Thumb Code     0  uidiv.o(.text)
    __aeabi_uidivmod                         0x080000f1   Thumb Code    44  uidiv.o(.text)
    __aeabi_idiv                             0x0800011d   Thumb Code     0  idiv.o(.text)
    __aeabi_idivmod                          0x0800011d   Thumb Code    40  idiv.o(.text)
    __aeabi_memcpy                           0x08000145   Thumb Code    36  memcpya.o(.text)
    __aeabi_memcpy4                          0x08000145   Thumb Code     0  memcpya.o(.text)
    __aeabi_memcpy8                          0x08000145   Thumb Code     0  memcpya.o(.text)
    __aeabi_memset                           0x08000169   Thumb Code    14  memseta.o(.text)
    __aeabi_memset4                          0x08000169   Thumb Code     0  memseta.o(.text)
    __aeabi_memset8                          0x08000169   Thumb Code     0  memseta.o(.text)
    __aeabi_memclr                           0x08000177   Thumb Code     4  memseta.o(.text)
    __aeabi_memclr4                          0x08000177   Thumb Code     0  memseta.o(.text)
    __aeabi_memclr8                          0x08000177   Thumb Code     0  memseta.o(.text)
    _memset$wrapper                          0x0800017b   Thumb Code    18  memseta.o(.text)
    __scatterload                            0x0800018d   Thumb Code    28  init.o(.text)
    __scatterload_rt2                        0x0800018d   Thumb Code     0  init.o(.text)
    BSP_OS_TimeDlyMs                         0x080001b1   Thumb Code    18  stm32fxxx_misc.o(i.BSP_OS_TimeDlyMs)
    BSP_OS_TimeGet                           0x080001c9   Thumb Code    10  stm32fxxx_misc.o(i.BSP_OS_TimeGet)
    BSP_OS_Timeout                           0x080001d9   Thumb Code    24  stm32fxxx_misc.o(i.BSP_OS_Timeout)
    BSP_RTCGet                               0x080001f5   Thumb Code    60  stm32fxxx_rtc.o(i.BSP_RTCGet)
    BSP_RTCSet                               0x08000231   Thumb Code    70  stm32fxxx_rtc.o(i.BSP_RTCSet)
    BuildPacket                              0x08000279   Thumb Code    68  sx1212.o(i.BuildPacket)
    Buzzer_GPIOInit                          0x080002c5   Thumb Code    44  platform_chordtone.o(i.Buzzer_GPIOInit)
    Buzzer_PwrOff                            0x080002f5   Thumb Code    14  platform_chordtone.o(i.Buzzer_PwrOff)
    CRC_CalcBlockCRC                         0x08000309   Thumb Code    32  stm32f0xx_crc.o(i.CRC_CalcBlockCRC)
    CRC_CalcCRC                              0x0800032d   Thumb Code    10  stm32f0xx_crc.o(i.CRC_CalcCRC)
    CRC_ResetDR                              0x0800033d   Thumb Code    14  stm32f0xx_crc.o(i.CRC_ResetDR)
    CheckRTCRight                            0x08000351   Thumb Code   170  utilities.o(i.CheckRTCRight)
    ChordTone_Init                           0x080003fb   Thumb Code    16  chordtone.o(i.ChordTone_Init)
    ChordTone_PWMDevInit                     0x0800040d   Thumb Code    54  platform_chordtone.o(i.ChordTone_PWMDevInit)
    Cooker_ExtPinGPIOInit                    0x08000449   Thumb Code    58  platform_extpin.o(i.Cooker_ExtPinGPIOInit)
    Cooker_GetId                             0x08000483   Thumb Code    22  cooker_parse.o(i.Cooker_GetId)
    Cooker_Load                              0x08000499   Thumb Code   184  cooker_parse.o(i.Cooker_Load)
    Cooker_SysIdMatch                        0x08000555   Thumb Code    28  cooker_extafn.o(i.Cooker_SysIdMatch)
    Cooker_WirelessSendLoad                  0x08000575   Thumb Code    44  cooker_parse.o(i.Cooker_WirelessSendLoad)
    FLASH_ClearFlag                          0x080005a5   Thumb Code     6  stm32f0xx_flash.o(i.FLASH_ClearFlag)
    FLASH_ErasePage                          0x080005b1   Thumb Code    72  stm32f0xx_flash.o(i.FLASH_ErasePage)
    FLASH_GetStatus                          0x080005fd   Thumb Code    54  stm32f0xx_flash.o(i.FLASH_GetStatus)
    FLASH_Lock                               0x08000639   Thumb Code    14  stm32f0xx_flash.o(i.FLASH_Lock)
    FLASH_ProgramWord                        0x0800064d   Thumb Code   104  stm32f0xx_flash.o(i.FLASH_ProgramWord)
    FLASH_Unlock                             0x080006b9   Thumb Code    24  stm32f0xx_flash.o(i.FLASH_Unlock)
    FLASH_WaitForLastOperation               0x080006dd   Thumb Code    40  stm32f0xx_flash.o(i.FLASH_WaitForLastOperation)
    FanRotation_Service                      0x0800071d   Thumb Code    54  platform_extpin.o(i.FanRotation_Service)
    GPIO_Init                                0x08000761   Thumb Code   144  stm32f0xx_gpio.o(i.GPIO_Init)
    GPIO_PinAFConfig                         0x080007f1   Thumb Code    68  stm32f0xx_gpio.o(i.GPIO_PinAFConfig)
    GPIO_ReadInputDataBit                    0x08000835   Thumb Code    20  stm32f0xx_gpio.o(i.GPIO_ReadInputDataBit)
    GPIO_ResetBits                           0x08000849   Thumb Code     4  stm32f0xx_gpio.o(i.GPIO_ResetBits)
    GPIO_SetBits                             0x0800084d   Thumb Code     4  stm32f0xx_gpio.o(i.GPIO_SetBits)
    GasStove_Flameout                        0x08000be5   Thumb Code    26  cooker_extafn.o(i.GasStove_Flameout)
    GasStove_Init                            0x08000c01   Thumb Code   118  gasstove_service.o(i.GasStove_Init)
    HT1621_Init                              0x08000d51   Thumb Code    80  platform_ht1621.o(i.HT1621_Init)
    HT1621_SignService                       0x08000da1   Thumb Code   116  ht1621.o(i.HT1621_SignService)
    HT1621_WriteCmd                          0x08000e1d   Thumb Code   186  platform_ht1621.o(i.HT1621_WriteCmd)
    HT1621_WriteData                         0x08000ed7   Thumb Code   306  platform_ht1621.o(i.HT1621_WriteData)
    InitSX1212                               0x08001009   Thumb Code    70  sx1212.o(i.InitSX1212)
    KeyBoard_FunReg                          0x08001055   Thumb Code    30  keyboard.o(i.KeyBoard_FunReg)
    KeyBoard_Init                            0x08001081   Thumb Code   110  keyboard.o(i.KeyBoard_Init)
    LED_SEGBlinkSet                          0x080010f9   Thumb Code    24  ht1621.o(i.LED_SEGBlinkSet)
    LED_SEG_Update                           0x08001241   Thumb Code    10  ht1621.o(i.LED_SEG_Update)
    LeapYear                                 0x08001251   Thumb Code    60  utilities.o(i.LeapYear)
    Led_DisplayOff                           0x080013b9   Thumb Code    12  ht1621.o(i.Led_DisplayOff)
    Led_DisplayOn                            0x080013c9   Thumb Code    12  ht1621.o(i.Led_DisplayOn)
    PWR_BackupAccessCmd                      0x08001695   Thumb Code    36  stm32f0xx_pwr.o(i.PWR_BackupAccessCmd)
    RCC_AHBPeriphClockCmd                    0x080016bd   Thumb Code    28  stm32f0xx_rcc.o(i.RCC_AHBPeriphClockCmd)
    RCC_APB1PeriphClockCmd                   0x080016dd   Thumb Code    28  stm32f0xx_rcc.o(i.RCC_APB1PeriphClockCmd)
    RCC_GetFlagStatus                        0x080016fd   Thumb Code    68  stm32f0xx_rcc.o(i.RCC_GetFlagStatus)
    RCC_LSEConfig                            0x08001745   Thumb Code    34  stm32f0xx_rcc.o(i.RCC_LSEConfig)
    RCC_RTCCLKCmd                            0x0800176d   Thumb Code    36  stm32f0xx_rcc.o(i.RCC_RTCCLKCmd)
    RCC_RTCCLKConfig                         0x08001795   Thumb Code    12  stm32f0xx_rcc.o(i.RCC_RTCCLKConfig)
    RTC_ClearFlag                            0x080017dd   Thumb Code    26  stm32f0xx_rtc.o(i.RTC_ClearFlag)
    RTC_EnterInitMode                        0x080017fd   Thumb Code    82  stm32f0xx_rtc.o(i.RTC_EnterInitMode)
    RTC_ExitInitMode                         0x08001855   Thumb Code    14  stm32f0xx_rtc.o(i.RTC_ExitInitMode)
    RTC_GetDate                              0x08001869   Thumb Code    88  stm32f0xx_rtc.o(i.RTC_GetDate)
    RTC_GetTime                              0x080018c9   Thumb Code    84  stm32f0xx_rtc.o(i.RTC_GetTime)
    RTC_Init                                 0x08001925   Thumb Code    84  stm32f0xx_rtc.o(i.RTC_Init)
    RTC_ReadBackupRegister                   0x0800197d   Thumb Code    26  stm32f0xx_rtc.o(i.RTC_ReadBackupRegister)
    RTC_SetDate                              0x0800199d   Thumb Code   198  stm32f0xx_rtc.o(i.RTC_SetDate)
    RTC_SetTime                              0x08001a6d   Thumb Code   208  stm32f0xx_rtc.o(i.RTC_SetTime)
    RTC_WaitForSynchro                       0x08001b45   Thumb Code   104  stm32f0xx_rtc.o(i.RTC_WaitForSynchro)
    RTC_WriteBackupRegister                  0x08001bb1   Thumb Code    24  stm32f0xx_rtc.o(i.RTC_WriteBackupRegister)
    STM32Fxx_FlashPageWrite                  0x08001bcd   Thumb Code   108  stm32fxx_flash.o(i.STM32Fxx_FlashPageWrite)
    STM32Fxxx_CountDelayus                   0x08001c3d   Thumb Code    74  stm32fxxx_misc.o(i.STM32Fxxx_CountDelayus)
    STM32Fxxx_FlashErase                     0x08001c8d   Thumb Code    66  stm32fxx_flash.o(i.STM32Fxxx_FlashErase)
    STM32Fxxx_FlashRead                      0x08001ccf   Thumb Code    48  stm32fxx_flash.o(i.STM32Fxxx_FlashRead)
    STM32Fxxx_FlashWrite                     0x08001cff   Thumb Code    94  stm32fxx_flash.o(i.STM32Fxxx_FlashWrite)
    STM32Fxxx_GetEtag                        0x08001d5d   Thumb Code    80  stm32fxxx_misc.o(i.STM32Fxxx_GetEtag)
    STM32Fxxx_RTCInit                        0x08001db1   Thumb Code   128  stm32fxxx_rtc.o(i.STM32Fxxx_RTCInit)
    SX1212_DelayMs                           0x08001e7d   Thumb Code    12  platform_sx1212.o(i.SX1212_DelayMs)
    SX1212_Delayus                           0x08001e89   Thumb Code    12  platform_sx1212.o(i.SX1212_Delayus)
    SX1212_DevInit                           0x08001e95   Thumb Code   104  platform_sx1212.o(i.SX1212_DevInit)
    SX1212_IRQ1Get                           0x08001f01   Thumb Code    24  platform_sx1212.o(i.SX1212_IRQ1Get)
    SX1212_MISOGet                           0x08001f19   Thumb Code    24  platform_sx1212.o(i.SX1212_MISOGet)
    SX1212_MOSISet                           0x08001f35   Thumb Code    28  platform_sx1212.o(i.SX1212_MOSISet)
    SX1212_NSSCfgSet                         0x08001f55   Thumb Code    32  platform_sx1212.o(i.SX1212_NSSCfgSet)
    SX1212_NSSDataSet                        0x08001f75   Thumb Code    28  platform_sx1212.o(i.SX1212_NSSDataSet)
    SX1212_SCKSet                            0x08001f95   Thumb Code    28  platform_sx1212.o(i.SX1212_SCKSet)
    SendRfFrame                              0x08001fb5   Thumb Code    90  sx1212.o(i.SendRfFrame)
    SetRFMode                                0x08002011   Thumb Code   480  sx1212.o(i.SetRFMode)
    SysTick_FunReg                           0x08002809   Thumb Code     6  stm32fxxx_misc.o(i.SysTick_FunReg)
    SysTick_HandleInit                       0x08002815   Thumb Code    54  stm32fxxx_misc.o(i.SysTick_HandleInit)
    SysTick_Handler                          0x08002859   Thumb Code    28  stm32fxxx_misc.o(i.SysTick_Handler)
    SystemInit                               0x0800287d   Thumb Code   110  system_stm32f0xx.o(i.SystemInit)
    USART1_IRQHandler                        0x080028f9   Thumb Code    10  stm32fxxx_serial.o(i.USART1_IRQHandler)
    USART2_IRQHandler                        0x08002903   Thumb Code    10  stm32fxxx_serial.o(i.USART2_IRQHandler)
    USART_ClearITPendingBit                  0x0800290d   Thumb Code    18  stm32f0xx_usart.o(i.USART_ClearITPendingBit)
    USART_GetFlagStatus                      0x0800291f   Thumb Code    20  stm32f0xx_usart.o(i.USART_GetFlagStatus)
    USART_ReceiveData                        0x08002933   Thumb Code    10  stm32f0xx_usart.o(i.USART_ReceiveData)
    _SpiConfig                               0x0800293d   Thumb Code    64  sx1212.o(i._SpiConfig)
    __ARM_common_switch8                     0x0800297d   Thumb Code    28  stm32fxxx_misc.o(i.__ARM_common_switch8)
    __scatterload_copy                       0x08002999   Thumb Code    14  handlers.o(i.__scatterload_copy)
    __scatterload_null                       0x080029a7   Thumb Code     2  handlers.o(i.__scatterload_null)
    __scatterload_zeroinit                   0x080029a9   Thumb Code    14  handlers.o(i.__scatterload_zeroinit)
    cmp_buf                                  0x080029b7   Thumb Code    36  utilities.o(i.cmp_buf)
    crc16_ccitt_byte                         0x080029dd   Thumb Code    22  crc.o(i.crc16_ccitt_byte)
    crc32_ethernet_block                     0x080029f9   Thumb Code   122  crc32ethernetstm32.o(i.crc32_ethernet_block)
    get_rtc                                  0x08002a73   Thumb Code    16  rtc.o(i.get_rtc)
    main                                     0x08002a83   Thumb Code   118  app.o(i.main)
    rtc_init                                 0x08002af9   Thumb Code     8  rtc.o(i.rtc_init)
    set_rtc                                  0x08002b01   Thumb Code    28  rtc.o(i.set_rtc)
    Region$$Table$$Base                      0x08002dcc   Number         0  anon$$obj.o(Region$$Table)
    Region$$Table$$Limit                     0x08002dec   Number         0  anon$$obj.o(Region$$Table)
    SystemCoreClock                          0x20000000   Data           4  system_stm32f0xx.o(.data)
    AHBPrescTable                            0x20000004   Data          16  system_stm32f0xx.o(.data)
    RF_Pkt                                   0x200000fc   Data          43  sx1212.o(.bss)
    __initial_sp                             0x20000540   Data           0  startup_stm32f051.o(STACK)



==============================================================================

Memory Map of the image

  Image Entry point : 0x080000c1

  Load Region LR_IROM1 (Base: 0x08000000, Size: 0x00002ed8, Max: 0x00010000, ABSOLUTE)

    Execution Region ER_IROM1 (Exec base: 0x08000000, Load base: 0x08000000, Size: 0x00002dec, Max: 0x00010000, ABSOLUTE)

    Exec Addr    Load Addr    Size         Type   Attr      Idx    E Section Name        Object

    0x08000000   0x08000000   0x000000c0   Data   RO            3    RESET               startup_stm32f051.o
    0x080000c0   0x080000c0   0x00000000   Code   RO         3418  * .ARM.Collect$$$$00000000  mc_p.l(entry.o)
    0x080000c0   0x080000c0   0x00000004   Code   RO         3431    .ARM.Collect$$$$00000001  mc_p.l(entry2.o)
    0x080000c4   0x080000c4   0x00000004   Code   RO         3434    .ARM.Collect$$$$00000004  mc_p.l(entry5.o)
    0x080000c8   0x080000c8   0x00000000   Code   RO         3436    .ARM.Collect$$$$00000008  mc_p.l(entry7b.o)
    0x080000c8   0x080000c8   0x00000000   Code   RO         3438    .ARM.Collect$$$$0000000A  mc_p.l(entry8b.o)
    0x080000c8   0x080000c8   0x00000008   Code   RO         3439    .ARM.Collect$$$$0000000B  mc_p.l(entry9a.o)
    0x080000d0   0x080000d0   0x00000000   Code   RO         3441    .ARM.Collect$$$$0000000D  mc_p.l(entry10a.o)
    0x080000d0   0x080000d0   0x00000000   Code   RO         3443    .ARM.Collect$$$$0000000F  mc_p.l(entry11a.o)
    0x080000d0   0x080000d0   0x00000004   Code   RO         3432    .ARM.Collect$$$$00002712  mc_p.l(entry2.o)
    0x080000d4   0x080000d4   0x0000001c   Code   RO            4    .text               startup_stm32f051.o
    0x080000f0   0x080000f0   0x0000002c   Code   RO         3421    .text               mc_p.l(uidiv.o)
    0x0800011c   0x0800011c   0x00000028   Code   RO         3423    .text               mc_p.l(idiv.o)
    0x08000144   0x08000144   0x00000024   Code   RO         3425    .text               mc_p.l(memcpya.o)
    0x08000168   0x08000168   0x00000024   Code   RO         3427    .text               mc_p.l(memseta.o)
    0x0800018c   0x0800018c   0x00000024   Code   RO         3445    .text               mc_p.l(init.o)
    0x080001b0   0x080001b0   0x00000018   Code   RO          484    i.BSP_OS_TimeDlyMs  stm32fxxx_misc.o
    0x080001c8   0x080001c8   0x00000010   Code   RO          485    i.BSP_OS_TimeGet    stm32fxxx_misc.o
    0x080001d8   0x080001d8   0x0000001c   Code   RO          486    i.BSP_OS_Timeout    stm32fxxx_misc.o
    0x080001f4   0x080001f4   0x0000003c   Code   RO          580    i.BSP_RTCGet        stm32fxxx_rtc.o
    0x08000230   0x08000230   0x00000046   Code   RO          581    i.BSP_RTCSet        stm32fxxx_rtc.o
    0x08000276   0x08000276   0x00000002   PAD
    0x08000278   0x08000278   0x0000004c   Code   RO         2679    i.BuildPacket       sx1212.o
    0x080002c4   0x080002c4   0x00000030   Code   RO         3079    i.Buzzer_GPIOInit   platform_chordtone.o
    0x080002f4   0x080002f4   0x00000014   Code   RO         3080    i.Buzzer_PwrOff     platform_chordtone.o
    0x08000308   0x08000308   0x00000024   Code   RO          661    i.CRC_CalcBlockCRC  stm32f0xx_crc.o
    0x0800032c   0x0800032c   0x00000010   Code   RO          662    i.CRC_CalcCRC       stm32f0xx_crc.o
    0x0800033c   0x0800033c   0x00000014   Code   RO          669    i.CRC_ResetDR       stm32f0xx_crc.o
    0x08000350   0x08000350   0x000000aa   Code   RO         3217    i.CheckRTCRight     utilities.o
    0x080003fa   0x080003fa   0x00000010   Code   RO         2735    i.ChordTone_Init    chordtone.o
    0x0800040a   0x0800040a   0x00000002   PAD
    0x0800040c   0x0800040c   0x0000003c   Code   RO         3082    i.ChordTone_PWMDevInit  platform_chordtone.o
    0x08000448   0x08000448   0x0000003a   Code   RO         3131    i.Cooker_ExtPinGPIOInit  platform_extpin.o
    0x08000482   0x08000482   0x00000016   Code   RO         2934    i.Cooker_GetId      cooker_parse.o
    0x08000498   0x08000498   0x000000bc   Code   RO         2935    i.Cooker_Load       cooker_parse.o
    0x08000554   0x08000554   0x00000020   Code   RO         2883    i.Cooker_SysIdMatch  cooker_extafn.o
    0x08000574   0x08000574   0x00000030   Code   RO         2937    i.Cooker_WirelessSendLoad  cooker_parse.o
    0x080005a4   0x080005a4   0x0000000c   Code   RO          759    i.FLASH_ClearFlag   stm32f0xx_flash.o
    0x080005b0   0x080005b0   0x0000004c   Code   RO          761    i.FLASH_ErasePage   stm32f0xx_flash.o
    0x080005fc   0x080005fc   0x0000003c   Code   RO          764    i.FLASH_GetStatus   stm32f0xx_flash.o
    0x08000638   0x08000638   0x00000014   Code   RO          766    i.FLASH_Lock        stm32f0xx_flash.o
    0x0800064c   0x0800064c   0x0000006c   Code   RO          786    i.FLASH_ProgramWord  stm32f0xx_flash.o
    0x080006b8   0x080006b8   0x00000024   Code   RO          788    i.FLASH_Unlock      stm32f0xx_flash.o
    0x080006dc   0x080006dc   0x00000028   Code   RO          789    i.FLASH_WaitForLastOperation  stm32f0xx_flash.o
    0x08000704   0x08000704   0x00000018   Code   RO         3132    i.FanRotation_Level  platform_extpin.o
    0x0800071c   0x0800071c   0x00000044   Code   RO         3133    i.FanRotation_Service  platform_extpin.o
    0x08000760   0x08000760   0x00000090   Code   RO          960    i.GPIO_Init         stm32f0xx_gpio.o
    0x080007f0   0x080007f0   0x00000044   Code   RO          961    i.GPIO_PinAFConfig  stm32f0xx_gpio.o
    0x08000834   0x08000834   0x00000014   Code   RO          964    i.GPIO_ReadInputDataBit  stm32f0xx_gpio.o
    0x08000848   0x08000848   0x00000004   Code   RO          967    i.GPIO_ResetBits    stm32f0xx_gpio.o
    0x0800084c   0x0800084c   0x00000004   Code   RO          968    i.GPIO_SetBits      stm32f0xx_gpio.o
    0x08000850   0x08000850   0x0000019c   Code   RO          178    i.GasStove_DisSetButton  gasstove_service.o
    0x080009ec   0x080009ec   0x00000054   Code   RO          179    i.GasStove_DisSettingEndTime  gasstove_service.o
    0x08000a40   0x08000a40   0x00000014   Code   RO          180    i.GasStove_DisSettingRTC  gasstove_service.o
    0x08000a54   0x08000a54   0x00000054   Code   RO          181    i.GasStove_DisSettingStartTime  gasstove_service.o
    0x08000aa8   0x08000aa8   0x0000013c   Code   RO          184    i.GasStove_ExtEnsure  gasstove_service.o
    0x08000be4   0x08000be4   0x0000001a   Code   RO         2887    i.GasStove_Flameout  cooker_extafn.o
    0x08000bfe   0x08000bfe   0x00000002   PAD
    0x08000c00   0x08000c00   0x000000a0   Code   RO          191    i.GasStove_Init     gasstove_service.o
    0x08000ca0   0x08000ca0   0x0000003c   Code   RO          192    i.GasStove_TimingIRQHandler  gasstove_service.o
    0x08000cdc   0x08000cdc   0x00000012   Code   RO         3176    i.HT1621_Delay      platform_ht1621.o
    0x08000cee   0x08000cee   0x00000002   PAD
    0x08000cf0   0x08000cf0   0x00000060   Code   RO         3177    i.HT1621_GPIOInit   platform_ht1621.o
    0x08000d50   0x08000d50   0x00000050   Code   RO         3178    i.HT1621_Init       platform_ht1621.o
    0x08000da0   0x08000da0   0x0000007c   Code   RO         2804    i.HT1621_SignService  ht1621.o
    0x08000e1c   0x08000e1c   0x000000ba   Code   RO         3179    i.HT1621_WriteCmd   platform_ht1621.o
    0x08000ed6   0x08000ed6   0x00000132   Code   RO         3180    i.HT1621_WriteData  platform_ht1621.o
    0x08001008   0x08001008   0x0000004c   Code   RO         2680    i.InitSX1212        sx1212.o
    0x08001054   0x08001054   0x0000002c   Code   RO         2764    i.KeyBoard_FunReg   keyboard.o
    0x08001080   0x08001080   0x00000078   Code   RO         2766    i.KeyBoard_Init     keyboard.o
    0x080010f8   0x080010f8   0x00000024   Code   RO         2805    i.LED_SEGBlinkSet   ht1621.o
    0x0800111c   0x0800111c   0x00000124   Code   RO         2806    i.LED_SEG_Service   ht1621.o
    0x08001240   0x08001240   0x00000010   Code   RO         2807    i.LED_SEG_Update    ht1621.o
    0x08001250   0x08001250   0x0000003c   Code   RO         3221    i.LeapYear          utilities.o
    0x0800128c   0x0800128c   0x0000012c   Code   RO         2808    i.Led_Display       ht1621.o
    0x080013b8   0x080013b8   0x00000010   Code   RO         2809    i.Led_DisplayOff    ht1621.o
    0x080013c8   0x080013c8   0x00000010   Code   RO         2810    i.Led_DisplayOn     ht1621.o
    0x080013d8   0x080013d8   0x00000244   Code   RO         2811    i.Led_DisplayService  ht1621.o
    0x0800161c   0x0800161c   0x00000078   Code   RO          487    i.NVIC_SetPriority  stm32fxxx_misc.o
    0x08001694   0x08001694   0x00000028   Code   RO         1139    i.PWR_BackupAccessCmd  stm32f0xx_pwr.o
    0x080016bc   0x080016bc   0x00000020   Code   RO         1214    i.RCC_AHBPeriphClockCmd  stm32f0xx_rcc.o
    0x080016dc   0x080016dc   0x00000020   Code   RO         1216    i.RCC_APB1PeriphClockCmd  stm32f0xx_rcc.o
    0x080016fc   0x080016fc   0x00000048   Code   RO         1229    i.RCC_GetFlagStatus  stm32f0xx_rcc.o
    0x08001744   0x08001744   0x00000028   Code   RO         1240    i.RCC_LSEConfig     stm32f0xx_rcc.o
    0x0800176c   0x0800176c   0x00000028   Code   RO         1248    i.RCC_RTCCLKCmd     stm32f0xx_rcc.o
    0x08001794   0x08001794   0x00000010   Code   RO         1249    i.RCC_RTCCLKConfig  stm32f0xx_rcc.o
    0x080017a4   0x080017a4   0x0000001a   Code   RO         1478    i.RTC_Bcd2ToByte    stm32f0xx_rtc.o
    0x080017be   0x080017be   0x0000001c   Code   RO         1480    i.RTC_ByteToBcd2    stm32f0xx_rtc.o
    0x080017da   0x080017da   0x00000002   PAD
    0x080017dc   0x080017dc   0x00000020   Code   RO         1483    i.RTC_ClearFlag     stm32f0xx_rtc.o
    0x080017fc   0x080017fc   0x00000058   Code   RO         1488    i.RTC_EnterInitMode  stm32f0xx_rtc.o
    0x08001854   0x08001854   0x00000014   Code   RO         1489    i.RTC_ExitInitMode  stm32f0xx_rtc.o
    0x08001868   0x08001868   0x00000060   Code   RO         1492    i.RTC_GetDate       stm32f0xx_rtc.o
    0x080018c8   0x080018c8   0x0000005c   Code   RO         1497    i.RTC_GetTime       stm32f0xx_rtc.o
    0x08001924   0x08001924   0x00000058   Code   RO         1502    i.RTC_Init          stm32f0xx_rtc.o
    0x0800197c   0x0800197c   0x00000020   Code   RO         1505    i.RTC_ReadBackupRegister  stm32f0xx_rtc.o
    0x0800199c   0x0800199c   0x000000d0   Code   RO         1508    i.RTC_SetDate       stm32f0xx_rtc.o
    0x08001a6c   0x08001a6c   0x000000d8   Code   RO         1509    i.RTC_SetTime       stm32f0xx_rtc.o
    0x08001b44   0x08001b44   0x0000006c   Code   RO         1523    i.RTC_WaitForSynchro  stm32f0xx_rtc.o
    0x08001bb0   0x08001bb0   0x0000001c   Code   RO         1526    i.RTC_WriteBackupRegister  stm32f0xx_rtc.o
    0x08001bcc   0x08001bcc   0x00000070   Code   RO          615    i.STM32Fxx_FlashPageWrite  stm32fxx_flash.o
    0x08001c3c   0x08001c3c   0x00000050   Code   RO          488    i.STM32Fxxx_CountDelayus  stm32fxxx_misc.o
    0x08001c8c   0x08001c8c   0x00000042   Code   RO          616    i.STM32Fxxx_FlashErase  stm32fxx_flash.o
    0x08001cce   0x08001cce   0x00000030   Code   RO          618    i.STM32Fxxx_FlashRead  stm32fxx_flash.o
    0x08001cfe   0x08001cfe   0x0000005e   Code   RO          619    i.STM32Fxxx_FlashWrite  stm32fxx_flash.o
    0x08001d5c   0x08001d5c   0x00000054   Code   RO          489    i.STM32Fxxx_GetEtag  stm32fxxx_misc.o
    0x08001db0   0x08001db0   0x00000084   Code   RO          582    i.STM32Fxxx_RTCInit  stm32fxxx_rtc.o
    0x08001e34   0x08001e34   0x00000048   Code   RO          376    i.STM32Fxxx_Serail_EventISR_Handler  stm32fxxx_serial.o
    0x08001e7c   0x08001e7c   0x0000000c   Code   RO         3003    i.SX1212_DelayMs    platform_sx1212.o
    0x08001e88   0x08001e88   0x0000000c   Code   RO         3004    i.SX1212_Delayus    platform_sx1212.o
    0x08001e94   0x08001e94   0x0000006c   Code   RO         3005    i.SX1212_DevInit    platform_sx1212.o
    0x08001f00   0x08001f00   0x00000018   Code   RO         3007    i.SX1212_IRQ1Get    platform_sx1212.o
    0x08001f18   0x08001f18   0x0000001c   Code   RO         3008    i.SX1212_MISOGet    platform_sx1212.o
    0x08001f34   0x08001f34   0x00000020   Code   RO         3009    i.SX1212_MOSISet    platform_sx1212.o
    0x08001f54   0x08001f54   0x00000020   Code   RO         3010    i.SX1212_NSSCfgSet  platform_sx1212.o
    0x08001f74   0x08001f74   0x00000020   Code   RO         3011    i.SX1212_NSSDataSet  platform_sx1212.o
    0x08001f94   0x08001f94   0x00000020   Code   RO         3012    i.SX1212_SCKSet     platform_sx1212.o
    0x08001fb4   0x08001fb4   0x0000005a   Code   RO         2682    i.SendRfFrame       sx1212.o
    0x0800200e   0x0800200e   0x00000002   PAD
    0x08002010   0x08002010   0x000001e4   Code   RO         2683    i.SetRFMode         sx1212.o
    0x080021f4   0x080021f4   0x000000d8   Code   RO           12    i.SetSysClock       system_stm32f0xx.o
    0x080022cc   0x080022cc   0x00000078   Code   RO          193    i.SettingEndTime_Ensure  gasstove_service.o
    0x08002344   0x08002344   0x00000044   Code   RO          194    i.SettingRTC_AddHour  gasstove_service.o
    0x08002388   0x08002388   0x00000024   Code   RO          195    i.SettingRTC_AddMinute  gasstove_service.o
    0x080023ac   0x080023ac   0x00000024   Code   RO          196    i.SettingRTC_AddTenMinute  gasstove_service.o
    0x080023d0   0x080023d0   0x00000080   Code   RO          197    i.SettingRTC_Ensure  gasstove_service.o
    0x08002450   0x08002450   0x00000078   Code   RO          198    i.SettingStartTime_Ensure  gasstove_service.o
    0x080024c8   0x080024c8   0x00000028   Code   RO          199    i.SettingStartTime_Hour  gasstove_service.o
    0x080024f0   0x080024f0   0x00000028   Code   RO          200    i.SettingStartTime_Minute  gasstove_service.o
    0x08002518   0x08002518   0x00000028   Code   RO          201    i.SettingStartTime_TenMinute  gasstove_service.o
    0x08002540   0x08002540   0x00000040   Code   RO          202    i.SettingTiming_Cancle  gasstove_service.o
    0x08002580   0x08002580   0x0000008c   Code   RO          203    i.SettingTiming_Ensure  gasstove_service.o
    0x0800260c   0x0800260c   0x00000064   Code   RO          204    i.SettingTiming_Hour  gasstove_service.o
    0x08002670   0x08002670   0x00000064   Code   RO          205    i.SettingTiming_Minute  gasstove_service.o
    0x080026d4   0x080026d4   0x00000064   Code   RO          206    i.SettingTiming_TenMinute  gasstove_service.o
    0x08002738   0x08002738   0x0000002c   Code   RO          207    i.Setting_SysIdMatch  gasstove_service.o
    0x08002764   0x08002764   0x00000014   Code   RO          208    i.Setting_SysIdMatchEnsure  gasstove_service.o
    0x08002778   0x08002778   0x00000048   Code   RO          209    i.Setting_SysIdMatchStart  gasstove_service.o
    0x080027c0   0x080027c0   0x00000046   Code   RO         2684    i.SpiInOut          sx1212.o
    0x08002806   0x08002806   0x00000002   PAD
    0x08002808   0x08002808   0x0000000c   Code   RO          493    i.SysTick_FunReg    stm32fxxx_misc.o
    0x08002814   0x08002814   0x00000044   Code   RO          494    i.SysTick_HandleInit  stm32fxxx_misc.o
    0x08002858   0x08002858   0x00000024   Code   RO          495    i.SysTick_Handler   stm32fxxx_misc.o
    0x0800287c   0x0800287c   0x0000007c   Code   RO           14    i.SystemInit        system_stm32f0xx.o
    0x080028f8   0x080028f8   0x0000000a   Code   RO          382    i.USART1_IRQHandler  stm32fxxx_serial.o
    0x08002902   0x08002902   0x0000000a   Code   RO          383    i.USART2_IRQHandler  stm32fxxx_serial.o
    0x0800290c   0x0800290c   0x00000012   Code   RO         2377    i.USART_ClearITPendingBit  stm32f0xx_usart.o
    0x0800291e   0x0800291e   0x00000014   Code   RO         2388    i.USART_GetFlagStatus  stm32f0xx_usart.o
    0x08002932   0x08002932   0x0000000a   Code   RO         2404    i.USART_ReceiveData  stm32f0xx_usart.o
    0x0800293c   0x0800293c   0x00000040   Code   RO         2685    i._SpiConfig        sx1212.o
    0x0800297c   0x0800297c   0x0000001c   Code   RO          567    i.__ARM_common_switch8  stm32fxxx_misc.o
    0x08002998   0x08002998   0x0000000e   Code   RO         3449    i.__scatterload_copy  mc_p.l(handlers.o)
    0x080029a6   0x080029a6   0x00000002   Code   RO         3450    i.__scatterload_null  mc_p.l(handlers.o)
    0x080029a8   0x080029a8   0x0000000e   Code   RO         3451    i.__scatterload_zeroinit  mc_p.l(handlers.o)
    0x080029b6   0x080029b6   0x00000024   Code   RO         3225    i.cmp_buf           utilities.o
    0x080029da   0x080029da   0x00000002   PAD
    0x080029dc   0x080029dc   0x0000001c   Code   RO         3363    i.crc16_ccitt_byte  crc.o
    0x080029f8   0x080029f8   0x0000007a   Code   RO         3286    i.crc32_ethernet_block  crc32ethernetstm32.o
    0x08002a72   0x08002a72   0x00000010   Code   RO         2858    i.get_rtc           rtc.o
    0x08002a82   0x08002a82   0x00000076   Code   RO          103    i.main              app.o
    0x08002af8   0x08002af8   0x00000008   Code   RO         2859    i.rtc_init          rtc.o
    0x08002b00   0x08002b00   0x0000001c   Code   RO         2860    i.set_rtc           rtc.o
    0x08002b1c   0x08002b1c   0x00000010   Data   RO          496    .constdata          stm32fxxx_misc.o
    0x08002b2c   0x08002b2c   0x00000028   Data   RO         2687    .constdata          sx1212.o
    0x08002b54   0x08002b54   0x00000030   Data   RO         2812    .constdata          ht1621.o
    0x08002b84   0x08002b84   0x00000038   Data   RO         3013    .constdata          platform_sx1212.o
    0x08002bbc   0x08002bbc   0x00000210   Data   RO         3365    .constdata          crc.o
    0x08002dcc   0x08002dcc   0x00000020   Data   RO         3447    Region$$Table       anon$$obj.o


    Execution Region RW_IRAM1 (Exec base: 0x20000000, Load base: 0x08002dec, Size: 0x00000540, Max: 0x00002000, ABSOLUTE)

    Exec Addr    Load Addr    Size         Type   Attr      Idx    E Section Name        Object

    0x20000000   0x08002dec   0x00000014   Data   RW           15    .data               system_stm32f0xx.o
    0x20000014   0x08002e00   0x00000064   Data   RW          211    .data               gasstove_service.o
    0x20000078   0x08002e64   0x00000010   Data   RW          387    .data               stm32fxxx_serial.o
    0x20000088   0x08002e74   0x00000008   Data   RW          497    .data               stm32fxxx_misc.o
    0x20000090   0x08002e7c   0x00000002   Data   RW          620    .data               stm32fxx_flash.o
    0x20000092   0x08002e7e   0x00000002   Data   RW         2688    .data               sx1212.o
    0x20000094   0x08002e80   0x00000044   Data   RW         2813    .data               ht1621.o
    0x200000d8   0x08002ec4   0x00000008   Data   RW         2888    .data               cooker_extafn.o
    0x200000e0   0x08002ecc   0x00000009   Data   RW         3136    .data               platform_extpin.o
    0x200000e9   0x08002ed5   0x00000003   PAD
    0x200000ec        -       0x00000010   Zero   RW          385    .bss                stm32fxxx_serial.o
    0x200000fc        -       0x0000002b   Zero   RW         2686    .bss                sx1212.o
    0x20000127   0x08002ed5   0x00000001   PAD
    0x20000128        -       0x00000014   Zero   RW         2768    .bss                keyboard.o
    0x2000013c   0x08002ed5   0x00000004   PAD
    0x20000140        -       0x00000400   Zero   RW            1    STACK               startup_stm32f051.o


==============================================================================

Image component sizes


      Code (inc. data)   RO Data    RW Data    ZI Data      Debug   Object Name

       118          0          0          0          0       5799   app.o
        16          0          0          0          0        485   chordtone.o
        58          4          0          8          0       1388   cooker_extafn.o
       258          8          0          0          0       2999   cooker_parse.o
        28          6        528          0          0       1207   crc.o
       122          0          0          0          0       1303   crc32ethernetstm32.o
      2404        418          0        100          0      16302   gasstove_service.o
      1380        110         48         68          0       6345   ht1621.o
       164         24          0          0         20       2118   keyboard.o
       128         16          0          0          0       1489   platform_chordtone.o
       150         14          0          9          0       1782   platform_extpin.o
       686          4          0          0          0       4455   platform_ht1621.o
       312         20         56          0          0       5369   platform_sx1212.o
        52          0          0          0          0       1951   rtc.o
        28          8        192          0       1024        772   startup_stm32f051.o
        72         16          0          0          0       2259   stm32f0xx_crc.o
       352         38          0          0          0       4799   stm32f0xx_flash.o
       240          0          0          0          0       3843   stm32f0xx_gpio.o
        40          4          0          0          0        578   stm32f0xx_pwr.o
       232         26          0          0          0       3692   stm32f0xx_rcc.o
      1062         70          0          0          0       9782   stm32f0xx_rtc.o
        48          0          0          0          0       2748   stm32f0xx_usart.o
       320          4          0          2          0       3998   stm32fxx_flash.o
       496         72         16          8          0      11698   stm32fxxx_misc.o
       262          4          0          0          0       2274   stm32fxxx_rtc.o
        92         12          0         16         16       4416   stm32fxxx_serial.o
       860         18         40          2         43      11515   sx1212.o
       340         24          0         20          0     182845   system_stm32f0xx.o
       266         16          0          0          0       2673   utilities.o

    ----------------------------------------------------------------------
     10602        936        912        236       1108     300884   Object Totals
         0          0         32          0          0          0   (incl. Generated)
        16          0          0          3          5          0   (incl. Padding)

    ----------------------------------------------------------------------

      Code (inc. data)   RO Data    RW Data    ZI Data      Debug   Library Member Name

         0          0          0          0          0          0   entry.o
         0          0          0          0          0          0   entry10a.o
         0          0          0          0          0          0   entry11a.o
         8          4          0          0          0          0   entry2.o
         4          0          0          0          0          0   entry5.o
         0          0          0          0          0          0   entry7b.o
         0          0          0          0          0          0   entry8b.o
         8          4          0          0          0          0   entry9a.o
        30          0          0          0          0          0   handlers.o
        40          0          0          0          0         72   idiv.o
        36          8          0          0          0         68   init.o
        36          0          0          0          0         60   memcpya.o
        36          0          0          0          0        100   memseta.o
        44          0          0          0          0         72   uidiv.o

    ----------------------------------------------------------------------
       242         16          0          0          0        372   Library Totals
         0          0          0          0          0          0   (incl. Padding)

    ----------------------------------------------------------------------

      Code (inc. data)   RO Data    RW Data    ZI Data      Debug   Library Name

       242         16          0          0          0        372   mc_p.l

    ----------------------------------------------------------------------
       242         16          0          0          0        372   Library Totals

    ----------------------------------------------------------------------

==============================================================================


      Code (inc. data)   RO Data    RW Data    ZI Data      Debug   

     10844        952        912        236       1108     295468   Grand Totals
     10844        952        912        236       1108     295468   ELF Image Totals
     10844        952        912        236          0          0   ROM Totals

==============================================================================

    Total RO  Size (Code + RO Data)                11756 (  11.48kB)
    Total RW  Size (RW Data + ZI Data)              1344 (   1.31kB)
    Total ROM Size (Code + RO Data + RW Data)      11992 (  11.71kB)

==============================================================================

